Archive member included to satisfy reference by file (symbol)

/Applications/STM32CubeIDE.app/Contents/Eclipse/plugins/com.st.stm32cube.ide.mcu.externaltools.gnu-tools-for-stm32.11.3.rel1.macos64_1.1.100.202310310803/tools/bin/../lib/gcc/arm-none-eabi/11.3.1/../../../../arm-none-eabi/lib/thumb/v7e-m+fp/hard/libc_nano.a(libc_a-exit.o)
                              /Applications/STM32CubeIDE.app/Contents/Eclipse/plugins/com.st.stm32cube.ide.mcu.externaltools.gnu-tools-for-stm32.11.3.rel1.macos64_1.1.100.202310310803/tools/bin/../lib/gcc/arm-none-eabi/11.3.1/../../../../arm-none-eabi/lib/thumb/v7e-m+fp/hard/crt0.o (exit)
/Applications/STM32CubeIDE.app/Contents/Eclipse/plugins/com.st.stm32cube.ide.mcu.externaltools.gnu-tools-for-stm32.11.3.rel1.macos64_1.1.100.202310310803/tools/bin/../lib/gcc/arm-none-eabi/11.3.1/../../../../arm-none-eabi/lib/thumb/v7e-m+fp/hard/libc_nano.a(libc_a-findfp.o)
                              /Applications/STM32CubeIDE.app/Contents/Eclipse/plugins/com.st.stm32cube.ide.mcu.externaltools.gnu-tools-for-stm32.11.3.rel1.macos64_1.1.100.202310310803/tools/bin/../lib/gcc/arm-none-eabi/11.3.1/../../../../arm-none-eabi/lib/thumb/v7e-m+fp/hard/libc_nano.a(libc_a-exit.o) (__stdio_exit_handler)
/Applications/STM32CubeIDE.app/Contents/Eclipse/plugins/com.st.stm32cube.ide.mcu.externaltools.gnu-tools-for-stm32.11.3.rel1.macos64_1.1.100.202310310803/tools/bin/../lib/gcc/arm-none-eabi/11.3.1/../../../../arm-none-eabi/lib/thumb/v7e-m+fp/hard/libc_nano.a(libc_a-fwalk.o)
                              /Applications/STM32CubeIDE.app/Contents/Eclipse/plugins/com.st.stm32cube.ide.mcu.externaltools.gnu-tools-for-stm32.11.3.rel1.macos64_1.1.100.202310310803/tools/bin/../lib/gcc/arm-none-eabi/11.3.1/../../../../arm-none-eabi/lib/thumb/v7e-m+fp/hard/libc_nano.a(libc_a-findfp.o) (_fwalk_sglue)
/Applications/STM32CubeIDE.app/Contents/Eclipse/plugins/com.st.stm32cube.ide.mcu.externaltools.gnu-tools-for-stm32.11.3.rel1.macos64_1.1.100.202310310803/tools/bin/../lib/gcc/arm-none-eabi/11.3.1/../../../../arm-none-eabi/lib/thumb/v7e-m+fp/hard/libc_nano.a(libc_a-memset.o)
                              /Applications/STM32CubeIDE.app/Contents/Eclipse/plugins/com.st.stm32cube.ide.mcu.externaltools.gnu-tools-for-stm32.11.3.rel1.macos64_1.1.100.202310310803/tools/bin/../lib/gcc/arm-none-eabi/11.3.1/../../../../arm-none-eabi/lib/thumb/v7e-m+fp/hard/crt0.o (memset)
/Applications/STM32CubeIDE.app/Contents/Eclipse/plugins/com.st.stm32cube.ide.mcu.externaltools.gnu-tools-for-stm32.11.3.rel1.macos64_1.1.100.202310310803/tools/bin/../lib/gcc/arm-none-eabi/11.3.1/../../../../arm-none-eabi/lib/thumb/v7e-m+fp/hard/libc_nano.a(libc_a-impure.o)
                              /Applications/STM32CubeIDE.app/Contents/Eclipse/plugins/com.st.stm32cube.ide.mcu.externaltools.gnu-tools-for-stm32.11.3.rel1.macos64_1.1.100.202310310803/tools/bin/../lib/gcc/arm-none-eabi/11.3.1/../../../../arm-none-eabi/lib/thumb/v7e-m+fp/hard/libc_nano.a(libc_a-findfp.o) (_impure_data)
/Applications/STM32CubeIDE.app/Contents/Eclipse/plugins/com.st.stm32cube.ide.mcu.externaltools.gnu-tools-for-stm32.11.3.rel1.macos64_1.1.100.202310310803/tools/bin/../lib/gcc/arm-none-eabi/11.3.1/../../../../arm-none-eabi/lib/thumb/v7e-m+fp/hard/libc_nano.a(libc_a-errno.o)
                              ./Src/Bsp/syscalls.o (__errno)
/Applications/STM32CubeIDE.app/Contents/Eclipse/plugins/com.st.stm32cube.ide.mcu.externaltools.gnu-tools-for-stm32.11.3.rel1.macos64_1.1.100.202310310803/tools/bin/../lib/gcc/arm-none-eabi/11.3.1/../../../../arm-none-eabi/lib/thumb/v7e-m+fp/hard/libc_nano.a(libc_a-init.o)
                              /Applications/STM32CubeIDE.app/Contents/Eclipse/plugins/com.st.stm32cube.ide.mcu.externaltools.gnu-tools-for-stm32.11.3.rel1.macos64_1.1.100.202310310803/tools/bin/../lib/gcc/arm-none-eabi/11.3.1/../../../../arm-none-eabi/lib/thumb/v7e-m+fp/hard/crt0.o (__libc_init_array)
/Applications/STM32CubeIDE.app/Contents/Eclipse/plugins/com.st.stm32cube.ide.mcu.externaltools.gnu-tools-for-stm32.11.3.rel1.macos64_1.1.100.202310310803/tools/bin/../lib/gcc/arm-none-eabi/11.3.1/../../../../arm-none-eabi/lib/thumb/v7e-m+fp/hard/libc_nano.a(libc_a-lock.o)
                              /Applications/STM32CubeIDE.app/Contents/Eclipse/plugins/com.st.stm32cube.ide.mcu.externaltools.gnu-tools-for-stm32.11.3.rel1.macos64_1.1.100.202310310803/tools/bin/../lib/gcc/arm-none-eabi/11.3.1/../../../../arm-none-eabi/lib/thumb/v7e-m+fp/hard/libc_nano.a(libc_a-findfp.o) (__retarget_lock_init_recursive)
/Applications/STM32CubeIDE.app/Contents/Eclipse/plugins/com.st.stm32cube.ide.mcu.externaltools.gnu-tools-for-stm32.11.3.rel1.macos64_1.1.100.202310310803/tools/bin/../lib/gcc/arm-none-eabi/11.3.1/../../../../arm-none-eabi/lib/thumb/v7e-m+fp/hard/libc_nano.a(libc_a-mallocr.o)
[...]
Memory Configuration

Name             Origin             Length             Attributes
RAM              0x0000000020000000 0x0000000000018000 xrw
FLASH            0x0000000008000000 0x0000000000080000 xr
*default*        0x0000000000000000 0xffffffffffffffff

Linker script and memory map

LOAD /Applications/STM32CubeIDE.app/Contents/Eclipse/plugins/com.st.stm32cube.ide.mcu.externaltools.gnu-tools-for-stm32.11.3.rel1.macos64_1.1.100.202310310803/tools/bin/../lib/gcc/arm-none-eabi/11.3.1/thumb/v7e-m+fp/hard/crti.o
LOAD /Applications/STM32CubeIDE.app/Contents/Eclipse/plugins/com.st.stm32cube.ide.mcu.externaltools.gnu-tools-for-stm32.11.3.rel1.macos64_1.1.100.202310310803/tools/bin/../lib/gcc/arm-none-eabi/11.3.1/thumb/v7e-m+fp/hard/crtbegin.o
LOAD /Applications/STM32CubeIDE.app/Contents/Eclipse/plugins/com.st.stm32cube.ide.mcu.externaltools.gnu-tools-for-stm32.11.3.rel1.macos64_1.1.100.202310310803/tools/bin/../lib/gcc/arm-none-eabi/11.3.1/../../../../arm-none-eabi/lib/thumb/v7e-m+fp/hard/crt0.o
LOAD ./Src/App/ap.o
LOAD ./Src/Bsp/bsp.o
LOAD ./Src/Bsp/stm32f4xx_hal_msp.o
LOAD ./Src/Bsp/stm32f4xx_it.o
LOAD ./Src/Bsp/syscalls.o
LOAD ./Src/Bsp/sysmem.o
LOAD ./Src/Bsp/system_stm32f4xx.o
LOAD ./Src/Bsp/startup/startup_stm32f401retx.o
LOAD ./Src/Hw/hw.o
LOAD ./Src/Lib/mx_ret6/Drivers/STM32F4xx_HAL_Driver/Src/stm32f4xx_hal.o
LOAD ./Src/Lib/mx_ret6/Drivers/STM32F4xx_HAL_Driver/Src/stm32f4xx_hal_cortex.o
LOAD ./Src/Lib/mx_ret6/Drivers/STM32F4xx_HAL_Driver/Src/stm32f4xx_hal_dma.o
LOAD ./Src/Lib/mx_ret6/Drivers/STM32F4xx_HAL_Driver/Src/stm32f4xx_hal_dma_ex.o
LOAD ./Src/Lib/mx_ret6/Drivers/STM32F4xx_HAL_Driver/Src/stm32f4xx_hal_exti.o
LOAD ./Src/Lib/mx_ret6/Drivers/STM32F4xx_HAL_Driver/Src/stm32f4xx_hal_flash.o
LOAD ./Src/Lib/mx_ret6/Drivers/STM32F4xx_HAL_Driver/Src/stm32f4xx_hal_flash_ex.o
LOAD ./Src/Lib/mx_ret6/Drivers/STM32F4xx_HAL_Driver/Src/stm32f4xx_hal_flash_ramfunc.o
LOAD ./Src/Lib/mx_ret6/Drivers/STM32F4xx_HAL_Driver/Src/stm32f4xx_hal_gpio.o
LOAD ./Src/Lib/mx_ret6/Drivers/STM32F4xx_HAL_Driver/Src/stm32f4xx_hal_pcd.o
LOAD ./Src/Lib/mx_ret6/Drivers/STM32F4xx_HAL_Driver/Src/stm32f4xx_hal_pcd_ex.o
LOAD ./Src/Lib/mx_ret6/Drivers/STM32F4xx_HAL_Driver/Src/stm32f4xx_hal_pwr.o
LOAD ./Src/Lib/mx_ret6/Drivers/STM32F4xx_HAL_Driver/Src/stm32f4xx_hal_pwr_ex.o
LOAD ./Src/Lib/mx_ret6/Drivers/STM32F4xx_HAL_Driver/Src/stm32f4xx_hal_rcc.o
LOAD ./Src/Lib/mx_ret6/Drivers/STM32F4xx_HAL_Driver/Src/stm32f4xx_hal_rcc_ex.o
LOAD ./Src/Lib/mx_ret6/Drivers/STM32F4xx_HAL_Driver/Src/stm32f4xx_hal_tim.o
LOAD ./Src/Lib/mx_ret6/Drivers/STM32F4xx_HAL_Driver/Src/stm32f4xx_hal_tim_ex.o
LOAD ./Src/Lib/mx_ret6/Drivers/STM32F4xx_HAL_Driver/Src/stm32f4xx_ll_usb.o
LOAD ./Src/Lib/mx_ret6/Middlewares/ST/STM32_USB_Device_Library/Class/CDC/Src/usbd_cdc.o
LOAD ./Src/Lib/mx_ret6/Middlewares/ST/STM32_USB_Device_Library/Core/Src/usbd_core.o
LOAD ./Src/Lib/mx_ret6/Middlewares/ST/STM32_USB_Device_Library/Core/Src/usbd_ctlreq.o
LOAD ./Src/Lib/mx_ret6/Middlewares/ST/STM32_USB_Device_Library/Core/Src/usbd_ioreq.o
LOAD ./Src/Lib/mx_ret6/USB_DEVICE/App/usb_device.o
LOAD ./Src/Lib/mx_ret6/USB_DEVICE/App/usbd_cdc_if.o
LOAD ./Src/Lib/mx_ret6/USB_DEVICE/App/usbd_desc.o
LOAD ./Src/Lib/mx_ret6/USB_DEVICE/Target/usbd_conf.o
LOAD ./Src/main.o
START GROUP
LOAD /Applications/STM32CubeIDE.app/Contents/Eclipse/plugins/com.st.stm32cube.ide.mcu.externaltools.gnu-tools-for-stm32.11.3.rel1.macos64_1.1.100.202310310803/tools/bin/../lib/gcc/arm-none-eabi/11.3.1/../../../../arm-none-eabi/lib/thumb/v7e-m+fp/hard/libc_nano.a
LOAD /Applications/STM32CubeIDE.app/Contents/Eclipse/plugins/com.st.stm32cube.ide.mcu.externaltools.gnu-tools-for-stm32.11.3.rel1.macos64_1.1.100.202310310803/tools/bin/../lib/gcc/arm-none-eabi/11.3.1/../../../../arm-none-eabi/lib/thumb/v7e-m+fp/hard/libm.a
END GROUP
START GROUP
LOAD /Applications/STM32CubeIDE.app/Contents/Eclipse/plugins/com.st.stm32cube.ide.mcu.externaltools.gnu-tools-for-stm32.11.3.rel1.macos64_1.1.100.202310310803/tools/bin/../lib/gcc/arm-none-eabi/11.3.1/thumb/v7e-m+fp/hard/libgcc.a
LOAD /Applications/STM32CubeIDE.app/Contents/Eclipse/plugins/com.st.stm32cube.ide.mcu.externaltools.gnu-tools-for-stm32.11.3.rel1.macos64_1.1.100.202310310803/tools/bin/../lib/gcc/arm-none-eabi/11.3.1/../../../../arm-none-eabi/lib/thumb/v7e-m+fp/hard/libc_nano.a
END GROUP
START GROUP
LOAD /Applications/STM32CubeIDE.app/Contents/Eclipse/plugins/com.st.stm32cube.ide.mcu.externaltools.gnu-tools-for-stm32.11.3.rel1.macos64_1.1.100.202310310803/tools/bin/../lib/gcc/arm-none-eabi/11.3.1/thumb/v7e-m+fp/hard/libgcc.a
LOAD /Applications/STM32CubeIDE.app/Contents/Eclipse/plugins/com.st.stm32cube.ide.mcu.externaltools.gnu-tools-for-stm32.11.3.rel1.macos64_1.1.100.202310310803/tools/bin/../lib/gcc/arm-none-eabi/11.3.1/../../../../arm-none-eabi/lib/thumb/v7e-m+fp/hard/libc_nano.a
LOAD /Applications/STM32CubeIDE.app/Contents/Eclipse/plugins/com.st.stm32cube.ide.mcu.externaltools.gnu-tools-for-stm32.11.3.rel1.macos64_1.1.100.202310310803/tools/bin/../lib/gcc/arm-none-eabi/11.3.1/../../../../arm-none-eabi/lib/thumb/v7e-m+fp/hard/libnosys.a
END GROUP
START GROUP
LOAD /Applications/STM32CubeIDE.app/Contents/Eclipse/plugins/com.st.stm32cube.ide.mcu.externaltools.gnu-tools-for-stm32.11.3.rel1.macos64_1.1.100.202310310803/tools/bin/../lib/gcc/arm-none-eabi/11.3.1/thumb/v7e-m+fp/hard/libgcc.a
LOAD /Applications/STM32CubeIDE.app/Contents/Eclipse/plugins/com.st.stm32cube.ide.mcu.externaltools.gnu-tools-for-stm32.11.3.rel1.macos64_1.1.100.202310310803/tools/bin/../lib/gcc/arm-none-eabi/11.3.1/../../../../arm-none-eabi/lib/thumb/v7e-m+fp/hard/libc_nano.a
LOAD /Applications/STM32CubeIDE.app/Contents/Eclipse/plugins/com.st.stm32cube.ide.mcu.externaltools.gnu-tools-for-stm32.11.3.rel1.macos64_1.1.100.202310310803/tools/bin/../lib/gcc/arm-none-eabi/11.3.1/../../../../arm-none-eabi/lib/thumb/v7e-m+fp/hard/libnosys.a
END GROUP
LOAD /Applications/STM32CubeIDE.app/Contents/Eclipse/plugins/com.st.stm32cube.ide.mcu.externaltools.gnu-tools-for-stm32.11.3.rel1.macos64_1.1.100.202310310803/tools/bin/../lib/gcc/arm-none-eabi/11.3.1/thumb/v7e-m+fp/hard/crtend.o
LOAD /Applications/STM32CubeIDE.app/Contents/Eclipse/plugins/com.st.stm32cube.ide.mcu.externaltools.gnu-tools-for-stm32.11.3.rel1.macos64_1.1.100.202310310803/tools/bin/../lib/gcc/arm-none-eabi/11.3.1/thumb/v7e-m+fp/hard/crtn.o
                0x0000000020018000                _estack = (ORIGIN (RAM) + LENGTH (RAM))
                0x0000000000000200                _Min_Heap_Size = 0x200
                0x0000000000000400                _Min_Stack_Size = 0x400

.isr_vector     0x0000000008000000      0x194
                0x0000000008000000                . = ALIGN (0x4)
 *(.isr_vector)
 .isr_vector    0x0000000008000000      0x194 ./Src/Bsp/startup/startup_stm32f401retx.o
                0x0000000008000000                g_pfnVectors
                0x0000000008000194                . = ALIGN (0x4)

.text           0x0000000008000194     0x6ac8
                0x0000000008000194                . = ALIGN (0x4)
 *(.text)
 .text          0x0000000008000194       0x40 /Applications/STM32CubeIDE.app/Contents/Eclipse/plugins/com.st.stm32cube.ide.mcu.externaltools.gnu-tools-for-stm32.11.3.rel1.macos64_1.1.100.202310310803/tools/bin/../lib/gcc/arm-none-eabi/11.3.1/thumb/v7e-m+fp/hard/crtbegin.o
 .text          0x00000000080001d4       0x30 /Applications/STM32CubeIDE.app/Contents/Eclipse/plugins/com.st.stm32cube.ide.mcu.externaltools.gnu-tools-for-stm32.11.3.rel1.macos64_1.1.100.202310310803/tools/bin/../lib/gcc/arm-none-eabi/11.3.1/thumb/v7e-m+fp/hard/libgcc.a(_aeabi_uldivmod.o)
                0x00000000080001d4                __aeabi_uldivmod
 .text          0x0000000008000204      0x2c8 /Applications/STM32CubeIDE.app/Contents/Eclipse/plugins/com.st.stm32cube.ide.mcu.externaltools.gnu-tools-for-stm32.11.3.rel1.macos64_1.1.100.202310310803/tools/bin/../lib/gcc/arm-none-eabi/11.3.1/thumb/v7e-m+fp/hard/libgcc.a(_udivmoddi4.o)
                0x0000000008000204                __udivmoddi4
 .text          0x00000000080004cc        0x4 /Applications/STM32CubeIDE.app/Contents/Eclipse/plugins/com.st.stm32cube.ide.mcu.externaltools.gnu-tools-for-stm32.11.3.rel1.macos64_1.1.100.202310310803/tools/bin/../lib/gcc/arm-none-eabi/11.3.1/thumb/v7e-m+fp/hard/libgcc.a(_dvmd_tls.o)
                0x00000000080004cc                __aeabi_ldiv0
                0x00000000080004cc                __aeabi_idiv0
 *(.text*)
 .text.apInit   0x00000000080004d0        0xe ./Src/App/ap.o
                0x00000000080004d0                apInit
 *fill*         0x00000000080004de        0x2 
 .text.apMain   0x00000000080004e0       0x24 ./Src/App/ap.o
                0x00000000080004e0                apMain
 .text.delay    0x0000000008000504       0x16 ./Src/App/ap.o
                0x0000000008000504                delay
 *fill*         0x000000000800051a        0x2 
 .text.bspInit  0x000000000800051c       0x90 ./Src/Bsp/bsp.o
                0x000000000800051c                bspInit
 .text.SystemClock_Config
                0x00000000080005ac       0xd8 ./Src/Bsp/bsp.o
                0x00000000080005ac                SystemClock_Config
 .text.Error_Handler
                0x0000000008000684        0xa ./Src/Bsp/bsp.o
                0x0000000008000684                Error_Handler
 *fill*         0x000000000800068e        0x2 
 .text.HAL_MspInit
                0x0000000008000690       0x50 ./Src/Bsp/stm32f4xx_hal_msp.o
                0x0000000008000690                HAL_MspInit
 .text.NMI_Handler
                0x00000000080006e0        0x6 ./Src/Bsp/stm32f4xx_it.o
                0x00000000080006e0                NMI_Handler
 .text.HardFault_Handler
                0x00000000080006e6        0x6 ./Src/Bsp/stm32f4xx_it.o
                0x00000000080006e6                HardFault_Handler
 .text.MemManage_Handler
                0x00000000080006ec        0x6 ./Src/Bsp/stm32f4xx_it.o
                0x00000000080006ec                MemManage_Handler
 .text.BusFault_Handler
                0x00000000080006f2        0x6 ./Src/Bsp/stm32f4xx_it.o
                0x00000000080006f2                BusFault_Handler
 .text.UsageFault_Handler
                0x00000000080006f8        0x6 ./Src/Bsp/stm32f4xx_it.o
                0x00000000080006f8                UsageFault_Handler
 .text.SVC_Handler
                0x00000000080006fe        0xe ./Src/Bsp/stm32f4xx_it.o
                0x00000000080006fe                SVC_Handler
 .text.DebugMon_Handler
                0x000000000800070c        0xe ./Src/Bsp/stm32f4xx_it.o
                0x000000000800070c                DebugMon_Handler
 .text.PendSV_Handler
                0x000000000800071a        0xe ./Src/Bsp/stm32f4xx_it.o
                0x000000000800071a                PendSV_Handler
 .text.SysTick_Handler
                0x0000000008000728        0xc ./Src/Bsp/stm32f4xx_it.o
                0x0000000008000728                SysTick_Handler
 .text.OTG_FS_IRQHandler
                0x0000000008000734       0x14 ./Src/Bsp/stm32f4xx_it.o
                0x0000000008000734                OTG_FS_IRQHandler
 .text.SystemInit
                0x0000000008000748       0x24 ./Src/Bsp/system_stm32f4xx.o
                0x0000000008000748                SystemInit
 .text.Reset_Handler
                0x000000000800076c       0x50 ./Src/Bsp/startup/startup_stm32f401retx.o
                0x000000000800076c                Reset_Handler
 .text.Default_Handler
                0x00000000080007bc        0x2 ./Src/Bsp/startup/startup_stm32f401retx.o
                0x00000000080007bc                DMA1_Stream3_IRQHandler
                0x00000000080007bc                SPI4_IRQHandler
                0x00000000080007bc                TIM1_CC_IRQHandler
                0x00000000080007bc                DMA2_Stream5_IRQHandler
                0x00000000080007bc                DMA1_Stream5_IRQHandler
                0x00000000080007bc                SDIO_IRQHandler
                0x00000000080007bc                TAMP_STAMP_IRQHandler
                0x00000000080007bc                EXTI3_IRQHandler
                0x00000000080007bc                TIM1_UP_TIM10_IRQHandler
                0x00000000080007bc                I2C3_ER_IRQHandler
                0x00000000080007bc                EXTI18_OTG_FS_WKUP_IRQHandler
                0x00000000080007bc                EXTI0_IRQHandler
                0x00000000080007bc                I2C2_EV_IRQHandler
                0x00000000080007bc                DMA1_Stream2_IRQHandler
                0x00000000080007bc                DMA2_Stream2_IRQHandler
                0x00000000080007bc                SPI1_IRQHandler
                0x00000000080007bc                TIM1_BRK_TIM9_IRQHandler
                0x00000000080007bc                DMA2_Stream3_IRQHandler
                0x00000000080007bc                USART6_IRQHandler
                0x00000000080007bc                DMA2_Stream0_IRQHandler
                0x00000000080007bc                TIM4_IRQHandler
                0x00000000080007bc                I2C1_EV_IRQHandler
                0x00000000080007bc                DMA1_Stream6_IRQHandler
                0x00000000080007bc                DMA1_Stream1_IRQHandler
                0x00000000080007bc                TIM3_IRQHandler
                0x00000000080007bc                RCC_IRQHandler
                0x00000000080007bc                Default_Handler
                0x00000000080007bc                EXTI15_10_IRQHandler
                0x00000000080007bc                ADC_IRQHandler
                0x00000000080007bc                DMA1_Stream7_IRQHandler
                0x00000000080007bc                TIM5_IRQHandler
                0x00000000080007bc                DMA2_Stream7_IRQHandler
                0x00000000080007bc                I2C3_EV_IRQHandler
                0x00000000080007bc                EXTI9_5_IRQHandler
                0x00000000080007bc                SPI2_IRQHandler
                0x00000000080007bc                DMA1_Stream0_IRQHandler
                0x00000000080007bc                EXTI4_IRQHandler
                0x00000000080007bc                EXTI22_RTC_WKUP_IRQHandler
                0x00000000080007bc                TIM2_IRQHandler
                0x00000000080007bc                EXTI16_PVD_IRQHandler
                0x00000000080007bc                TIM1_TRG_COM_TIM11_IRQHandler
                0x00000000080007bc                EXTI1_IRQHandler
                0x00000000080007bc                EXTI17_RTC_Alarm_IRQHandler
                0x00000000080007bc                USART2_IRQHandler
                0x00000000080007bc                I2C2_ER_IRQHandler
                0x00000000080007bc                DMA2_Stream1_IRQHandler
                0x00000000080007bc                FLASH_IRQHandler
                0x00000000080007bc                DMA2_Stream4_IRQHandler
                0x00000000080007bc                USART1_IRQHandler
                0x00000000080007bc                SPI3_IRQHandler
                0x00000000080007bc                DMA1_Stream4_IRQHandler
                0x00000000080007bc                I2C1_ER_IRQHandler
                0x00000000080007bc                DMA2_Stream6_IRQHandler
                0x00000000080007bc                EXTI2_IRQHandler
 .text.hwInit   0x00000000080007be        0xc ./Src/Hw/hw.o
                0x00000000080007be                hwInit
 *fill*         0x00000000080007ca        0x2 
 .text.HAL_Init
                0x00000000080007cc       0x44 ./Src/Lib/mx_ret6/Drivers/STM32F4xx_HAL_Driver/Src/stm32f4xx_hal.o
                0x00000000080007cc                HAL_Init
 .text.HAL_InitTick
                0x0000000008000810       0x60 ./Src/Lib/mx_ret6/Drivers/STM32F4xx_HAL_Driver/Src/stm32f4xx_hal.o
                0x0000000008000810                HAL_InitTick
 .text.HAL_IncTick
                0x0000000008000870       0x28 ./Src/Lib/mx_ret6/Drivers/STM32F4xx_HAL_Driver/Src/stm32f4xx_hal.o
                0x0000000008000870                HAL_IncTick
 .text.HAL_GetTick
                0x0000000008000898       0x18 ./Src/Lib/mx_ret6/Drivers/STM32F4xx_HAL_Driver/Src/stm32f4xx_hal.o
                0x0000000008000898                HAL_GetTick
 .text.HAL_Delay
                0x00000000080008b0       0x48 ./Src/Lib/mx_ret6/Drivers/STM32F4xx_HAL_Driver/Src/stm32f4xx_hal.o
                0x00000000080008b0                HAL_Delay
 .text.__NVIC_SetPriorityGrouping
                0x00000000080008f8       0x48 ./Src/Lib/mx_ret6/Drivers/STM32F4xx_HAL_Driver/Src/stm32f4xx_hal_cortex.o
 .text.__NVIC_GetPriorityGrouping
                0x0000000008000940       0x1c ./Src/Lib/mx_ret6/Drivers/STM32F4xx_HAL_Driver/Src/stm32f4xx_hal_cortex.o
 .text.__NVIC_EnableIRQ
                0x000000000800095c       0x3c ./Src/Lib/mx_ret6/Drivers/STM32F4xx_HAL_Driver/Src/stm32f4xx_hal_cortex.o
 .text.__NVIC_SetPriority
                0x0000000008000998       0x54 ./Src/Lib/mx_ret6/Drivers/STM32F4xx_HAL_Driver/Src/stm32f4xx_hal_cortex.o
 .text.NVIC_EncodePriority
                0x00000000080009ec       0x66 ./Src/Lib/mx_ret6/Drivers/STM32F4xx_HAL_Driver/Src/stm32f4xx_hal_cortex.o
 *fill*         0x0000000008000a52        0x2 
 .text.SysTick_Config
                0x0000000008000a54       0x44 ./Src/Lib/mx_ret6/Drivers/STM32F4xx_HAL_Driver/Src/stm32f4xx_hal_cortex.o
 .text.HAL_NVIC_SetPriorityGrouping
                0x0000000008000a98       0x16 ./Src/Lib/mx_ret6/Drivers/STM32F4xx_HAL_Driver/Src/stm32f4xx_hal_cortex.o
                0x0000000008000a98                HAL_NVIC_SetPriorityGrouping
 .text.HAL_NVIC_SetPriority
                0x0000000008000aae       0x38 ./Src/Lib/mx_ret6/Drivers/STM32F4xx_HAL_Driver/Src/stm32f4xx_hal_cortex.o
                0x0000000008000aae                HAL_NVIC_SetPriority
 .text.HAL_NVIC_EnableIRQ
                0x0000000008000ae6       0x1c ./Src/Lib/mx_ret6/Drivers/STM32F4xx_HAL_Driver/Src/stm32f4xx_hal_cortex.o
                0x0000000008000ae6                HAL_NVIC_EnableIRQ
 .text.HAL_SYSTICK_Config
                0x0000000008000b02       0x18 ./Src/Lib/mx_ret6/Drivers/STM32F4xx_HAL_Driver/Src/stm32f4xx_hal_cortex.o
                0x0000000008000b02                HAL_SYSTICK_Config
 *fill*         0x0000000008000b1a        0x2 
 .text.HAL_GPIO_Init
                0x0000000008000b1c      0x308 ./Src/Lib/mx_ret6/Drivers/STM32F4xx_HAL_Driver/Src/stm32f4xx_hal_gpio.o
                0x0000000008000b1c                HAL_GPIO_Init
 .text.HAL_GPIO_WritePin
                0x0000000008000e24       0x32 ./Src/Lib/mx_ret6/Drivers/STM32F4xx_HAL_Driver/Src/stm32f4xx_hal_gpio.o
                0x0000000008000e24                HAL_GPIO_WritePin
 .text.HAL_GPIO_TogglePin
                0x0000000008000e56       0x34 ./Src/Lib/mx_ret6/Drivers/STM32F4xx_HAL_Driver/Src/stm32f4xx_hal_gpio.o
                0x0000000008000e56                HAL_GPIO_TogglePin
 .text.HAL_PCD_Init
                0x0000000008000e8a      0x21e ./Src/Lib/mx_ret6/Drivers/STM32F4xx_HAL_Driver/Src/stm32f4xx_hal_pcd.o
                0x0000000008000e8a                HAL_PCD_Init
 .text.HAL_PCD_Start
                0x00000000080010a8       0x6a ./Src/Lib/mx_ret6/Drivers/STM32F4xx_HAL_Driver/Src/stm32f4xx_hal_pcd.o
                0x00000000080010a8                HAL_PCD_Start
 .text.HAL_PCD_IRQHandler
                0x0000000008001112      0x942 ./Src/Lib/mx_ret6/Drivers/STM32F4xx_HAL_Driver/Src/stm32f4xx_hal_pcd.o
                0x0000000008001112                HAL_PCD_IRQHandler
 .text.HAL_PCD_SetAddress
                0x0000000008001a54       0x48 ./Src/Lib/mx_ret6/Drivers/STM32F4xx_HAL_Driver/Src/stm32f4xx_hal_pcd.o
                0x0000000008001a54                HAL_PCD_SetAddress
 .text.HAL_PCD_EP_Open
                0x0000000008001a9c       0xd0 ./Src/Lib/mx_ret6/Drivers/STM32F4xx_HAL_Driver/Src/stm32f4xx_hal_pcd.o
                0x0000000008001a9c                HAL_PCD_EP_Open
 .text.HAL_PCD_EP_Close
                0x0000000008001b6c       0x94 ./Src/Lib/mx_ret6/Drivers/STM32F4xx_HAL_Driver/Src/stm32f4xx_hal_pcd.o
                0x0000000008001b6c                HAL_PCD_EP_Close
 .text.HAL_PCD_EP_Receive
                0x0000000008001c00       0x76 ./Src/Lib/mx_ret6/Drivers/STM32F4xx_HAL_Driver/Src/stm32f4xx_hal_pcd.o
                0x0000000008001c00                HAL_PCD_EP_Receive
 .text.HAL_PCD_EP_GetRxCount
                0x0000000008001c76       0x30 ./Src/Lib/mx_ret6/Drivers/STM32F4xx_HAL_Driver/Src/stm32f4xx_hal_pcd.o
                0x0000000008001c76                HAL_PCD_EP_GetRxCount
 .text.HAL_PCD_EP_Transmit
                0x0000000008001ca6       0x74 ./Src/Lib/mx_ret6/Drivers/STM32F4xx_HAL_Driver/Src/stm32f4xx_hal_pcd.o
                0x0000000008001ca6                HAL_PCD_EP_Transmit
 .text.HAL_PCD_EP_SetStall
                0x0000000008001d1a       0xc6 ./Src/Lib/mx_ret6/Drivers/STM32F4xx_HAL_Driver/Src/stm32f4xx_hal_pcd.o
                0x0000000008001d1a                HAL_PCD_EP_SetStall
 .text.HAL_PCD_EP_ClrStall
                0x0000000008001de0       0xac ./Src/Lib/mx_ret6/Drivers/STM32F4xx_HAL_Driver/Src/stm32f4xx_hal_pcd.o
                0x0000000008001de0                HAL_PCD_EP_ClrStall
 .text.HAL_PCD_EP_Abort
                0x0000000008001e8c       0x62 ./Src/Lib/mx_ret6/Drivers/STM32F4xx_HAL_Driver/Src/stm32f4xx_hal_pcd.o
                0x0000000008001e8c                HAL_PCD_EP_Abort
 .text.PCD_WriteEmptyTxFifo
                0x0000000008001eee      0x118 ./Src/Lib/mx_ret6/Drivers/STM32F4xx_HAL_Driver/Src/stm32f4xx_hal_pcd.o
 *fill*         0x0000000008002006        0x2 
 .text.PCD_EP_OutXfrComplete_int
                0x0000000008002008      0x1d0 ./Src/Lib/mx_ret6/Drivers/STM32F4xx_HAL_Driver/Src/stm32f4xx_hal_pcd.o
 .text.PCD_EP_OutSetupPacket_int
                0x00000000080021d8       0x8c ./Src/Lib/mx_ret6/Drivers/STM32F4xx_HAL_Driver/Src/stm32f4xx_hal_pcd.o
 .text.HAL_PCDEx_SetTxFiFo
                0x0000000008002264       0x8e ./Src/Lib/mx_ret6/Drivers/STM32F4xx_HAL_Driver/Src/stm32f4xx_hal_pcd_ex.o
                0x0000000008002264                HAL_PCDEx_SetTxFiFo
 .text.HAL_PCDEx_SetRxFiFo
                0x00000000080022f2       0x22 ./Src/Lib/mx_ret6/Drivers/STM32F4xx_HAL_Driver/Src/stm32f4xx_hal_pcd_ex.o
                0x00000000080022f2                HAL_PCDEx_SetRxFiFo
 .text.HAL_PCDEx_LPM_Callback
                0x0000000008002314       0x18 ./Src/Lib/mx_ret6/Drivers/STM32F4xx_HAL_Driver/Src/stm32f4xx_hal_pcd_ex.o
                0x0000000008002314                HAL_PCDEx_LPM_Callback
 .text.HAL_RCC_OscConfig
                0x000000000800232c      0x4f0 ./Src/Lib/mx_ret6/Drivers/STM32F4xx_HAL_Driver/Src/stm32f4xx_hal_rcc.o
                0x000000000800232c                HAL_RCC_OscConfig
 .text.HAL_RCC_ClockConfig
                0x000000000800281c      0x1cc ./Src/Lib/mx_ret6/Drivers/STM32F4xx_HAL_Driver/Src/stm32f4xx_hal_rcc.o
                0x000000000800281c                HAL_RCC_ClockConfig
 .text.HAL_RCC_GetSysClockFreq
                0x00000000080029e8      0x18c ./Src/Lib/mx_ret6/Drivers/STM32F4xx_HAL_Driver/Src/stm32f4xx_hal_rcc.o
                0x00000000080029e8                HAL_RCC_GetSysClockFreq
 .text.HAL_RCC_GetHCLKFreq
                0x0000000008002b74       0x18 ./Src/Lib/mx_ret6/Drivers/STM32F4xx_HAL_Driver/Src/stm32f4xx_hal_rcc.o
                0x0000000008002b74                HAL_RCC_GetHCLKFreq
 .text.USB_CoreInit
                0x0000000008002b8c       0xc8 ./Src/Lib/mx_ret6/Drivers/STM32F4xx_HAL_Driver/Src/stm32f4xx_ll_usb.o
                0x0000000008002b8c                USB_CoreInit
 .text.USB_SetTurnaroundTime
                0x0000000008002c54      0x144 ./Src/Lib/mx_ret6/Drivers/STM32F4xx_HAL_Driver/Src/stm32f4xx_ll_usb.o
                0x0000000008002c54                USB_SetTurnaroundTime
 .text.USB_EnableGlobalInt
                0x0000000008002d98       0x22 ./Src/Lib/mx_ret6/Drivers/STM32F4xx_HAL_Driver/Src/stm32f4xx_ll_usb.o
                0x0000000008002d98                USB_EnableGlobalInt
 .text.USB_DisableGlobalInt
                0x0000000008002dba       0x22 ./Src/Lib/mx_ret6/Drivers/STM32F4xx_HAL_Driver/Src/stm32f4xx_ll_usb.o
                0x0000000008002dba                USB_DisableGlobalInt
 .text.USB_SetCurrentMode
                0x0000000008002ddc       0x98 ./Src/Lib/mx_ret6/Drivers/STM32F4xx_HAL_Driver/Src/stm32f4xx_ll_usb.o
                0x0000000008002ddc                USB_SetCurrentMode
 .text.USB_DevInit
                0x0000000008002e74      0x2c8 ./Src/Lib/mx_ret6/Drivers/STM32F4xx_HAL_Driver/Src/stm32f4xx_ll_usb.o
                0x0000000008002e74                USB_DevInit
 .text.USB_FlushTxFifo
                0x000000000800313c       0x64 ./Src/Lib/mx_ret6/Drivers/STM32F4xx_HAL_Driver/Src/stm32f4xx_ll_usb.o
                0x000000000800313c                USB_FlushTxFifo
 .text.USB_FlushRxFifo
                0x00000000080031a0       0x5c ./Src/Lib/mx_ret6/Drivers/STM32F4xx_HAL_Driver/Src/stm32f4xx_ll_usb.o
                0x00000000080031a0                USB_FlushRxFifo
 .text.USB_SetDevSpeed
                0x00000000080031fc       0x32 ./Src/Lib/mx_ret6/Drivers/STM32F4xx_HAL_Driver/Src/stm32f4xx_ll_usb.o
                0x00000000080031fc                USB_SetDevSpeed
 .text.USB_GetDevSpeed
                0x000000000800322e       0x4a ./Src/Lib/mx_ret6/Drivers/STM32F4xx_HAL_Driver/Src/stm32f4xx_ll_usb.o
                0x000000000800322e                USB_GetDevSpeed
 .text.USB_ActivateEndpoint
                0x0000000008003278      0x10e ./Src/Lib/mx_ret6/Drivers/STM32F4xx_HAL_Driver/Src/stm32f4xx_ll_usb.o
                0x0000000008003278                USB_ActivateEndpoint
 *fill*         0x0000000008003386        0x2 
 .text.USB_DeactivateEndpoint
                0x0000000008003388      0x1b8 ./Src/Lib/mx_ret6/Drivers/STM32F4xx_HAL_Driver/Src/stm32f4xx_ll_usb.o
                0x0000000008003388                USB_DeactivateEndpoint
 .text.USB_EPStartXfer
                0x0000000008003540      0x530 ./Src/Lib/mx_ret6/Drivers/STM32F4xx_HAL_Driver/Src/stm32f4xx_ll_usb.o
                0x0000000008003540                USB_EPStartXfer
 .text.USB_EPStopXfer
                0x0000000008003a70      0x154 ./Src/Lib/mx_ret6/Drivers/STM32F4xx_HAL_Driver/Src/stm32f4xx_ll_usb.o
                0x0000000008003a70                USB_EPStopXfer
 .text.USB_WritePacket
                0x0000000008003bc4       0x7c ./Src/Lib/mx_ret6/Drivers/STM32F4xx_HAL_Driver/Src/stm32f4xx_ll_usb.o
                0x0000000008003bc4                USB_WritePacket
 .text.USB_ReadPacket
                0x0000000008003c40       0xb0 ./Src/Lib/mx_ret6/Drivers/STM32F4xx_HAL_Driver/Src/stm32f4xx_ll_usb.o
                0x0000000008003c40                USB_ReadPacket
 .text.USB_EPSetStall
                0x0000000008003cf0       0xdc ./Src/Lib/mx_ret6/Drivers/STM32F4xx_HAL_Driver/Src/stm32f4xx_ll_usb.o
                0x0000000008003cf0                USB_EPSetStall
 .text.USB_EPClearStall
                0x0000000008003dcc       0xcc ./Src/Lib/mx_ret6/Drivers/STM32F4xx_HAL_Driver/Src/stm32f4xx_ll_usb.o
                0x0000000008003dcc                USB_EPClearStall
 .text.USB_SetDevAddress
                0x0000000008003e98       0x4c ./Src/Lib/mx_ret6/Drivers/STM32F4xx_HAL_Driver/Src/stm32f4xx_ll_usb.o
                0x0000000008003e98                USB_SetDevAddress
 .text.USB_DevConnect
                0x0000000008003ee4       0x42 ./Src/Lib/mx_ret6/Drivers/STM32F4xx_HAL_Driver/Src/stm32f4xx_ll_usb.o
                0x0000000008003ee4                USB_DevConnect
 .text.USB_DevDisconnect
                0x0000000008003f26       0x42 ./Src/Lib/mx_ret6/Drivers/STM32F4xx_HAL_Driver/Src/stm32f4xx_ll_usb.o
                0x0000000008003f26                USB_DevDisconnect
 .text.USB_ReadInterrupts
                0x0000000008003f68       0x26 ./Src/Lib/mx_ret6/Drivers/STM32F4xx_HAL_Driver/Src/stm32f4xx_ll_usb.o
                0x0000000008003f68                USB_ReadInterrupts
 .text.USB_ReadDevAllOutEpInterrupt
                0x0000000008003f8e       0x34 ./Src/Lib/mx_ret6/Drivers/STM32F4xx_HAL_Driver/Src/stm32f4xx_ll_usb.o
                0x0000000008003f8e                USB_ReadDevAllOutEpInterrupt
 .text.USB_ReadDevAllInEpInterrupt
                0x0000000008003fc2       0x34 ./Src/Lib/mx_ret6/Drivers/STM32F4xx_HAL_Driver/Src/stm32f4xx_ll_usb.o
                0x0000000008003fc2                USB_ReadDevAllInEpInterrupt
 .text.USB_ReadDevOutEPInterrupt
                0x0000000008003ff6       0x3c ./Src/Lib/mx_ret6/Drivers/STM32F4xx_HAL_Driver/Src/stm32f4xx_ll_usb.o
                0x0000000008003ff6                USB_ReadDevOutEPInterrupt
 .text.USB_ReadDevInEPInterrupt
                0x0000000008004032       0x5c ./Src/Lib/mx_ret6/Drivers/STM32F4xx_HAL_Driver/Src/stm32f4xx_ll_usb.o
                0x0000000008004032                USB_ReadDevInEPInterrupt
 .text.USB_GetMode
                0x000000000800408e       0x1c ./Src/Lib/mx_ret6/Drivers/STM32F4xx_HAL_Driver/Src/stm32f4xx_ll_usb.o
                0x000000000800408e                USB_GetMode
 .text.USB_ActivateSetup
                0x00000000080040aa       0x46 ./Src/Lib/mx_ret6/Drivers/STM32F4xx_HAL_Driver/Src/stm32f4xx_ll_usb.o
                0x00000000080040aa                USB_ActivateSetup
 .text.USB_EP0_OutStart
                0x00000000080040f0       0xbc ./Src/Lib/mx_ret6/Drivers/STM32F4xx_HAL_Driver/Src/stm32f4xx_ll_usb.o
                0x00000000080040f0                USB_EP0_OutStart
 .text.USB_CoreReset
                0x00000000080041ac       0x62 ./Src/Lib/mx_ret6/Drivers/STM32F4xx_HAL_Driver/Src/stm32f4xx_ll_usb.o
 *fill*         0x000000000800420e        0x2 
 .text.USBD_CDC_Init
                0x0000000008004210      0x1f0 ./Src/Lib/mx_ret6/Middlewares/ST/STM32_USB_Device_Library/Class/CDC/Src/usbd_cdc.o
 .text.USBD_CDC_DeInit
                0x0000000008004400      0x104 ./Src/Lib/mx_ret6/Middlewares/ST/STM32_USB_Device_Library/Class/CDC/Src/usbd_cdc.o
 .text.USBD_CDC_Setup
                0x0000000008004504      0x1b8 ./Src/Lib/mx_ret6/Middlewares/ST/STM32_USB_Device_Library/Class/CDC/Src/usbd_cdc.o
 .text.USBD_CDC_DataIn
                0x00000000080046bc       0xfe ./Src/Lib/mx_ret6/Middlewares/ST/STM32_USB_Device_Library/Class/CDC/Src/usbd_cdc.o
 .text.USBD_CDC_DataOut
                0x00000000080047ba       0x70 ./Src/Lib/mx_ret6/Middlewares/ST/STM32_USB_Device_Library/Class/CDC/Src/usbd_cdc.o
 .text.USBD_CDC_EP0_RxReady
                0x000000000800482a       0x76 ./Src/Lib/mx_ret6/Middlewares/ST/STM32_USB_Device_Library/Class/CDC/Src/usbd_cdc.o
 .text.USBD_CDC_GetFSCfgDesc
                0x00000000080048a0       0x70 ./Src/Lib/mx_ret6/Middlewares/ST/STM32_USB_Device_Library/Class/CDC/Src/usbd_cdc.o
 .text.USBD_CDC_GetHSCfgDesc
                0x0000000008004910       0x70 ./Src/Lib/mx_ret6/Middlewares/ST/STM32_USB_Device_Library/Class/CDC/Src/usbd_cdc.o
 .text.USBD_CDC_GetOtherSpeedCfgDesc
                0x0000000008004980       0x70 ./Src/Lib/mx_ret6/Middlewares/ST/STM32_USB_Device_Library/Class/CDC/Src/usbd_cdc.o
 .text.USBD_CDC_GetDeviceQualifierDescriptor
                0x00000000080049f0       0x20 ./Src/Lib/mx_ret6/Middlewares/ST/STM32_USB_Device_Library/Class/CDC/Src/usbd_cdc.o
                0x00000000080049f0                USBD_CDC_GetDeviceQualifierDescriptor
 .text.USBD_CDC_RegisterInterface
                0x0000000008004a10       0x34 ./Src/Lib/mx_ret6/Middlewares/ST/STM32_USB_Device_Library/Class/CDC/Src/usbd_cdc.o
                0x0000000008004a10                USBD_CDC_RegisterInterface
 .text.USBD_CDC_SetTxBuffer
                0x0000000008004a44       0x44 ./Src/Lib/mx_ret6/Middlewares/ST/STM32_USB_Device_Library/Class/CDC/Src/usbd_cdc.o
                0x0000000008004a44                USBD_CDC_SetTxBuffer
 .text.USBD_CDC_SetRxBuffer
                0x0000000008004a88       0x3a ./Src/Lib/mx_ret6/Middlewares/ST/STM32_USB_Device_Library/Class/CDC/Src/usbd_cdc.o
                0x0000000008004a88                USBD_CDC_SetRxBuffer
 *fill*         0x0000000008004ac2        0x2 
 .text.USBD_CDC_TransmitPacket
                0x0000000008004ac4       0x80 ./Src/Lib/mx_ret6/Middlewares/ST/STM32_USB_Device_Library/Class/CDC/Src/usbd_cdc.o
                0x0000000008004ac4                USBD_CDC_TransmitPacket
 .text.USBD_CDC_ReceivePacket
                0x0000000008004b44       0x6c ./Src/Lib/mx_ret6/Middlewares/ST/STM32_USB_Device_Library/Class/CDC/Src/usbd_cdc.o
                0x0000000008004b44                USBD_CDC_ReceivePacket
 .text.USBD_Init
                0x0000000008004bb0       0x60 ./Src/Lib/mx_ret6/Middlewares/ST/STM32_USB_Device_Library/Core/Src/usbd_core.o
                0x0000000008004bb0                USBD_Init
 .text.USBD_RegisterClass
                0x0000000008004c10       0x6c ./Src/Lib/mx_ret6/Middlewares/ST/STM32_USB_Device_Library/Core/Src/usbd_core.o
                0x0000000008004c10                USBD_RegisterClass
 .text.USBD_Start
                0x0000000008004c7c       0x18 ./Src/Lib/mx_ret6/Middlewares/ST/STM32_USB_Device_Library/Core/Src/usbd_core.o
                0x0000000008004c7c                USBD_Start
 .text.USBD_RunTestMode
                0x0000000008004c94       0x16 ./Src/Lib/mx_ret6/Middlewares/ST/STM32_USB_Device_Library/Core/Src/usbd_core.o
                0x0000000008004c94                USBD_RunTestMode
 .text.USBD_SetClassConfig
                0x0000000008004caa       0x38 ./Src/Lib/mx_ret6/Middlewares/ST/STM32_USB_Device_Library/Core/Src/usbd_core.o
                0x0000000008004caa                USBD_SetClassConfig
 .text.USBD_ClrClassConfig
                0x0000000008004ce2       0x34 ./Src/Lib/mx_ret6/Middlewares/ST/STM32_USB_Device_Library/Core/Src/usbd_core.o
                0x0000000008004ce2                USBD_ClrClassConfig
 .text.USBD_LL_SetupStage
                0x0000000008004d16       0xaa ./Src/Lib/mx_ret6/Middlewares/ST/STM32_USB_Device_Library/Core/Src/usbd_core.o
                0x0000000008004d16                USBD_LL_SetupStage
 .text.USBD_LL_DataOutStage
                0x0000000008004dc0      0x166 ./Src/Lib/mx_ret6/Middlewares/ST/STM32_USB_Device_Library/Core/Src/usbd_core.o
                0x0000000008004dc0                USBD_LL_DataOutStage
 .text.USBD_LL_DataInStage
                0x0000000008004f26      0x164 ./Src/Lib/mx_ret6/Middlewares/ST/STM32_USB_Device_Library/Core/Src/usbd_core.o
                0x0000000008004f26                USBD_LL_DataInStage
 .text.USBD_LL_Reset
                0x000000000800508a       0xa4 ./Src/Lib/mx_ret6/Middlewares/ST/STM32_USB_Device_Library/Core/Src/usbd_core.o
                0x000000000800508a                USBD_LL_Reset
 .text.USBD_LL_SetSpeed
                0x000000000800512e       0x20 ./Src/Lib/mx_ret6/Middlewares/ST/STM32_USB_Device_Library/Core/Src/usbd_core.o
                0x000000000800512e                USBD_LL_SetSpeed
 .text.USBD_LL_Suspend
                0x000000000800514e       0x38 ./Src/Lib/mx_ret6/Middlewares/ST/STM32_USB_Device_Library/Core/Src/usbd_core.o
                0x000000000800514e                USBD_LL_Suspend
 .text.USBD_LL_Resume
                0x0000000008005186       0x30 ./Src/Lib/mx_ret6/Middlewares/ST/STM32_USB_Device_Library/Core/Src/usbd_core.o
                0x0000000008005186                USBD_LL_Resume
 .text.USBD_LL_SOF
                0x00000000080051b6       0x40 ./Src/Lib/mx_ret6/Middlewares/ST/STM32_USB_Device_Library/Core/Src/usbd_core.o
                0x00000000080051b6                USBD_LL_SOF
 .text.USBD_LL_IsoINIncomplete
                0x00000000080051f6       0x64 ./Src/Lib/mx_ret6/Middlewares/ST/STM32_USB_Device_Library/Core/Src/usbd_core.o
                0x00000000080051f6                USBD_LL_IsoINIncomplete
 .text.USBD_LL_IsoOUTIncomplete
                0x000000000800525a       0x64 ./Src/Lib/mx_ret6/Middlewares/ST/STM32_USB_Device_Library/Core/Src/usbd_core.o
                0x000000000800525a                USBD_LL_IsoOUTIncomplete
 .text.USBD_LL_DevConnected
                0x00000000080052be       0x16 ./Src/Lib/mx_ret6/Middlewares/ST/STM32_USB_Device_Library/Core/Src/usbd_core.o
                0x00000000080052be                USBD_LL_DevConnected
 .text.USBD_LL_DevDisconnected
                0x00000000080052d4       0x46 ./Src/Lib/mx_ret6/Middlewares/ST/STM32_USB_Device_Library/Core/Src/usbd_core.o
                0x00000000080052d4                USBD_LL_DevDisconnected
 .text.USBD_CoreFindIF
                0x000000000800531a       0x1a ./Src/Lib/mx_ret6/Middlewares/ST/STM32_USB_Device_Library/Core/Src/usbd_core.o
                0x000000000800531a                USBD_CoreFindIF
 .text.USBD_CoreFindEP
                0x0000000008005334       0x1a ./Src/Lib/mx_ret6/Middlewares/ST/STM32_USB_Device_Library/Core/Src/usbd_core.o
                0x0000000008005334                USBD_CoreFindEP
 .text.USBD_GetEpDesc
                0x000000000800534e       0x74 ./Src/Lib/mx_ret6/Middlewares/ST/STM32_USB_Device_Library/Core/Src/usbd_core.o
                0x000000000800534e                USBD_GetEpDesc
 .text.USBD_GetNextDesc
                0x00000000080053c2       0x3a ./Src/Lib/mx_ret6/Middlewares/ST/STM32_USB_Device_Library/Core/Src/usbd_core.o
                0x00000000080053c2                USBD_GetNextDesc
 .text.SWAPBYTE
                0x00000000080053fc       0x3c ./Src/Lib/mx_ret6/Middlewares/ST/STM32_USB_Device_Library/Core/Src/usbd_ctlreq.o
 .text.USBD_StdDevReq
                0x0000000008005438       0xe4 ./Src/Lib/mx_ret6/Middlewares/ST/STM32_USB_Device_Library/Core/Src/usbd_ctlreq.o
                0x0000000008005438                USBD_StdDevReq
 .text.USBD_StdItfReq
                0x000000000800551c       0xd8 ./Src/Lib/mx_ret6/Middlewares/ST/STM32_USB_Device_Library/Core/Src/usbd_ctlreq.o
                0x000000000800551c                USBD_StdItfReq
 .text.USBD_StdEPReq
                0x00000000080055f4      0x33a ./Src/Lib/mx_ret6/Middlewares/ST/STM32_USB_Device_Library/Core/Src/usbd_ctlreq.o
                0x00000000080055f4                USBD_StdEPReq
 *fill*         0x000000000800592e        0x2 
 .text.USBD_GetDescriptor
                0x0000000008005930      0x2d4 ./Src/Lib/mx_ret6/Middlewares/ST/STM32_USB_Device_Library/Core/Src/usbd_ctlreq.o
 .text.USBD_SetAddress
                0x0000000008005c04       0x88 ./Src/Lib/mx_ret6/Middlewares/ST/STM32_USB_Device_Library/Core/Src/usbd_ctlreq.o
 .text.USBD_SetConfig
                0x0000000008005c8c      0x154 ./Src/Lib/mx_ret6/Middlewares/ST/STM32_USB_Device_Library/Core/Src/usbd_ctlreq.o
 .text.USBD_GetConfig
                0x0000000008005de0       0x6c ./Src/Lib/mx_ret6/Middlewares/ST/STM32_USB_Device_Library/Core/Src/usbd_ctlreq.o
 .text.USBD_GetStatus
                0x0000000008005e4c       0x68 ./Src/Lib/mx_ret6/Middlewares/ST/STM32_USB_Device_Library/Core/Src/usbd_ctlreq.o
 .text.USBD_SetFeature
                0x0000000008005eb4       0x52 ./Src/Lib/mx_ret6/Middlewares/ST/STM32_USB_Device_Library/Core/Src/usbd_ctlreq.o
 .text.USBD_ClrFeature
                0x0000000008005f06       0x44 ./Src/Lib/mx_ret6/Middlewares/ST/STM32_USB_Device_Library/Core/Src/usbd_ctlreq.o
 .text.USBD_ParseSetupRequest
                0x0000000008005f4a       0x74 ./Src/Lib/mx_ret6/Middlewares/ST/STM32_USB_Device_Library/Core/Src/usbd_ctlreq.o
                0x0000000008005f4a                USBD_ParseSetupRequest
 .text.USBD_CtlError
                0x0000000008005fbe       0x22 ./Src/Lib/mx_ret6/Middlewares/ST/STM32_USB_Device_Library/Core/Src/usbd_ctlreq.o
                0x0000000008005fbe                USBD_CtlError
 .text.USBD_GetString
                0x0000000008005fe0       0x8c ./Src/Lib/mx_ret6/Middlewares/ST/STM32_USB_Device_Library/Core/Src/usbd_ctlreq.o
                0x0000000008005fe0                USBD_GetString
 .text.USBD_GetLen
                0x000000000800606c       0x34 ./Src/Lib/mx_ret6/Middlewares/ST/STM32_USB_Device_Library/Core/Src/usbd_ctlreq.o
 .text.USBD_CtlSendData
                0x00000000080060a0       0x36 ./Src/Lib/mx_ret6/Middlewares/ST/STM32_USB_Device_Library/Core/Src/usbd_ioreq.o
                0x00000000080060a0                USBD_CtlSendData
 .text.USBD_CtlContinueSendData
                0x00000000080060d6       0x22 ./Src/Lib/mx_ret6/Middlewares/ST/STM32_USB_Device_Library/Core/Src/usbd_ioreq.o
                0x00000000080060d6                USBD_CtlContinueSendData
 .text.USBD_CtlPrepareRx
                0x00000000080060f8       0x3a ./Src/Lib/mx_ret6/Middlewares/ST/STM32_USB_Device_Library/Core/Src/usbd_ioreq.o
                0x00000000080060f8                USBD_CtlPrepareRx
 .text.USBD_CtlContinueRx
                0x0000000008006132       0x22 ./Src/Lib/mx_ret6/Middlewares/ST/STM32_USB_Device_Library/Core/Src/usbd_ioreq.o
                0x0000000008006132                USBD_CtlContinueRx
 .text.USBD_CtlSendStatus
                0x0000000008006154       0x26 ./Src/Lib/mx_ret6/Middlewares/ST/STM32_USB_Device_Library/Core/Src/usbd_ioreq.o
                0x0000000008006154                USBD_CtlSendStatus
 .text.USBD_CtlReceiveStatus
                0x000000000800617a       0x26 ./Src/Lib/mx_ret6/Middlewares/ST/STM32_USB_Device_Library/Core/Src/usbd_ioreq.o
                0x000000000800617a                USBD_CtlReceiveStatus
 .text.MX_USB_DEVICE_Init
                0x00000000080061a0       0x60 ./Src/Lib/mx_ret6/USB_DEVICE/App/usb_device.o
                0x00000000080061a0                MX_USB_DEVICE_Init
 .text.CDC_Init_FS
                0x0000000008006200       0x28 ./Src/Lib/mx_ret6/USB_DEVICE/App/usbd_cdc_if.o
 .text.CDC_DeInit_FS
                0x0000000008006228       0x10 ./Src/Lib/mx_ret6/USB_DEVICE/App/usbd_cdc_if.o
 .text.CDC_Control_FS
                0x0000000008006238       0xbc ./Src/Lib/mx_ret6/USB_DEVICE/App/usbd_cdc_if.o
 .text.CDC_Receive_FS
                0x00000000080062f4       0x28 ./Src/Lib/mx_ret6/USB_DEVICE/App/usbd_cdc_if.o
 .text.CDC_Transmit_FS
                0x000000000800631c       0x4c ./Src/Lib/mx_ret6/USB_DEVICE/App/usbd_cdc_if.o
                0x000000000800631c                CDC_Transmit_FS
 .text.CDC_TransmitCplt_FS
                0x0000000008006368       0x22 ./Src/Lib/mx_ret6/USB_DEVICE/App/usbd_cdc_if.o
 *fill*         0x000000000800638a        0x2 
 .text.USBD_FS_DeviceDescriptor
                0x000000000800638c       0x24 ./Src/Lib/mx_ret6/USB_DEVICE/App/usbd_desc.o
                0x000000000800638c                USBD_FS_DeviceDescriptor
 .text.USBD_FS_LangIDStrDescriptor
                0x00000000080063b0       0x24 ./Src/Lib/mx_ret6/USB_DEVICE/App/usbd_desc.o
                0x00000000080063b0                USBD_FS_LangIDStrDescriptor
 .text.USBD_FS_ProductStrDescriptor
                0x00000000080063d4       0x3c ./Src/Lib/mx_ret6/USB_DEVICE/App/usbd_desc.o
                0x00000000080063d4                USBD_FS_ProductStrDescriptor
 .text.USBD_FS_ManufacturerStrDescriptor
                0x0000000008006410       0x28 ./Src/Lib/mx_ret6/USB_DEVICE/App/usbd_desc.o
                0x0000000008006410                USBD_FS_ManufacturerStrDescriptor
 .text.USBD_FS_SerialStrDescriptor
                0x0000000008006438       0x24 ./Src/Lib/mx_ret6/USB_DEVICE/App/usbd_desc.o
                0x0000000008006438                USBD_FS_SerialStrDescriptor
 .text.USBD_FS_ConfigStrDescriptor
                0x000000000800645c       0x3c ./Src/Lib/mx_ret6/USB_DEVICE/App/usbd_desc.o
                0x000000000800645c                USBD_FS_ConfigStrDescriptor
 .text.USBD_FS_InterfaceStrDescriptor
                0x0000000008006498       0x3c ./Src/Lib/mx_ret6/USB_DEVICE/App/usbd_desc.o
                0x0000000008006498                USBD_FS_InterfaceStrDescriptor
 .text.Get_SerialNum
                0x00000000080064d4       0x58 ./Src/Lib/mx_ret6/USB_DEVICE/App/usbd_desc.o
 .text.IntToUnicode
                0x000000000800652c       0x7e ./Src/Lib/mx_ret6/USB_DEVICE/App/usbd_desc.o
 *fill*         0x00000000080065aa        0x2 
 .text.HAL_PCD_MspInit
                0x00000000080065ac       0xa8 ./Src/Lib/mx_ret6/USB_DEVICE/Target/usbd_conf.o
                0x00000000080065ac                HAL_PCD_MspInit
 .text.HAL_PCD_SetupStageCallback
                0x0000000008006654       0x24 ./Src/Lib/mx_ret6/USB_DEVICE/Target/usbd_conf.o
                0x0000000008006654                HAL_PCD_SetupStageCallback
 .text.HAL_PCD_DataOutStageCallback
                0x0000000008006678       0x36 ./Src/Lib/mx_ret6/USB_DEVICE/Target/usbd_conf.o
                0x0000000008006678                HAL_PCD_DataOutStageCallback
 .text.HAL_PCD_DataInStageCallback
                0x00000000080066ae       0x34 ./Src/Lib/mx_ret6/USB_DEVICE/Target/usbd_conf.o
                0x00000000080066ae                HAL_PCD_DataInStageCallback
 .text.HAL_PCD_SOFCallback
                0x00000000080066e2       0x1c ./Src/Lib/mx_ret6/USB_DEVICE/Target/usbd_conf.o
                0x00000000080066e2                HAL_PCD_SOFCallback
 .text.HAL_PCD_ResetCallback
                0x00000000080066fe       0x50 ./Src/Lib/mx_ret6/USB_DEVICE/Target/usbd_conf.o
                0x00000000080066fe                HAL_PCD_ResetCallback
 *fill*         0x000000000800674e        0x2 
 .text.HAL_PCD_SuspendCallback
                0x0000000008006750       0x4c ./Src/Lib/mx_ret6/USB_DEVICE/Target/usbd_conf.o
                0x0000000008006750                HAL_PCD_SuspendCallback
 .text.HAL_PCD_ResumeCallback
                0x000000000800679c       0x1c ./Src/Lib/mx_ret6/USB_DEVICE/Target/usbd_conf.o
                0x000000000800679c                HAL_PCD_ResumeCallback
 .text.HAL_PCD_ISOOUTIncompleteCallback
                0x00000000080067b8       0x24 ./Src/Lib/mx_ret6/USB_DEVICE/Target/usbd_conf.o
                0x00000000080067b8                HAL_PCD_ISOOUTIncompleteCallback
 .text.HAL_PCD_ISOINIncompleteCallback
                0x00000000080067dc       0x24 ./Src/Lib/mx_ret6/USB_DEVICE/Target/usbd_conf.o
                0x00000000080067dc                HAL_PCD_ISOINIncompleteCallback
 .text.HAL_PCD_ConnectCallback
                0x0000000008006800       0x1c ./Src/Lib/mx_ret6/USB_DEVICE/Target/usbd_conf.o
                0x0000000008006800                HAL_PCD_ConnectCallback
 .text.HAL_PCD_DisconnectCallback
                0x000000000800681c       0x1c ./Src/Lib/mx_ret6/USB_DEVICE/Target/usbd_conf.o
                0x000000000800681c                HAL_PCD_DisconnectCallback
 .text.USBD_LL_Init
                0x0000000008006838       0x98 ./Src/Lib/mx_ret6/USB_DEVICE/Target/usbd_conf.o
                0x0000000008006838                USBD_LL_Init
 .text.USBD_LL_Start
                0x00000000080068d0       0x36 ./Src/Lib/mx_ret6/USB_DEVICE/Target/usbd_conf.o
                0x00000000080068d0                USBD_LL_Start
 .text.USBD_LL_OpenEP
                0x0000000008006906       0x4c ./Src/Lib/mx_ret6/USB_DEVICE/Target/usbd_conf.o
                0x0000000008006906                USBD_LL_OpenEP
 .text.USBD_LL_CloseEP
                0x0000000008006952       0x3e ./Src/Lib/mx_ret6/USB_DEVICE/Target/usbd_conf.o
                0x0000000008006952                USBD_LL_CloseEP
 .text.USBD_LL_StallEP
                0x0000000008006990       0x3e ./Src/Lib/mx_ret6/USB_DEVICE/Target/usbd_conf.o
                0x0000000008006990                USBD_LL_StallEP
 .text.USBD_LL_ClearStallEP
                0x00000000080069ce       0x3e ./Src/Lib/mx_ret6/USB_DEVICE/Target/usbd_conf.o
                0x00000000080069ce                USBD_LL_ClearStallEP
 .text.USBD_LL_IsStallEP
                0x0000000008006a0c       0x58 ./Src/Lib/mx_ret6/USB_DEVICE/Target/usbd_conf.o
                0x0000000008006a0c                USBD_LL_IsStallEP
 .text.USBD_LL_SetUSBAddress
                0x0000000008006a64       0x3e ./Src/Lib/mx_ret6/USB_DEVICE/Target/usbd_conf.o
                0x0000000008006a64                USBD_LL_SetUSBAddress
 .text.USBD_LL_Transmit
                0x0000000008006aa2       0x42 ./Src/Lib/mx_ret6/USB_DEVICE/Target/usbd_conf.o
                0x0000000008006aa2                USBD_LL_Transmit
 .text.USBD_LL_PrepareReceive
                0x0000000008006ae4       0x42 ./Src/Lib/mx_ret6/USB_DEVICE/Target/usbd_conf.o
                0x0000000008006ae4                USBD_LL_PrepareReceive
 .text.USBD_LL_GetRxDataSize
                0x0000000008006b26       0x26 ./Src/Lib/mx_ret6/USB_DEVICE/Target/usbd_conf.o
                0x0000000008006b26                USBD_LL_GetRxDataSize
 .text.USBD_static_malloc
                0x0000000008006b4c       0x1c ./Src/Lib/mx_ret6/USB_DEVICE/Target/usbd_conf.o
                0x0000000008006b4c                USBD_static_malloc
 .text.USBD_static_free
                0x0000000008006b68       0x14 ./Src/Lib/mx_ret6/USB_DEVICE/Target/usbd_conf.o
                0x0000000008006b68                USBD_static_free
 .text.USBD_Get_USB_Status
                0x0000000008006b7c       0x58 ./Src/Lib/mx_ret6/USB_DEVICE/Target/usbd_conf.o
                0x0000000008006b7c                USBD_Get_USB_Status
 .text.main     0x0000000008006bd4       0x16 ./Src/main.o
                0x0000000008006bd4                main
 .text.memset   0x0000000008006bea       0x10 /Applications/STM32CubeIDE.app/Contents/Eclipse/plugins/com.st.stm32cube.ide.mcu.externaltools.gnu-tools-for-stm32.11.3.rel1.macos64_1.1.100.202310310803/tools/bin/../lib/gcc/arm-none-eabi/11.3.1/../../../../arm-none-eabi/lib/thumb/v7e-m+fp/hard/libc_nano.a(libc_a-memset.o)
                0x0000000008006bea                memset
 *fill*         0x0000000008006bfa        0x2 
 .text.__libc_init_array
                0x0000000008006bfc       0x48 /Applications/STM32CubeIDE.app/Contents/Eclipse/plugins/com.st.stm32cube.ide.mcu.externaltools.gnu-tools-for-stm32.11.3.rel1.macos64_1.1.100.202310310803/tools/bin/../lib/gcc/arm-none-eabi/11.3.1/../../../../arm-none-eabi/lib/thumb/v7e-m+fp/hard/libc_nano.a(libc_a-init.o)
                0x0000000008006bfc                __libc_init_array
 *(.glue_7)
 .glue_7        0x0000000008006c44        0x0 linker stubs
 *(.glue_7t)
 .glue_7t       0x0000000008006c44        0x0 linker stubs
 *(.eh_frame)
 .eh_frame      0x0000000008006c44        0x0 /Applications/STM32CubeIDE.app/Contents/Eclipse/plugins/com.st.stm32cube.ide.mcu.externaltools.gnu-tools-for-stm32.11.3.rel1.macos64_1.1.100.202310310803/tools/bin/../lib/gcc/arm-none-eabi/11.3.1/thumb/v7e-m+fp/hard/crtbegin.o
 *(.init)
 .init          0x0000000008006c44        0x4 /Applications/STM32CubeIDE.app/Contents/Eclipse/plugins/com.st.stm32cube.ide.mcu.externaltools.gnu-tools-for-stm32.11.3.rel1.macos64_1.1.100.202310310803/tools/bin/../lib/gcc/arm-none-eabi/11.3.1/thumb/v7e-m+fp/hard/crti.o
                0x0000000008006c44                _init
 .init          0x0000000008006c48        0x8 /Applications/STM32CubeIDE.app/Contents/Eclipse/plugins/com.st.stm32cube.ide.mcu.externaltools.gnu-tools-for-stm32.11.3.rel1.macos64_1.1.100.202310310803/tools/bin/../lib/gcc/arm-none-eabi/11.3.1/thumb/v7e-m+fp/hard/crtn.o
 *(.fini)
 .fini          0x0000000008006c50        0x4 /Applications/STM32CubeIDE.app/Contents/Eclipse/plugins/com.st.stm32cube.ide.mcu.externaltools.gnu-tools-for-stm32.11.3.rel1.macos64_1.1.100.202310310803/tools/bin/../lib/gcc/arm-none-eabi/11.3.1/thumb/v7e-m+fp/hard/crti.o
                0x0000000008006c50                _fini
 .fini          0x0000000008006c54        0x8 /Applications/STM32CubeIDE.app/Contents/Eclipse/plugins/com.st.stm32cube.ide.mcu.externaltools.gnu-tools-for-stm32.11.3.rel1.macos64_1.1.100.202310310803/tools/bin/../lib/gcc/arm-none-eabi/11.3.1/thumb/v7e-m+fp/hard/crtn.o
                0x0000000008006c5c                . = ALIGN (0x4)
                0x0000000008006c5c                _etext = .

.vfp11_veneer   0x0000000008006c5c        0x0
 .vfp11_veneer  0x0000000008006c5c        0x0 linker stubs

.v4_bx          0x0000000008006c5c        0x0
 .v4_bx         0x0000000008006c5c        0x0 linker stubs

.iplt           0x0000000008006c5c        0x0
 .iplt          0x0000000008006c5c        0x0 /Applications/STM32CubeIDE.app/Contents/Eclipse/plugins/com.st.stm32cube.ide.mcu.externaltools.gnu-tools-for-stm32.11.3.rel1.macos64_1.1.100.202310310803/tools/bin/../lib/gcc/arm-none-eabi/11.3.1/thumb/v7e-m+fp/hard/crtbegin.o

.rodata         0x0000000008006c5c       0x60
                0x0000000008006c5c                . = ALIGN (0x4)
 *(.rodata)
 .rodata        0x0000000008006c5c        0x6 ./Src/App/ap.o
 *fill*         0x0000000008006c62        0x2 
 .rodata        0x0000000008006c64       0x46 ./Src/Lib/mx_ret6/USB_DEVICE/App/usbd_desc.o
 *(.rodata*)
 *fill*         0x0000000008006caa        0x2 
 .rodata.AHBPrescTable
                0x0000000008006cac       0x10 ./Src/Bsp/system_stm32f4xx.o
                0x0000000008006cac                AHBPrescTable
                0x0000000008006cbc                . = ALIGN (0x4)

.ARM.extab      0x0000000008006cbc        0x0
                0x0000000008006cbc                . = ALIGN (0x4)
 *(.ARM.extab* .gnu.linkonce.armextab.*)
                0x0000000008006cbc                . = ALIGN (0x4)

.ARM            0x0000000008006cbc        0x8
                0x0000000008006cbc                . = ALIGN (0x4)
                0x0000000008006cbc                __exidx_start = .
 *(.ARM.exidx*)
 .ARM.exidx     0x0000000008006cbc        0x8 /Applications/STM32CubeIDE.app/Contents/Eclipse/plugins/com.st.stm32cube.ide.mcu.externaltools.gnu-tools-for-stm32.11.3.rel1.macos64_1.1.100.202310310803/tools/bin/../lib/gcc/arm-none-eabi/11.3.1/thumb/v7e-m+fp/hard/libgcc.a(_udivmoddi4.o)
                0x0000000008006cc4                __exidx_end = .
                0x0000000008006cc4                . = ALIGN (0x4)

.rel.dyn        0x0000000008006cc4        0x0
 .rel.iplt      0x0000000008006cc4        0x0 /Applications/STM32CubeIDE.app/Contents/Eclipse/plugins/com.st.stm32cube.ide.mcu.externaltools.gnu-tools-for-stm32.11.3.rel1.macos64_1.1.100.202310310803/tools/bin/../lib/gcc/arm-none-eabi/11.3.1/thumb/v7e-m+fp/hard/crtbegin.o

.preinit_array  0x0000000008006cc4        0x0
                0x0000000008006cc4                . = ALIGN (0x4)
                0x0000000008006cc4                PROVIDE (__preinit_array_start = .)
 *(.preinit_array*)
                0x0000000008006cc4                PROVIDE (__preinit_array_end = .)
                0x0000000008006cc4                . = ALIGN (0x4)

.init_array     0x0000000008006cc4        0x4
                0x0000000008006cc4                . = ALIGN (0x4)
                0x0000000008006cc4                PROVIDE (__init_array_start = .)
 *(SORT_BY_NAME(.init_array.*))
 *(.init_array*)
 .init_array    0x0000000008006cc4        0x4 /Applications/STM32CubeIDE.app/Contents/Eclipse/plugins/com.st.stm32cube.ide.mcu.externaltools.gnu-tools-for-stm32.11.3.rel1.macos64_1.1.100.202310310803/tools/bin/../lib/gcc/arm-none-eabi/11.3.1/thumb/v7e-m+fp/hard/crtbegin.o
                0x0000000008006cc8                PROVIDE (__init_array_end = .)
                0x0000000008006cc8                . = ALIGN (0x4)

.fini_array     0x0000000008006cc8        0x4
                0x0000000008006cc8                . = ALIGN (0x4)
                [!provide]                        PROVIDE (__fini_array_start = .)
 *(SORT_BY_NAME(.fini_array.*))
 *(.fini_array*)
 .fini_array    0x0000000008006cc8        0x4 /Applications/STM32CubeIDE.app/Contents/Eclipse/plugins/com.st.stm32cube.ide.mcu.externaltools.gnu-tools-for-stm32.11.3.rel1.macos64_1.1.100.202310310803/tools/bin/../lib/gcc/arm-none-eabi/11.3.1/thumb/v7e-m+fp/hard/crtbegin.o
                [!provide]                        PROVIDE (__fini_array_end = .)
                0x0000000008006ccc                . = ALIGN (0x4)
                0x0000000008006ccc                _sidata = LOADADDR (.data)

.data           0x0000000020000000       0xfc load address 0x0000000008006ccc
                0x0000000020000000                . = ALIGN (0x4)
                0x0000000020000000                _sdata = .
 *(.data)
 *(.data*)
 .data.SystemCoreClock
                0x0000000020000000        0x4 ./Src/Bsp/system_stm32f4xx.o
                0x0000000020000000                SystemCoreClock
 .data.uwTickPrio
                0x0000000020000004        0x4 ./Src/Lib/mx_ret6/Drivers/STM32F4xx_HAL_Driver/Src/stm32f4xx_hal.o
                0x0000000020000004                uwTickPrio
 .data.uwTickFreq
                0x0000000020000008        0x1 ./Src/Lib/mx_ret6/Drivers/STM32F4xx_HAL_Driver/Src/stm32f4xx_hal.o
                0x0000000020000008                uwTickFreq
 *fill*         0x0000000020000009        0x3 
 .data.USBD_CDC_DeviceQualifierDesc
                0x000000002000000c        0xa ./Src/Lib/mx_ret6/Middlewares/ST/STM32_USB_Device_Library/Class/CDC/Src/usbd_cdc.o
 *fill*         0x0000000020000016        0x2 
 .data.USBD_CDC
                0x0000000020000018       0x38 ./Src/Lib/mx_ret6/Middlewares/ST/STM32_USB_Device_Library/Class/CDC/Src/usbd_cdc.o
                0x0000000020000018                USBD_CDC
 .data.USBD_CDC_CfgDesc
                0x0000000020000050       0x43 ./Src/Lib/mx_ret6/Middlewares/ST/STM32_USB_Device_Library/Class/CDC/Src/usbd_cdc.o
 .data.CDCInEpAdd
                0x0000000020000093        0x1 ./Src/Lib/mx_ret6/Middlewares/ST/STM32_USB_Device_Library/Class/CDC/Src/usbd_cdc.o
 .data.CDCOutEpAdd
                0x0000000020000094        0x1 ./Src/Lib/mx_ret6/Middlewares/ST/STM32_USB_Device_Library/Class/CDC/Src/usbd_cdc.o
 .data.CDCCmdEpAdd
                0x0000000020000095        0x1 ./Src/Lib/mx_ret6/Middlewares/ST/STM32_USB_Device_Library/Class/CDC/Src/usbd_cdc.o
 *fill*         0x0000000020000096        0x2 
 .data.USBD_Interface_fops_FS
                0x0000000020000098       0x14 ./Src/Lib/mx_ret6/USB_DEVICE/App/usbd_cdc_if.o
                0x0000000020000098                USBD_Interface_fops_FS
 .data.FS_Desc  0x00000000200000ac       0x1c ./Src/Lib/mx_ret6/USB_DEVICE/App/usbd_desc.o
                0x00000000200000ac                FS_Desc
 .data.USBD_FS_DeviceDesc
                0x00000000200000c8       0x12 ./Src/Lib/mx_ret6/USB_DEVICE/App/usbd_desc.o
                0x00000000200000c8                USBD_FS_DeviceDesc
 *fill*         0x00000000200000da        0x2 
 .data.USBD_LangIDDesc
                0x00000000200000dc        0x4 ./Src/Lib/mx_ret6/USB_DEVICE/App/usbd_desc.o
                0x00000000200000dc                USBD_LangIDDesc
 .data.USBD_StringSerial
                0x00000000200000e0       0x1a ./Src/Lib/mx_ret6/USB_DEVICE/App/usbd_desc.o
                0x00000000200000e0                USBD_StringSerial
 *(.RamFunc)
 *(.RamFunc*)
                0x00000000200000fc                . = ALIGN (0x4)
 *fill*         0x00000000200000fa        0x2 
                0x00000000200000fc                _edata = .

.igot.plt       0x00000000200000fc        0x0 load address 0x0000000008006dc8
 .igot.plt      0x00000000200000fc        0x0 /Applications/STM32CubeIDE.app/Contents/Eclipse/plugins/com.st.stm32cube.ide.mcu.externaltools.gnu-tools-for-stm32.11.3.rel1.macos64_1.1.100.202310310803/tools/bin/../lib/gcc/arm-none-eabi/11.3.1/thumb/v7e-m+fp/hard/crtbegin.o
                0x00000000200000fc                . = ALIGN (0x4)

.bss            0x00000000200000fc     0x1004 load address 0x0000000008006dc8
                0x00000000200000fc                _sbss = .
                0x00000000200000fc                __bss_start__ = _sbss
 *(.bss)
 .bss           0x00000000200000fc       0x1c /Applications/STM32CubeIDE.app/Contents/Eclipse/plugins/com.st.stm32cube.ide.mcu.externaltools.gnu-tools-for-stm32.11.3.rel1.macos64_1.1.100.202310310803/tools/bin/../lib/gcc/arm-none-eabi/11.3.1/thumb/v7e-m+fp/hard/crtbegin.o
 *(.bss*)
 .bss.uwTick    0x0000000020000118        0x4 ./Src/Lib/mx_ret6/Drivers/STM32F4xx_HAL_Driver/Src/stm32f4xx_hal.o
                0x0000000020000118                uwTick
 .bss.cfgidx.0  0x000000002000011c        0x1 ./Src/Lib/mx_ret6/Middlewares/ST/STM32_USB_Device_Library/Core/Src/usbd_ctlreq.o
 *fill*         0x000000002000011d        0x3 
 .bss.hUsbDeviceFS
                0x0000000020000120      0x2dc ./Src/Lib/mx_ret6/USB_DEVICE/App/usb_device.o
                0x0000000020000120                hUsbDeviceFS
 .bss.UserRxBufferFS
                0x00000000200003fc      0x200 ./Src/Lib/mx_ret6/USB_DEVICE/App/usbd_cdc_if.o
                0x00000000200003fc                UserRxBufferFS
 .bss.UserTxBufferFS
                0x00000000200005fc      0x200 ./Src/Lib/mx_ret6/USB_DEVICE/App/usbd_cdc_if.o
                0x00000000200005fc                UserTxBufferFS
 .bss.USBD_StrDesc
                0x00000000200007fc      0x200 ./Src/Lib/mx_ret6/USB_DEVICE/App/usbd_desc.o
                0x00000000200007fc                USBD_StrDesc
 .bss.hpcd_USB_OTG_FS
                0x00000000200009fc      0x4e4 ./Src/Lib/mx_ret6/USB_DEVICE/Target/usbd_conf.o
                0x00000000200009fc                hpcd_USB_OTG_FS
 .bss.mem.0     0x0000000020000ee0      0x220 ./Src/Lib/mx_ret6/USB_DEVICE/Target/usbd_conf.o
 *(COMMON)
                0x0000000020001100                . = ALIGN (0x4)
                0x0000000020001100                _ebss = .
                0x0000000020001100                __bss_end__ = _ebss

._user_heap_stack
                0x0000000020001100      0x600 load address 0x0000000008006dc8
                0x0000000020001100                . = ALIGN (0x8)
                [!provide]                        PROVIDE (end = .)
                0x0000000020001100                PROVIDE (_end = .)
                0x0000000020001300                . = (. + _Min_Heap_Size)
 *fill*         0x0000000020001100      0x200 
                0x0000000020001700                . = (. + _Min_Stack_Size)
 *fill*         0x0000000020001300      0x400 
                0x0000000020001700                . = ALIGN (0x8)

/DISCARD/
 libc.a(*)
 libm.a(*)
 libgcc.a(*)

.ARM.attributes
                0x0000000000000000       0x30
 *(.ARM.attributes)
 .ARM.attributes
                0x0000000000000000       0x1e /Applications/STM32CubeIDE.app/Contents/Eclipse/plugins/com.st.stm32cube.ide.mcu.externaltools.gnu-tools-for-stm32.11.3.rel1.macos64_1.1.100.202310310803/tools/bin/../lib/gcc/arm-none-eabi/11.3.1/thumb/v7e-m+fp/hard/crti.o
 .ARM.attributes
                0x000000000000001e       0x34 /Applications/STM32CubeIDE.app/Contents/Eclipse/plugins/com.st.stm32cube.ide.mcu.externaltools.gnu-tools-for-stm32.11.3.rel1.macos64_1.1.100.202310310803/tools/bin/../lib/gcc/arm-none-eabi/11.3.1/thumb/v7e-m+fp/hard/crtbegin.o
 .ARM.attributes
                0x0000000000000052       0x34 ./Src/App/ap.o
 .ARM.attributes
                0x0000000000000086       0x34 ./Src/Bsp/bsp.o
 .ARM.attributes
                0x00000000000000ba       0x34 ./Src/Bsp/stm32f4xx_hal_msp.o
 .ARM.attributes
                0x00000000000000ee       0x34 ./Src/Bsp/stm32f4xx_it.o
 .ARM.attributes
                0x0000000000000122       0x34 ./Src/Bsp/system_stm32f4xx.o
 .ARM.attributes
                0x0000000000000156       0x21 ./Src/Bsp/startup/startup_stm32f401retx.o
 .ARM.attributes
                0x0000000000000177       0x34 ./Src/Hw/hw.o
 .ARM.attributes
                0x00000000000001ab       0x34 ./Src/Lib/mx_ret6/Drivers/STM32F4xx_HAL_Driver/Src/stm32f4xx_hal.o
 .ARM.attributes
                0x00000000000001df       0x34 ./Src/Lib/mx_ret6/Drivers/STM32F4xx_HAL_Driver/Src/stm32f4xx_hal_cortex.o
 .ARM.attributes
                0x0000000000000213       0x34 ./Src/Lib/mx_ret6/Drivers/STM32F4xx_HAL_Driver/Src/stm32f4xx_hal_gpio.o
 .ARM.attributes
                0x0000000000000247       0x34 ./Src/Lib/mx_ret6/Drivers/STM32F4xx_HAL_Driver/Src/stm32f4xx_hal_pcd.o
 .ARM.attributes
                0x000000000000027b       0x34 ./Src/Lib/mx_ret6/Drivers/STM32F4xx_HAL_Driver/Src/stm32f4xx_hal_pcd_ex.o
 .ARM.attributes
                0x00000000000002af       0x34 ./Src/Lib/mx_ret6/Drivers/STM32F4xx_HAL_Driver/Src/stm32f4xx_hal_rcc.o
 .ARM.attributes
                0x00000000000002e3       0x34 ./Src/Lib/mx_ret6/Drivers/STM32F4xx_HAL_Driver/Src/stm32f4xx_ll_usb.o
 .ARM.attributes
                0x0000000000000317       0x34 ./Src/Lib/mx_ret6/Middlewares/ST/STM32_USB_Device_Library/Class/CDC/Src/usbd_cdc.o
 .ARM.attributes
                0x000000000000034b       0x34 ./Src/Lib/mx_ret6/Middlewares/ST/STM32_USB_Device_Library/Core/Src/usbd_core.o
 .ARM.attributes
                0x000000000000037f       0x34 ./Src/Lib/mx_ret6/Middlewares/ST/STM32_USB_Device_Library/Core/Src/usbd_ctlreq.o
 .ARM.attributes
                0x00000000000003b3       0x34 ./Src/Lib/mx_ret6/Middlewares/ST/STM32_USB_Device_Library/Core/Src/usbd_ioreq.o
 .ARM.attributes
                0x00000000000003e7       0x34 ./Src/Lib/mx_ret6/USB_DEVICE/App/usb_device.o
 .ARM.attributes
                0x000000000000041b       0x34 ./Src/Lib/mx_ret6/USB_DEVICE/App/usbd_cdc_if.o
 .ARM.attributes
                0x000000000000044f       0x34 ./Src/Lib/mx_ret6/USB_DEVICE/App/usbd_desc.o
 .ARM.attributes
                0x0000000000000483       0x34 ./Src/Lib/mx_ret6/USB_DEVICE/Target/usbd_conf.o
 .ARM.attributes
                0x00000000000004b7       0x34 ./Src/main.o
 .ARM.attributes
                0x00000000000004eb       0x34 /Applications/STM32CubeIDE.app/Contents/Eclipse/plugins/com.st.stm32cube.ide.mcu.externaltools.gnu-tools-for-stm32.11.3.rel1.macos64_1.1.100.202310310803/tools/bin/../lib/gcc/arm-none-eabi/11.3.1/../../../../arm-none-eabi/lib/thumb/v7e-m+fp/hard/libc_nano.a(libc_a-memset.o)
 .ARM.attributes
                0x000000000000051f       0x34 /Applications/STM32CubeIDE.app/Contents/Eclipse/plugins/com.st.stm32cube.ide.mcu.externaltools.gnu-tools-for-stm32.11.3.rel1.macos64_1.1.100.202310310803/tools/bin/../lib/gcc/arm-none-eabi/11.3.1/../../../../arm-none-eabi/lib/thumb/v7e-m+fp/hard/libc_nano.a(libc_a-init.o)
 .ARM.attributes
                0x0000000000000553       0x1e /Applications/STM32CubeIDE.app/Contents/Eclipse/plugins/com.st.stm32cube.ide.mcu.externaltools.gnu-tools-for-stm32.11.3.rel1.macos64_1.1.100.202310310803/tools/bin/../lib/gcc/arm-none-eabi/11.3.1/thumb/v7e-m+fp/hard/libgcc.a(_aeabi_uldivmod.o)
 .ARM.attributes
                0x0000000000000571       0x34 /Applications/STM32CubeIDE.app/Contents/Eclipse/plugins/com.st.stm32cube.ide.mcu.externaltools.gnu-tools-for-stm32.11.3.rel1.macos64_1.1.100.202310310803/tools/bin/../lib/gcc/arm-none-eabi/11.3.1/thumb/v7e-m+fp/hard/libgcc.a(_udivmoddi4.o)
 .ARM.attributes
                0x00000000000005a5       0x1e /Applications/STM32CubeIDE.app/Contents/Eclipse/plugins/com.st.stm32cube.ide.mcu.externaltools.gnu-tools-for-stm32.11.3.rel1.macos64_1.1.100.202310310803/tools/bin/../lib/gcc/arm-none-eabi/11.3.1/thumb/v7e-m+fp/hard/libgcc.a(_dvmd_tls.o)
 .ARM.attributes
                0x00000000000005c3       0x1e /Applications/STM32CubeIDE.app/Contents/Eclipse/plugins/com.st.stm32cube.ide.mcu.externaltools.gnu-tools-for-stm32.11.3.rel1.macos64_1.1.100.202310310803/tools/bin/../lib/gcc/arm-none-eabi/11.3.1/thumb/v7e-m+fp/hard/crtn.o
OUTPUT(unit_test.elf elf32-littlearm)
LOAD linker stubs
LOAD /Applications/STM32CubeIDE.app/Contents/Eclipse/plugins/com.st.stm32cube.ide.mcu.externaltools.gnu-tools-for-stm32.11.3.rel1.macos64_1.1.100.202310310803/tools/bin/../lib/gcc/arm-none-eabi/11.3.1/../../../../arm-none-eabi/lib/thumb/v7e-m+fp/hard/libc.a
LOAD /Applications/STM32CubeIDE.app/Contents/Eclipse/plugins/com.st.stm32cube.ide.mcu.externaltools.gnu-tools-for-stm32.11.3.rel1.macos64_1.1.100.202310310803/tools/bin/../lib/gcc/arm-none-eabi/11.3.1/../../../../arm-none-eabi/lib/thumb/v7e-m+fp/hard/libm.a
LOAD /Applications/STM32CubeIDE.app/Contents/Eclipse/plugins/com.st.stm32cube.ide.mcu.externaltools.gnu-tools-for-stm32.11.3.rel1.macos64_1.1.100.202310310803/tools/bin/../lib/gcc/arm-none-eabi/11.3.1/thumb/v7e-m+fp/hard/libgcc.a

.comment        0x0000000000000000       0x43
 .comment       0x0000000000000000       0x43 /Applications/STM32CubeIDE.app/Contents/Eclipse/plugins/com.st.stm32cube.ide.mcu.externaltools.gnu-tools-for-stm32.11.3.rel1.macos64_1.1.100.202310310803/tools/bin/../lib/gcc/arm-none-eabi/11.3.1/thumb/v7e-m+fp/hard/crtbegin.o
                                         0x44 (size before relaxing)
 .comment       0x0000000000000043       0x44 ./Src/App/ap.o
 .comment       0x0000000000000043       0x44 ./Src/Bsp/bsp.o
 .comment       0x0000000000000043       0x44 ./Src/Bsp/stm32f4xx_hal_msp.o
 .comment       0x0000000000000043       0x44 ./Src/Bsp/stm32f4xx_it.o
 .comment       0x0000000000000043       0x44 ./Src/Bsp/system_stm32f4xx.o
 .comment       0x0000000000000043       0x44 ./Src/Hw/hw.o
 .comment       0x0000000000000043       0x44 ./Src/Lib/mx_ret6/Drivers/STM32F4xx_HAL_Driver/Src/stm32f4xx_hal.o
 .comment       0x0000000000000043       0x44 ./Src/Lib/mx_ret6/Drivers/STM32F4xx_HAL_Driver/Src/stm32f4xx_hal_cortex.o
 .comment       0x0000000000000043       0x44 ./Src/Lib/mx_ret6/Drivers/STM32F4xx_HAL_Driver/Src/stm32f4xx_hal_gpio.o
 .comment       0x0000000000000043       0x44 ./Src/Lib/mx_ret6/Drivers/STM32F4xx_HAL_Driver/Src/stm32f4xx_hal_pcd.o
 .comment       0x0000000000000043       0x44 ./Src/Lib/mx_ret6/Drivers/STM32F4xx_HAL_Driver/Src/stm32f4xx_hal_pcd_ex.o
 .comment       0x0000000000000043       0x44 ./Src/Lib/mx_ret6/Drivers/STM32F4xx_HAL_Driver/Src/stm32f4xx_hal_rcc.o
 .comment       0x0000000000000043       0x44 ./Src/Lib/mx_ret6/Drivers/STM32F4xx_HAL_Driver/Src/stm32f4xx_ll_usb.o
 .comment       0x0000000000000043       0x44 ./Src/Lib/mx_ret6/Middlewares/ST/STM32_USB_Device_Library/Class/CDC/Src/usbd_cdc.o
 .comment       0x0000000000000043       0x44 ./Src/Lib/mx_ret6/Middlewares/ST/STM32_USB_Device_Library/Core/Src/usbd_core.o
 .comment       0x0000000000000043       0x44 ./Src/Lib/mx_ret6/Middlewares/ST/STM32_USB_Device_Library/Core/Src/usbd_ctlreq.o
 .comment       0x0000000000000043       0x44 ./Src/Lib/mx_ret6/Middlewares/ST/STM32_USB_Device_Library/Core/Src/usbd_ioreq.o
 .comment       0x0000000000000043       0x44 ./Src/Lib/mx_ret6/USB_DEVICE/App/usb_device.o
 .comment       0x0000000000000043       0x44 ./Src/Lib/mx_ret6/USB_DEVICE/App/usbd_cdc_if.o
 .comment       0x0000000000000043       0x44 ./Src/Lib/mx_ret6/USB_DEVICE/App/usbd_desc.o
 .comment       0x0000000000000043       0x44 ./Src/Lib/mx_ret6/USB_DEVICE/Target/usbd_conf.o
 .comment       0x0000000000000043       0x44 ./Src/main.o

.debug_info     0x0000000000000000     0xd65b
 .debug_info    0x0000000000000000      0x1fa ./Src/App/ap.o
 .debug_info    0x00000000000001fa      0x675 ./Src/Bsp/bsp.o
 .debug_info    0x000000000000086f      0x298 ./Src/Bsp/stm32f4xx_hal_msp.o
 .debug_info    0x0000000000000b07      0x62e ./Src/Bsp/stm32f4xx_it.o
 .debug_info    0x0000000000001135      0x537 ./Src/Bsp/system_stm32f4xx.o
 .debug_info    0x000000000000166c       0x23 ./Src/Bsp/startup/startup_stm32f401retx.o
 .debug_info    0x000000000000168f       0x99 ./Src/Hw/hw.o
 .debug_info    0x0000000000001728      0x8bb ./Src/Lib/mx_ret6/Drivers/STM32F4xx_HAL_Driver/Src/stm32f4xx_hal.o
 .debug_info    0x0000000000001fe3      0xcc1 ./Src/Lib/mx_ret6/Drivers/STM32F4xx_HAL_Driver/Src/stm32f4xx_hal_cortex.o
 .debug_info    0x0000000000002ca4      0x6f9 ./Src/Lib/mx_ret6/Drivers/STM32F4xx_HAL_Driver/Src/stm32f4xx_hal_gpio.o
 .debug_info    0x000000000000339d     0x1577 ./Src/Lib/mx_ret6/Drivers/STM32F4xx_HAL_Driver/Src/stm32f4xx_hal_pcd.o
 .debug_info    0x0000000000004914      0x6ea ./Src/Lib/mx_ret6/Drivers/STM32F4xx_HAL_Driver/Src/stm32f4xx_hal_pcd_ex.o
 .debug_info    0x0000000000004ffe      0x8f3 ./Src/Lib/mx_ret6/Drivers/STM32F4xx_HAL_Driver/Src/stm32f4xx_hal_rcc.o
 .debug_info    0x00000000000058f1     0x1993 ./Src/Lib/mx_ret6/Drivers/STM32F4xx_HAL_Driver/Src/stm32f4xx_ll_usb.o
 .debug_info    0x0000000000007284     0x12a3 ./Src/Lib/mx_ret6/Middlewares/ST/STM32_USB_Device_Library/Class/CDC/Src/usbd_cdc.o
 .debug_info    0x0000000000008527      0xe05 ./Src/Lib/mx_ret6/Middlewares/ST/STM32_USB_Device_Library/Core/Src/usbd_core.o
 .debug_info    0x000000000000932c      0xade ./Src/Lib/mx_ret6/Middlewares/ST/STM32_USB_Device_Library/Core/Src/usbd_ctlreq.o
 .debug_info    0x0000000000009e0a      0x755 ./Src/Lib/mx_ret6/Middlewares/ST/STM32_USB_Device_Library/Core/Src/usbd_ioreq.o
 .debug_info    0x000000000000a55f      0x701 ./Src/Lib/mx_ret6/USB_DEVICE/App/usb_device.o
 .debug_info    0x000000000000ac60      0x8fa ./Src/Lib/mx_ret6/USB_DEVICE/App/usbd_cdc_if.o
 .debug_info    0x000000000000b55a      0x458 ./Src/Lib/mx_ret6/USB_DEVICE/App/usbd_desc.o
 .debug_info    0x000000000000b9b2     0x1bff ./Src/Lib/mx_ret6/USB_DEVICE/Target/usbd_conf.o
 .debug_info    0x000000000000d5b1       0xaa ./Src/main.o

.debug_abbrev   0x0000000000000000     0x2b4c
 .debug_abbrev  0x0000000000000000      0x134 ./Src/App/ap.o
 .debug_abbrev  0x0000000000000134      0x1d6 ./Src/Bsp/bsp.o
 .debug_abbrev  0x000000000000030a       0xd8 ./Src/Bsp/stm32f4xx_hal_msp.o
 .debug_abbrev  0x00000000000003e2      0x1a4 ./Src/Bsp/stm32f4xx_it.o
 .debug_abbrev  0x0000000000000586      0x11a ./Src/Bsp/system_stm32f4xx.o
 .debug_abbrev  0x00000000000006a0       0x12 ./Src/Bsp/startup/startup_stm32f401retx.o
 .debug_abbrev  0x00000000000006b2       0x58 ./Src/Hw/hw.o
 .debug_abbrev  0x000000000000070a      0x24b ./Src/Lib/mx_ret6/Drivers/STM32F4xx_HAL_Driver/Src/stm32f4xx_hal.o
 .debug_abbrev  0x0000000000000955      0x328 ./Src/Lib/mx_ret6/Drivers/STM32F4xx_HAL_Driver/Src/stm32f4xx_hal_cortex.o
 .debug_abbrev  0x0000000000000c7d      0x1d3 ./Src/Lib/mx_ret6/Drivers/STM32F4xx_HAL_Driver/Src/stm32f4xx_hal_gpio.o
 .debug_abbrev  0x0000000000000e50      0x2b6 ./Src/Lib/mx_ret6/Drivers/STM32F4xx_HAL_Driver/Src/stm32f4xx_hal_pcd.o
 .debug_abbrev  0x0000000000001106      0x1da ./Src/Lib/mx_ret6/Drivers/STM32F4xx_HAL_Driver/Src/stm32f4xx_hal_pcd_ex.o
 .debug_abbrev  0x00000000000012e0      0x2b5 ./Src/Lib/mx_ret6/Drivers/STM32F4xx_HAL_Driver/Src/stm32f4xx_hal_rcc.o
 .debug_abbrev  0x0000000000001595      0x2b3 ./Src/Lib/mx_ret6/Drivers/STM32F4xx_HAL_Driver/Src/stm32f4xx_ll_usb.o
 .debug_abbrev  0x0000000000001848      0x2d2 ./Src/Lib/mx_ret6/Middlewares/ST/STM32_USB_Device_Library/Class/CDC/Src/usbd_cdc.o
 .debug_abbrev  0x0000000000001b1a      0x27c ./Src/Lib/mx_ret6/Middlewares/ST/STM32_USB_Device_Library/Core/Src/usbd_core.o
 .debug_abbrev  0x0000000000001d96      0x26f ./Src/Lib/mx_ret6/Middlewares/ST/STM32_USB_Device_Library/Core/Src/usbd_ctlreq.o
 .debug_abbrev  0x0000000000002005      0x19a ./Src/Lib/mx_ret6/Middlewares/ST/STM32_USB_Device_Library/Core/Src/usbd_ioreq.o
 .debug_abbrev  0x000000000000219f      0x195 ./Src/Lib/mx_ret6/USB_DEVICE/App/usb_device.o
 .debug_abbrev  0x0000000000002334      0x29d ./Src/Lib/mx_ret6/USB_DEVICE/App/usbd_cdc_if.o
 .debug_abbrev  0x00000000000025d1      0x1e1 ./Src/Lib/mx_ret6/USB_DEVICE/App/usbd_desc.o
 .debug_abbrev  0x00000000000027b2      0x33f ./Src/Lib/mx_ret6/USB_DEVICE/Target/usbd_conf.o
 .debug_abbrev  0x0000000000002af1       0x5b ./Src/main.o

.debug_aranges  0x0000000000000000      0xba8
 .debug_aranges
                0x0000000000000000       0x30 ./Src/App/ap.o
 .debug_aranges
                0x0000000000000030       0x30 ./Src/Bsp/bsp.o
 .debug_aranges
                0x0000000000000060       0x20 ./Src/Bsp/stm32f4xx_hal_msp.o
 .debug_aranges
                0x0000000000000080       0x68 ./Src/Bsp/stm32f4xx_it.o
 .debug_aranges
                0x00000000000000e8       0x28 ./Src/Bsp/system_stm32f4xx.o
 .debug_aranges
                0x0000000000000110       0x28 ./Src/Bsp/startup/startup_stm32f401retx.o
 .debug_aranges
                0x0000000000000138       0x20 ./Src/Hw/hw.o
 .debug_aranges
                0x0000000000000158       0xf0 ./Src/Lib/mx_ret6/Drivers/STM32F4xx_HAL_Driver/Src/stm32f4xx_hal.o
 .debug_aranges
                0x0000000000000248      0x120 ./Src/Lib/mx_ret6/Drivers/STM32F4xx_HAL_Driver/Src/stm32f4xx_hal_cortex.o
 .debug_aranges
                0x0000000000000368       0x58 ./Src/Lib/mx_ret6/Drivers/STM32F4xx_HAL_Driver/Src/stm32f4xx_hal_gpio.o
 .debug_aranges
                0x00000000000003c0      0x148 ./Src/Lib/mx_ret6/Drivers/STM32F4xx_HAL_Driver/Src/stm32f4xx_hal_pcd.o
 .debug_aranges
                0x0000000000000508       0x38 ./Src/Lib/mx_ret6/Drivers/STM32F4xx_HAL_Driver/Src/stm32f4xx_hal_pcd_ex.o
 .debug_aranges
                0x0000000000000540       0x88 ./Src/Lib/mx_ret6/Drivers/STM32F4xx_HAL_Driver/Src/stm32f4xx_hal_rcc.o
 .debug_aranges
                0x00000000000005c8      0x1a0 ./Src/Lib/mx_ret6/Drivers/STM32F4xx_HAL_Driver/Src/stm32f4xx_ll_usb.o
 .debug_aranges
                0x0000000000000768       0x90 ./Src/Lib/mx_ret6/Middlewares/ST/STM32_USB_Device_Library/Class/CDC/Src/usbd_cdc.o
 .debug_aranges
                0x00000000000007f8       0xd8 ./Src/Lib/mx_ret6/Middlewares/ST/STM32_USB_Device_Library/Core/Src/usbd_core.o
 .debug_aranges
                0x00000000000008d0       0x90 ./Src/Lib/mx_ret6/Middlewares/ST/STM32_USB_Device_Library/Core/Src/usbd_ctlreq.o
 .debug_aranges
                0x0000000000000960       0x50 ./Src/Lib/mx_ret6/Middlewares/ST/STM32_USB_Device_Library/Core/Src/usbd_ioreq.o
 .debug_aranges
                0x00000000000009b0       0x20 ./Src/Lib/mx_ret6/USB_DEVICE/App/usb_device.o
 .debug_aranges
                0x00000000000009d0       0x48 ./Src/Lib/mx_ret6/USB_DEVICE/App/usbd_cdc_if.o
 .debug_aranges
                0x0000000000000a18       0x60 ./Src/Lib/mx_ret6/USB_DEVICE/App/usbd_desc.o
 .debug_aranges
                0x0000000000000a78      0x110 ./Src/Lib/mx_ret6/USB_DEVICE/Target/usbd_conf.o
 .debug_aranges
                0x0000000000000b88       0x20 ./Src/main.o

.debug_rnglists
                0x0000000000000000      0x887
 .debug_rnglists
                0x0000000000000000       0x1f ./Src/App/ap.o
 .debug_rnglists
                0x000000000000001f       0x21 ./Src/Bsp/bsp.o
 .debug_rnglists
                0x0000000000000040       0x13 ./Src/Bsp/stm32f4xx_hal_msp.o
 .debug_rnglists
                0x0000000000000053       0x49 ./Src/Bsp/stm32f4xx_it.o
 .debug_rnglists
                0x000000000000009c       0x1a ./Src/Bsp/system_stm32f4xx.o
 .debug_rnglists
                0x00000000000000b6       0x19 ./Src/Bsp/startup/startup_stm32f401retx.o
 .debug_rnglists
                0x00000000000000cf       0x13 ./Src/Hw/hw.o
 .debug_rnglists
                0x00000000000000e2       0xaf ./Src/Lib/mx_ret6/Drivers/STM32F4xx_HAL_Driver/Src/stm32f4xx_hal.o
 .debug_rnglists
                0x0000000000000191       0xd4 ./Src/Lib/mx_ret6/Drivers/STM32F4xx_HAL_Driver/Src/stm32f4xx_hal_cortex.o
 .debug_rnglists
                0x0000000000000265       0x3f ./Src/Lib/mx_ret6/Drivers/STM32F4xx_HAL_Driver/Src/stm32f4xx_hal_gpio.o
 .debug_rnglists
                0x00000000000002a4       0xfa ./Src/Lib/mx_ret6/Drivers/STM32F4xx_HAL_Driver/Src/stm32f4xx_hal_pcd.o
 .debug_rnglists
                0x000000000000039e       0x26 ./Src/Lib/mx_ret6/Drivers/STM32F4xx_HAL_Driver/Src/stm32f4xx_hal_pcd_ex.o
 .debug_rnglists
                0x00000000000003c4       0x66 ./Src/Lib/mx_ret6/Drivers/STM32F4xx_HAL_Driver/Src/stm32f4xx_hal_rcc.o
 .debug_rnglists
                0x000000000000042a      0x147 ./Src/Lib/mx_ret6/Drivers/STM32F4xx_HAL_Driver/Src/stm32f4xx_ll_usb.o
 .debug_rnglists
                0x0000000000000571       0x6c ./Src/Lib/mx_ret6/Middlewares/ST/STM32_USB_Device_Library/Class/CDC/Src/usbd_cdc.o
 .debug_rnglists
                0x00000000000005dd       0xa1 ./Src/Lib/mx_ret6/Middlewares/ST/STM32_USB_Device_Library/Core/Src/usbd_core.o
 .debug_rnglists
                0x000000000000067e       0x6e ./Src/Lib/mx_ret6/Middlewares/ST/STM32_USB_Device_Library/Core/Src/usbd_ctlreq.o
 .debug_rnglists
                0x00000000000006ec       0x37 ./Src/Lib/mx_ret6/Middlewares/ST/STM32_USB_Device_Library/Core/Src/usbd_ioreq.o
 .debug_rnglists
                0x0000000000000723       0x13 ./Src/Lib/mx_ret6/USB_DEVICE/App/usb_device.o
 .debug_rnglists
                0x0000000000000736       0x32 ./Src/Lib/mx_ret6/USB_DEVICE/App/usbd_cdc_if.o
 .debug_rnglists
                0x0000000000000768       0x43 ./Src/Lib/mx_ret6/USB_DEVICE/App/usbd_desc.o
 .debug_rnglists
                0x00000000000007ab       0xc9 ./Src/Lib/mx_ret6/USB_DEVICE/Target/usbd_conf.o
 .debug_rnglists
                0x0000000000000874       0x13 ./Src/main.o

.debug_macro    0x0000000000000000    0x188d3
 .debug_macro   0x0000000000000000      0x376 ./Src/App/ap.o
 .debug_macro   0x0000000000000376      0xa9c ./Src/App/ap.o
 .debug_macro   0x0000000000000e12       0x22 ./Src/App/ap.o
 .debug_macro   0x0000000000000e34       0x5b ./Src/App/ap.o
 .debug_macro   0x0000000000000e8f       0x2a ./Src/App/ap.o
 .debug_macro   0x0000000000000eb9       0x94 ./Src/App/ap.o
 .debug_macro   0x0000000000000f4d       0x43 ./Src/App/ap.o
 .debug_macro   0x0000000000000f90       0x34 ./Src/App/ap.o
 .debug_macro   0x0000000000000fc4       0x16 ./Src/App/ap.o
 .debug_macro   0x0000000000000fda       0x57 ./Src/App/ap.o
 .debug_macro   0x0000000000001031       0x97 ./Src/App/ap.o
 .debug_macro   0x00000000000010c8      0x369 ./Src/App/ap.o
 .debug_macro   0x0000000000001431       0xfd ./Src/App/ap.o
 .debug_macro   0x000000000000152e       0x10 ./Src/App/ap.o
 .debug_macro   0x000000000000153e       0x16 ./Src/App/ap.o
 .debug_macro   0x0000000000001554       0x43 ./Src/App/ap.o
 .debug_macro   0x0000000000001597       0x34 ./Src/App/ap.o
 .debug_macro   0x00000000000015cb       0x10 ./Src/App/ap.o
 .debug_macro   0x00000000000015db       0x58 ./Src/App/ap.o
 .debug_macro   0x0000000000001633       0x8e ./Src/App/ap.o
 .debug_macro   0x00000000000016c1       0x1c ./Src/App/ap.o
 .debug_macro   0x00000000000016dd      0x177 ./Src/App/ap.o
 .debug_macro   0x0000000000001854       0x16 ./Src/App/ap.o
 .debug_macro   0x000000000000186a       0x16 ./Src/App/ap.o
 .debug_macro   0x0000000000001880      0x147 ./Src/App/ap.o
 .debug_macro   0x00000000000019c7      0x103 ./Src/App/ap.o
 .debug_macro   0x0000000000001aca       0x6a ./Src/App/ap.o
 .debug_macro   0x0000000000001b34      0x1df ./Src/App/ap.o
 .debug_macro   0x0000000000001d13       0x22 ./Src/App/ap.o
 .debug_macro   0x0000000000001d35      0x295 ./Src/App/ap.o
 .debug_macro   0x0000000000001fca       0x2e ./Src/App/ap.o
 .debug_macro   0x0000000000001ff8       0x28 ./Src/App/ap.o
 .debug_macro   0x0000000000002020       0x1c ./Src/App/ap.o
 .debug_macro   0x000000000000203c       0x22 ./Src/App/ap.o
 .debug_macro   0x000000000000205e       0xfb ./Src/App/ap.o
 .debug_macro   0x0000000000002159     0x1011 ./Src/App/ap.o
 .debug_macro   0x000000000000316a      0x11f ./Src/App/ap.o
 .debug_macro   0x0000000000003289     0xb86c ./Src/App/ap.o
 .debug_macro   0x000000000000eaf5       0x6d ./Src/App/ap.o
 .debug_macro   0x000000000000eb62     0x368c ./Src/App/ap.o
 .debug_macro   0x00000000000121ee       0x56 ./Src/App/ap.o
 .debug_macro   0x0000000000012244      0x416 ./Src/App/ap.o
 .debug_macro   0x000000000001265a      0x9e9 ./Src/App/ap.o
 .debug_macro   0x0000000000013043      0x115 ./Src/App/ap.o
 .debug_macro   0x0000000000013158       0xf8 ./Src/App/ap.o
 .debug_macro   0x0000000000013250       0xa5 ./Src/App/ap.o
 .debug_macro   0x00000000000132f5      0x15f ./Src/App/ap.o
 .debug_macro   0x0000000000013454      0x287 ./Src/App/ap.o
 .debug_macro   0x00000000000136db       0x5f ./Src/App/ap.o
 .debug_macro   0x000000000001373a      0x236 ./Src/App/ap.o
 .debug_macro   0x0000000000013970      0x132 ./Src/App/ap.o
 .debug_macro   0x0000000000013aa2      0x264 ./Src/App/ap.o
 .debug_macro   0x0000000000013d06       0x2e ./Src/App/ap.o
 .debug_macro   0x0000000000013d34      0x127 ./Src/App/ap.o
 .debug_macro   0x0000000000013e5b       0x85 ./Src/App/ap.o
 .debug_macro   0x0000000000013ee0       0x89 ./Src/App/ap.o
 .debug_macro   0x0000000000013f69      0x293 ./Src/App/ap.o
 .debug_macro   0x00000000000141fc       0xba ./Src/App/ap.o
 .debug_macro   0x00000000000142b6      0x126 ./Src/App/ap.o
 .debug_macro   0x00000000000143dc       0x16 ./Src/App/ap.o
 .debug_macro   0x00000000000143f2       0x35 ./Src/App/ap.o
 .debug_macro   0x0000000000014427       0x16 ./Src/App/ap.o
 .debug_macro   0x000000000001443d       0x29 ./Src/App/ap.o
 .debug_macro   0x0000000000014466       0x16 ./Src/App/ap.o
 .debug_macro   0x000000000001447c       0x20 ./Src/App/ap.o
 .debug_macro   0x000000000001449c       0x65 ./Src/App/ap.o
 .debug_macro   0x0000000000014501      0x20f ./Src/App/ap.o
 .debug_macro   0x0000000000014710      0x376 ./Src/Bsp/bsp.o
 .debug_macro   0x0000000000014a86      0x376 ./Src/Bsp/stm32f4xx_hal_msp.o
 .debug_macro   0x0000000000014dfc      0x380 ./Src/Bsp/stm32f4xx_it.o
 .debug_macro   0x000000000001517c       0xda ./Src/Bsp/system_stm32f4xx.o
 .debug_macro   0x0000000000015256       0x8e ./Src/Bsp/system_stm32f4xx.o
 .debug_macro   0x00000000000152e4       0x51 ./Src/Bsp/system_stm32f4xx.o
 .debug_macro   0x0000000000015335      0x376 ./Src/Hw/hw.o
 .debug_macro   0x00000000000156ab      0x22f ./Src/Lib/mx_ret6/Drivers/STM32F4xx_HAL_Driver/Src/stm32f4xx_hal.o
 .debug_macro   0x00000000000158da       0x5c ./Src/Lib/mx_ret6/Drivers/STM32F4xx_HAL_Driver/Src/stm32f4xx_hal.o
 .debug_macro   0x0000000000015936      0x1cf ./Src/Lib/mx_ret6/Drivers/STM32F4xx_HAL_Driver/Src/stm32f4xx_hal_cortex.o
 .debug_macro   0x0000000000015b05      0x1d5 ./Src/Lib/mx_ret6/Drivers/STM32F4xx_HAL_Driver/Src/stm32f4xx_hal_gpio.o
 .debug_macro   0x0000000000015cda      0x1db ./Src/Lib/mx_ret6/Drivers/STM32F4xx_HAL_Driver/Src/stm32f4xx_hal_pcd.o
 .debug_macro   0x0000000000015eb5      0x1cf ./Src/Lib/mx_ret6/Drivers/STM32F4xx_HAL_Driver/Src/stm32f4xx_hal_pcd_ex.o
 .debug_macro   0x0000000000016084      0x1f3 ./Src/Lib/mx_ret6/Drivers/STM32F4xx_HAL_Driver/Src/stm32f4xx_hal_rcc.o
 .debug_macro   0x0000000000016277      0x1cf ./Src/Lib/mx_ret6/Drivers/STM32F4xx_HAL_Driver/Src/stm32f4xx_ll_usb.o
 .debug_macro   0x0000000000016446      0x3b1 ./Src/Lib/mx_ret6/Middlewares/ST/STM32_USB_Device_Library/Class/CDC/Src/usbd_cdc.o
 .debug_macro   0x00000000000167f7       0x95 ./Src/Lib/mx_ret6/Middlewares/ST/STM32_USB_Device_Library/Class/CDC/Src/usbd_cdc.o
 .debug_macro   0x000000000001688c      0x3a2 ./Src/Lib/mx_ret6/Middlewares/ST/STM32_USB_Device_Library/Core/Src/usbd_core.o
 .debug_macro   0x0000000000016c2e      0x227 ./Src/Lib/mx_ret6/Middlewares/ST/STM32_USB_Device_Library/Core/Src/usbd_core.o
 .debug_macro   0x0000000000016e55      0x3a2 ./Src/Lib/mx_ret6/Middlewares/ST/STM32_USB_Device_Library/Core/Src/usbd_ctlreq.o
 .debug_macro   0x00000000000171f7      0x39e ./Src/Lib/mx_ret6/Middlewares/ST/STM32_USB_Device_Library/Core/Src/usbd_ioreq.o
 .debug_macro   0x0000000000017595      0x3cd ./Src/Lib/mx_ret6/USB_DEVICE/App/usb_device.o
 .debug_macro   0x0000000000017962       0x61 ./Src/Lib/mx_ret6/USB_DEVICE/App/usb_device.o
 .debug_macro   0x00000000000179c3       0x22 ./Src/Lib/mx_ret6/USB_DEVICE/App/usb_device.o
 .debug_macro   0x00000000000179e5       0x16 ./Src/Lib/mx_ret6/USB_DEVICE/App/usb_device.o
 .debug_macro   0x00000000000179fb      0x3bc ./Src/Lib/mx_ret6/USB_DEVICE/App/usbd_cdc_if.o
 .debug_macro   0x0000000000017db7       0x10 ./Src/Lib/mx_ret6/USB_DEVICE/App/usbd_cdc_if.o
 .debug_macro   0x0000000000017dc7      0x3db ./Src/Lib/mx_ret6/USB_DEVICE/App/usbd_desc.o
 .debug_macro   0x00000000000181a2      0x3bb ./Src/Lib/mx_ret6/USB_DEVICE/Target/usbd_conf.o
 .debug_macro   0x000000000001855d      0x376 ./Src/main.o

.debug_line     0x0000000000000000    0x145de
 .debug_line    0x0000000000000000      0xcc6 ./Src/App/ap.o
 .debug_line    0x0000000000000cc6      0xd1c ./Src/Bsp/bsp.o
 .debug_line    0x00000000000019e2      0xc96 ./Src/Bsp/stm32f4xx_hal_msp.o
 .debug_line    0x0000000000002678      0xd70 ./Src/Bsp/stm32f4xx_it.o
 .debug_line    0x00000000000033e8      0x5a0 ./Src/Bsp/system_stm32f4xx.o
 .debug_line    0x0000000000003988       0x7b ./Src/Bsp/startup/startup_stm32f401retx.o
 .debug_line    0x0000000000003a03      0xc8c ./Src/Hw/hw.o
 .debug_line    0x000000000000468f      0xb35 ./Src/Lib/mx_ret6/Drivers/STM32F4xx_HAL_Driver/Src/stm32f4xx_hal.o
 .debug_line    0x00000000000051c4      0xe01 ./Src/Lib/mx_ret6/Drivers/STM32F4xx_HAL_Driver/Src/stm32f4xx_hal_cortex.o
 .debug_line    0x0000000000005fc5      0xc6d ./Src/Lib/mx_ret6/Drivers/STM32F4xx_HAL_Driver/Src/stm32f4xx_hal_gpio.o
 .debug_line    0x0000000000006c32     0x15c3 ./Src/Lib/mx_ret6/Drivers/STM32F4xx_HAL_Driver/Src/stm32f4xx_hal_pcd.o
 .debug_line    0x00000000000081f5      0x918 ./Src/Lib/mx_ret6/Drivers/STM32F4xx_HAL_Driver/Src/stm32f4xx_hal_pcd_ex.o
 .debug_line    0x0000000000008b0d      0xeac ./Src/Lib/mx_ret6/Drivers/STM32F4xx_HAL_Driver/Src/stm32f4xx_hal_rcc.o
 .debug_line    0x00000000000099b9     0x1ca5 ./Src/Lib/mx_ret6/Drivers/STM32F4xx_HAL_Driver/Src/stm32f4xx_ll_usb.o
 .debug_line    0x000000000000b65e     0x1266 ./Src/Lib/mx_ret6/Middlewares/ST/STM32_USB_Device_Library/Class/CDC/Src/usbd_cdc.o
 .debug_line    0x000000000000c8c4     0x129a ./Src/Lib/mx_ret6/Middlewares/ST/STM32_USB_Device_Library/Core/Src/usbd_core.o
 .debug_line    0x000000000000db5e     0x1487 ./Src/Lib/mx_ret6/Middlewares/ST/STM32_USB_Device_Library/Core/Src/usbd_ctlreq.o
 .debug_line    0x000000000000efe5      0xdb1 ./Src/Lib/mx_ret6/Middlewares/ST/STM32_USB_Device_Library/Core/Src/usbd_ioreq.o
 .debug_line    0x000000000000fd96      0xdb6 ./Src/Lib/mx_ret6/USB_DEVICE/App/usb_device.o
 .debug_line    0x0000000000010b4c      0xe19 ./Src/Lib/mx_ret6/USB_DEVICE/App/usbd_cdc_if.o
 .debug_line    0x0000000000011965      0xe36 ./Src/Lib/mx_ret6/USB_DEVICE/App/usbd_desc.o
 .debug_line    0x000000000001279b     0x11b1 ./Src/Lib/mx_ret6/USB_DEVICE/Target/usbd_conf.o
 .debug_line    0x000000000001394c      0xc92 ./Src/main.o

.debug_str      0x0000000000000000    0x864b1
 .debug_str     0x0000000000000000    0x8283d ./Src/App/ap.o
                                      0x82b21 (size before relaxing)
 .debug_str     0x000000000008283d      0x361 ./Src/Bsp/bsp.o
                                      0x82e46 (size before relaxing)
 .debug_str     0x0000000000082b9e       0x2b ./Src/Bsp/stm32f4xx_hal_msp.o
                                      0x82bb8 (size before relaxing)
 .debug_str     0x0000000000082bc9      0x49a ./Src/Bsp/stm32f4xx_it.o
                                      0x82f5f (size before relaxing)
 .debug_str     0x0000000000083063      0x118 ./Src/Bsp/system_stm32f4xx.o
                                      0x4f8fb (size before relaxing)
 .debug_str     0x000000000008317b       0x37 ./Src/Bsp/startup/startup_stm32f401retx.o
                                         0x79 (size before relaxing)
 .debug_str     0x00000000000831b2       0x16 ./Src/Hw/hw.o
                                      0x82a82 (size before relaxing)
 .debug_str     0x00000000000831c8      0x9be ./Src/Lib/mx_ret6/Drivers/STM32F4xx_HAL_Driver/Src/stm32f4xx_hal.o
                                      0x7f339 (size before relaxing)
 .debug_str     0x0000000000083b86      0x376 ./Src/Lib/mx_ret6/Drivers/STM32F4xx_HAL_Driver/Src/stm32f4xx_hal_cortex.o
                                      0x7f071 (size before relaxing)
 .debug_str     0x0000000000083efc      0x12e ./Src/Lib/mx_ret6/Drivers/STM32F4xx_HAL_Driver/Src/stm32f4xx_hal_gpio.o
                                      0x7ea92 (size before relaxing)
 .debug_str     0x000000000008402a      0x841 ./Src/Lib/mx_ret6/Drivers/STM32F4xx_HAL_Driver/Src/stm32f4xx_hal_pcd.o
                                      0x7f3e3 (size before relaxing)
 .debug_str     0x000000000008486b      0x125 ./Src/Lib/mx_ret6/Drivers/STM32F4xx_HAL_Driver/Src/stm32f4xx_hal_pcd_ex.o
                                      0x7ecd3 (size before relaxing)
 .debug_str     0x0000000000084990      0x22f ./Src/Lib/mx_ret6/Drivers/STM32F4xx_HAL_Driver/Src/stm32f4xx_hal_rcc.o
                                      0x7ed4b (size before relaxing)
 .debug_str     0x0000000000084bbf      0x4c9 ./Src/Lib/mx_ret6/Drivers/STM32F4xx_HAL_Driver/Src/stm32f4xx_ll_usb.o
                                      0x7f2be (size before relaxing)
 .debug_str     0x0000000000085088      0xa4b ./Src/Lib/mx_ret6/Middlewares/ST/STM32_USB_Device_Library/Class/CDC/Src/usbd_cdc.o
                                      0x839ba (size before relaxing)
 .debug_str     0x0000000000085ad3      0x36c ./Src/Lib/mx_ret6/Middlewares/ST/STM32_USB_Device_Library/Core/Src/usbd_core.o
                                      0x83313 (size before relaxing)
 .debug_str     0x0000000000085e3f      0x149 ./Src/Lib/mx_ret6/Middlewares/ST/STM32_USB_Device_Library/Core/Src/usbd_ctlreq.o
                                      0x8313e (size before relaxing)
 .debug_str     0x0000000000085f88       0x61 ./Src/Lib/mx_ret6/Middlewares/ST/STM32_USB_Device_Library/Core/Src/usbd_ioreq.o
                                      0x83013 (size before relaxing)
 .debug_str     0x0000000000085fe9      0x113 ./Src/Lib/mx_ret6/USB_DEVICE/App/usb_device.o
                                      0x833b1 (size before relaxing)
 .debug_str     0x00000000000860fc       0xa1 ./Src/Lib/mx_ret6/USB_DEVICE/App/usbd_cdc_if.o
                                      0x83404 (size before relaxing)
 .debug_str     0x000000000008619d      0x27e ./Src/Lib/mx_ret6/USB_DEVICE/App/usbd_desc.o
                                      0x82f13 (size before relaxing)
 .debug_str     0x000000000008641b       0x83 ./Src/Lib/mx_ret6/USB_DEVICE/Target/usbd_conf.o
                                      0x840b8 (size before relaxing)
 .debug_str     0x000000000008649e       0x13 ./Src/main.o
                                      0x82a8c (size before relaxing)

.debug_frame    0x0000000000000000     0x2d28
 .debug_frame   0x0000000000000000       0x70 ./Src/App/ap.o
 .debug_frame   0x0000000000000070       0x70 ./Src/Bsp/bsp.o
 .debug_frame   0x00000000000000e0       0x38 ./Src/Bsp/stm32f4xx_hal_msp.o
 .debug_frame   0x0000000000000118      0x120 ./Src/Bsp/stm32f4xx_it.o
 .debug_frame   0x0000000000000238       0x58 ./Src/Bsp/system_stm32f4xx.o
 .debug_frame   0x0000000000000290       0x2c ./Src/Hw/hw.o
 .debug_frame   0x00000000000002bc      0x374 ./Src/Lib/mx_ret6/Drivers/STM32F4xx_HAL_Driver/Src/stm32f4xx_hal.o
 .debug_frame   0x0000000000000630      0x4b8 ./Src/Lib/mx_ret6/Drivers/STM32F4xx_HAL_Driver/Src/stm32f4xx_hal_cortex.o
 .debug_frame   0x0000000000000ae8      0x14c ./Src/Lib/mx_ret6/Drivers/STM32F4xx_HAL_Driver/Src/stm32f4xx_hal_gpio.o
 .debug_frame   0x0000000000000c34      0x5b8 ./Src/Lib/mx_ret6/Drivers/STM32F4xx_HAL_Driver/Src/stm32f4xx_hal_pcd.o