Archive member included to satisfy reference by file (symbol)

/Applications/STM32CubeIDE.app/Contents/Eclipse/plugins/com.st.stm32cube.ide.mcu.externaltools.gnu-tools-for-stm32.11.3.rel1.macos64_1.1.100.202310310803/tools/bin/../lib/gcc/arm-none-eabi/11.3.1/../../../../arm-none-eabi/lib/thumb/v7e-m+fp/hard/libc_nano.a(libc_a-exit.o)
                              /Applications/STM32CubeIDE.app/Contents/Eclipse/plugins/com.st.stm32cube.ide.mcu.externaltools.gnu-tools-for-stm32.11.3.rel1.macos64_1.1.100.202310310803/tools/bin/../lib/gcc/arm-none-eabi/11.3.1/../../../../arm-none-eabi/lib/thumb/v7e-m+fp/hard/crt0.o (exit)
/Applications/STM32CubeIDE.app/Contents/Eclipse/plugins/com.st.stm32cube.ide.mcu.externaltools.gnu-tools-for-stm32.11.3.rel1.macos64_1.1.100.202310310803/tools/bin/../lib/gcc/arm-none-eabi/11.3.1/../../../../arm-none-eabi/lib/thumb/v7e-m+fp/hard/libc_nano.a(libc_a-findfp.o)
                              /Applications/STM32CubeIDE.app/Contents/Eclipse/plugins/com.st.stm32cube.ide.mcu.externaltools.gnu-tools-for-stm32.11.3.rel1.macos64_1.1.100.202310310803/tools/bin/../lib/gcc/arm-none-eabi/11.3.1/../../../../arm-none-eabi/lib/thumb/v7e-m+fp/hard/libc_nano.a(libc_a-exit.o) (__stdio_exit_handler)
/Applications/STM32CubeIDE.app/Contents/Eclipse/plugins/com.st.stm32cube.ide.mcu.externaltools.gnu-tools-for-stm32.11.3.rel1.macos64_1.1.100.202310310803/tools/bin/../lib/gcc/arm-none-eabi/11.3.1/../../../../arm-none-eabi/lib/thumb/v7e-m+fp/hard/libc_nano.a(libc_a-fwalk.o)
                              /Applications/STM32CubeIDE.app/Contents/Eclipse/plugins/com.st.stm32cube.ide.mcu.externaltools.gnu-tools-for-stm32.11.3.rel1.macos64_1.1.100.202310310803/tools/bin/../lib/gcc/arm-none-eabi/11.3.1/../../../../arm-none-eabi/lib/thumb/v7e-m+fp/hard/libc_nano.a(libc_a-findfp.o) (_fwalk_sglue)
/Applications/STM32CubeIDE.app/Contents/Eclipse/plugins/com.st.stm32cube.ide.mcu.externaltools.gnu-tools-for-stm32.11.3.rel1.macos64_1.1.100.202310310803/tools/bin/../lib/gcc/arm-none-eabi/11.3.1/../../../../arm-none-eabi/lib/thumb/v7e-m+fp/hard/libc_nano.a(libc_a-memset.o)
                              /Applications/STM32CubeIDE.app/Contents/Eclipse/plugins/com.st.stm32cube.ide.mcu.externaltools.gnu-tools-for-stm32.11.3.rel1.macos64_1.1.100.202310310803/tools/bin/../lib/gcc/arm-none-eabi/11.3.1/../../../../arm-none-eabi/lib/thumb/v7e-m+fp/hard/crt0.o (memset)
/Applications/STM32CubeIDE.app/Contents/Eclipse/plugins/com.st.stm32cube.ide.mcu.externaltools.gnu-tools-for-stm32.11.3.rel1.macos64_1.1.100.202310310803/tools/bin/../lib/gcc/arm-none-eabi/11.3.1/../../../../arm-none-eabi/lib/thumb/v7e-m+fp/hard/libc_nano.a(libc_a-impure.o)
                              /Applications/STM32CubeIDE.app/Contents/Eclipse/plugins/com.st.stm32cube.ide.mcu.externaltools.gnu-tools-for-stm32.11.3.rel1.macos64_1.1.100.202310310803/tools/bin/../lib/gcc/arm-none-eabi/11.3.1/../../../../arm-none-eabi/lib/thumb/v7e-m+fp/hard/libc_nano.a(libc_a-findfp.o) (_impure_data)
/Applications/STM32CubeIDE.app/Contents/Eclipse/plugins/com.st.stm32cube.ide.mcu.externaltools.gnu-tools-for-stm32.11.3.rel1.macos64_1.1.100.202310310803/tools/bin/../lib/gcc/arm-none-eabi/11.3.1/../../../../arm-none-eabi/lib/thumb/v7e-m+fp/hard/libc_nano.a(libc_a-errno.o)
                              ./Src/Bsp/syscalls.o (__errno)
/Applications/STM32CubeIDE.app/Contents/Eclipse/plugins/com.st.stm32cube.ide.mcu.externaltools.gnu-tools-for-stm32.11.3.rel1.macos64_1.1.100.202310310803/tools/bin/../lib/gcc/arm-none-eabi/11.3.1/../../../../arm-none-eabi/lib/thumb/v7e-m+fp/hard/libc_nano.a(libc_a-init.o)
                              /Applications/STM32CubeIDE.app/Contents/Eclipse/plugins/com.st.stm32cube.ide.mcu.externaltools.gnu-tools-for-stm32.11.3.rel1.macos64_1.1.100.202310310803/tools/bin/../lib/gcc/arm-none-eabi/11.3.1/../../../../arm-none-eabi/lib/thumb/v7e-m+fp/hard/crt0.o (__libc_init_array)
/Applications/STM32CubeIDE.app/Contents/Eclipse/plugins/com.st.stm32cube.ide.mcu.externaltools.gnu-tools-for-stm32.11.3.rel1.macos64_1.1.100.202310310803/tools/bin/../lib/gcc/arm-none-eabi/11.3.1/../../../../arm-none-eabi/lib/thumb/v7e-m+fp/hard/libc_nano.a(libc_a-lock.o)
                              /Applications/STM32CubeIDE.app/Contents/Eclipse/plugins/com.st.stm32cube.ide.mcu.externaltools.gnu-tools-for-stm32.11.3.rel1.macos64_1.1.100.202310310803/tools/bin/../lib/gcc/arm-none-eabi/11.3.1/../../../../arm-none-eabi/lib/thumb/v7e-m+fp/hard/libc_nano.a(libc_a-findfp.o) (__retarget_lock_init_recursive)
/Applications/STM32CubeIDE.app/Contents/Eclipse/plugins/com.st.stm32cube.ide.mcu.externaltools.gnu-tools-for-stm32.11.3.rel1.macos64_1.1.100.202310310803/tools/bin/../lib/gcc/arm-none-eabi/11.3.1/../../../../arm-none-eabi/lib/thumb/v7e-m+fp/hard/libc_nano.a(libc_a-mallocr.o)
[...]
Memory Configuration

Name             Origin             Length             Attributes
RAM              0x0000000020000000 0x0000000000018000 xrw
FLASH            0x0000000008000000 0x0000000000080000 xr
*default*        0x0000000000000000 0xffffffffffffffff

Linker script and memory map

LOAD /Applications/STM32CubeIDE.app/Contents/Eclipse/plugins/com.st.stm32cube.ide.mcu.externaltools.gnu-tools-for-stm32.11.3.rel1.macos64_1.1.100.202310310803/tools/bin/../lib/gcc/arm-none-eabi/11.3.1/thumb/v7e-m+fp/hard/crti.o
LOAD /Applications/STM32CubeIDE.app/Contents/Eclipse/plugins/com.st.stm32cube.ide.mcu.externaltools.gnu-tools-for-stm32.11.3.rel1.macos64_1.1.100.202310310803/tools/bin/../lib/gcc/arm-none-eabi/11.3.1/thumb/v7e-m+fp/hard/crtbegin.o
LOAD /Applications/STM32CubeIDE.app/Contents/Eclipse/plugins/com.st.stm32cube.ide.mcu.externaltools.gnu-tools-for-stm32.11.3.rel1.macos64_1.1.100.202310310803/tools/bin/../lib/gcc/arm-none-eabi/11.3.1/../../../../arm-none-eabi/lib/thumb/v7e-m+fp/hard/crt0.o
LOAD ./Src/App/ap.o
LOAD ./Src/Bsp/bsp.o
LOAD ./Src/Bsp/stm32f4xx_hal_msp.o
LOAD ./Src/Bsp/stm32f4xx_it.o
LOAD ./Src/Bsp/syscalls.o
LOAD ./Src/Bsp/sysmem.o
LOAD ./Src/Bsp/system_stm32f4xx.o
LOAD ./Src/Bsp/startup/startup_stm32f401retx.o
LOAD ./Src/Hw/hw.o
LOAD ./Src/Lib/mx_ret6/Drivers/STM32F4xx_HAL_Driver/Src/stm32f4xx_hal.o
LOAD ./Src/Lib/mx_ret6/Drivers/STM32F4xx_HAL_Driver/Src/stm32f4xx_hal_cortex.o
LOAD ./Src/Lib/mx_ret6/Drivers/STM32F4xx_HAL_Driver/Src/stm32f4xx_hal_dma.o
LOAD ./Src/Lib/mx_ret6/Drivers/STM32F4xx_HAL_Driver/Src/stm32f4xx_hal_dma_ex.o
LOAD ./Src/Lib/mx_ret6/Drivers/STM32F4xx_HAL_Driver/Src/stm32f4xx_hal_exti.o
LOAD ./Src/Lib/mx_ret6/Drivers/STM32F4xx_HAL_Driver/Src/stm32f4xx_hal_flash.o
LOAD ./Src/Lib/mx_ret6/Drivers/STM32F4xx_HAL_Driver/Src/stm32f4xx_hal_flash_ex.o
LOAD ./Src/Lib/mx_ret6/Drivers/STM32F4xx_HAL_Driver/Src/stm32f4xx_hal_flash_ramfunc.o
LOAD ./Src/Lib/mx_ret6/Drivers/STM32F4xx_HAL_Driver/Src/stm32f4xx_hal_gpio.o
LOAD ./Src/Lib/mx_ret6/Drivers/STM32F4xx_HAL_Driver/Src/stm32f4xx_hal_pwr.o
LOAD ./Src/Lib/mx_ret6/Drivers/STM32F4xx_HAL_Driver/Src/stm32f4xx_hal_pwr_ex.o
LOAD ./Src/Lib/mx_ret6/Drivers/STM32F4xx_HAL_Driver/Src/stm32f4xx_hal_rcc.o
LOAD ./Src/Lib/mx_ret6/Drivers/STM32F4xx_HAL_Driver/Src/stm32f4xx_hal_rcc_ex.o
LOAD ./Src/Lib/mx_ret6/Drivers/STM32F4xx_HAL_Driver/Src/stm32f4xx_hal_tim.o
LOAD ./Src/Lib/mx_ret6/Drivers/STM32F4xx_HAL_Driver/Src/stm32f4xx_hal_tim_ex.o
LOAD ./Src/main.o
START GROUP
LOAD /Applications/STM32CubeIDE.app/Contents/Eclipse/plugins/com.st.stm32cube.ide.mcu.externaltools.gnu-tools-for-stm32.11.3.rel1.macos64_1.1.100.202310310803/tools/bin/../lib/gcc/arm-none-eabi/11.3.1/../../../../arm-none-eabi/lib/thumb/v7e-m+fp/hard/libc_nano.a
LOAD /Applications/STM32CubeIDE.app/Contents/Eclipse/plugins/com.st.stm32cube.ide.mcu.externaltools.gnu-tools-for-stm32.11.3.rel1.macos64_1.1.100.202310310803/tools/bin/../lib/gcc/arm-none-eabi/11.3.1/../../../../arm-none-eabi/lib/thumb/v7e-m+fp/hard/libm.a
END GROUP
START GROUP
LOAD /Applications/STM32CubeIDE.app/Contents/Eclipse/plugins/com.st.stm32cube.ide.mcu.externaltools.gnu-tools-for-stm32.11.3.rel1.macos64_1.1.100.202310310803/tools/bin/../lib/gcc/arm-none-eabi/11.3.1/thumb/v7e-m+fp/hard/libgcc.a
LOAD /Applications/STM32CubeIDE.app/Contents/Eclipse/plugins/com.st.stm32cube.ide.mcu.externaltools.gnu-tools-for-stm32.11.3.rel1.macos64_1.1.100.202310310803/tools/bin/../lib/gcc/arm-none-eabi/11.3.1/../../../../arm-none-eabi/lib/thumb/v7e-m+fp/hard/libc_nano.a
END GROUP
START GROUP
LOAD /Applications/STM32CubeIDE.app/Contents/Eclipse/plugins/com.st.stm32cube.ide.mcu.externaltools.gnu-tools-for-stm32.11.3.rel1.macos64_1.1.100.202310310803/tools/bin/../lib/gcc/arm-none-eabi/11.3.1/thumb/v7e-m+fp/hard/libgcc.a
LOAD /Applications/STM32CubeIDE.app/Contents/Eclipse/plugins/com.st.stm32cube.ide.mcu.externaltools.gnu-tools-for-stm32.11.3.rel1.macos64_1.1.100.202310310803/tools/bin/../lib/gcc/arm-none-eabi/11.3.1/../../../../arm-none-eabi/lib/thumb/v7e-m+fp/hard/libc_nano.a
LOAD /Applications/STM32CubeIDE.app/Contents/Eclipse/plugins/com.st.stm32cube.ide.mcu.externaltools.gnu-tools-for-stm32.11.3.rel1.macos64_1.1.100.202310310803/tools/bin/../lib/gcc/arm-none-eabi/11.3.1/../../../../arm-none-eabi/lib/thumb/v7e-m+fp/hard/libnosys.a
END GROUP
START GROUP
LOAD /Applications/STM32CubeIDE.app/Contents/Eclipse/plugins/com.st.stm32cube.ide.mcu.externaltools.gnu-tools-for-stm32.11.3.rel1.macos64_1.1.100.202310310803/tools/bin/../lib/gcc/arm-none-eabi/11.3.1/thumb/v7e-m+fp/hard/libgcc.a
LOAD /Applications/STM32CubeIDE.app/Contents/Eclipse/plugins/com.st.stm32cube.ide.mcu.externaltools.gnu-tools-for-stm32.11.3.rel1.macos64_1.1.100.202310310803/tools/bin/../lib/gcc/arm-none-eabi/11.3.1/../../../../arm-none-eabi/lib/thumb/v7e-m+fp/hard/libc_nano.a
LOAD /Applications/STM32CubeIDE.app/Contents/Eclipse/plugins/com.st.stm32cube.ide.mcu.externaltools.gnu-tools-for-stm32.11.3.rel1.macos64_1.1.100.202310310803/tools/bin/../lib/gcc/arm-none-eabi/11.3.1/../../../../arm-none-eabi/lib/thumb/v7e-m+fp/hard/libnosys.a
END GROUP
LOAD /Applications/STM32CubeIDE.app/Contents/Eclipse/plugins/com.st.stm32cube.ide.mcu.externaltools.gnu-tools-for-stm32.11.3.rel1.macos64_1.1.100.202310310803/tools/bin/../lib/gcc/arm-none-eabi/11.3.1/thumb/v7e-m+fp/hard/crtend.o
LOAD /Applications/STM32CubeIDE.app/Contents/Eclipse/plugins/com.st.stm32cube.ide.mcu.externaltools.gnu-tools-for-stm32.11.3.rel1.macos64_1.1.100.202310310803/tools/bin/../lib/gcc/arm-none-eabi/11.3.1/thumb/v7e-m+fp/hard/crtn.o
                0x0000000020018000                _estack = (ORIGIN (RAM) + LENGTH (RAM))
                0x0000000000000200                _Min_Heap_Size = 0x200
                0x0000000000000400                _Min_Stack_Size = 0x400

.isr_vector     0x0000000008000000      0x194
                0x0000000008000000                . = ALIGN (0x4)
 *(.isr_vector)
 .isr_vector    0x0000000008000000      0x194 ./Src/Bsp/startup/startup_stm32f401retx.o
                0x0000000008000000                g_pfnVectors
                0x0000000008000194                . = ALIGN (0x4)

.text           0x0000000008000194     0x1548
                0x0000000008000194                . = ALIGN (0x4)
 *(.text)
 .text          0x0000000008000194       0x40 /Applications/STM32CubeIDE.app/Contents/Eclipse/plugins/com.st.stm32cube.ide.mcu.externaltools.gnu-tools-for-stm32.11.3.rel1.macos64_1.1.100.202310310803/tools/bin/../lib/gcc/arm-none-eabi/11.3.1/thumb/v7e-m+fp/hard/crtbegin.o
 .text          0x00000000080001d4       0x30 /Applications/STM32CubeIDE.app/Contents/Eclipse/plugins/com.st.stm32cube.ide.mcu.externaltools.gnu-tools-for-stm32.11.3.rel1.macos64_1.1.100.202310310803/tools/bin/../lib/gcc/arm-none-eabi/11.3.1/thumb/v7e-m+fp/hard/libgcc.a(_aeabi_uldivmod.o)
                0x00000000080001d4                __aeabi_uldivmod
 .text          0x0000000008000204      0x2c8 /Applications/STM32CubeIDE.app/Contents/Eclipse/plugins/com.st.stm32cube.ide.mcu.externaltools.gnu-tools-for-stm32.11.3.rel1.macos64_1.1.100.202310310803/tools/bin/../lib/gcc/arm-none-eabi/11.3.1/thumb/v7e-m+fp/hard/libgcc.a(_udivmoddi4.o)
                0x0000000008000204                __udivmoddi4
 .text          0x00000000080004cc        0x4 /Applications/STM32CubeIDE.app/Contents/Eclipse/plugins/com.st.stm32cube.ide.mcu.externaltools.gnu-tools-for-stm32.11.3.rel1.macos64_1.1.100.202310310803/tools/bin/../lib/gcc/arm-none-eabi/11.3.1/thumb/v7e-m+fp/hard/libgcc.a(_dvmd_tls.o)
                0x00000000080004cc                __aeabi_ldiv0
                0x00000000080004cc                __aeabi_idiv0
 *(.text*)
 .text.apInit   0x00000000080004d0        0xe ./Src/App/ap.o
                0x00000000080004d0                apInit
 *fill*         0x00000000080004de        0x2 
 .text.apMain   0x00000000080004e0       0x18 ./Src/App/ap.o
                0x00000000080004e0                apMain
 .text.delay    0x00000000080004f8       0x16 ./Src/App/ap.o
                0x00000000080004f8                delay
 *fill*         0x000000000800050e        0x2 
 .text.bspInit  0x0000000008000510       0x8c ./Src/Bsp/bsp.o
                0x0000000008000510                bspInit
 .text.SystemClock_Config
                0x000000000800059c       0xd4 ./Src/Bsp/bsp.o
                0x000000000800059c                SystemClock_Config
 .text.Error_Handler
                0x0000000008000670        0xa ./Src/Bsp/bsp.o
                0x0000000008000670                Error_Handler
 *fill*         0x000000000800067a        0x2 
 .text.HAL_MspInit
                0x000000000800067c       0x50 ./Src/Bsp/stm32f4xx_hal_msp.o
                0x000000000800067c                HAL_MspInit
 .text.NMI_Handler
                0x00000000080006cc        0x6 ./Src/Bsp/stm32f4xx_it.o
                0x00000000080006cc                NMI_Handler
 .text.HardFault_Handler
                0x00000000080006d2        0x6 ./Src/Bsp/stm32f4xx_it.o
                0x00000000080006d2                HardFault_Handler
 .text.MemManage_Handler
                0x00000000080006d8        0x6 ./Src/Bsp/stm32f4xx_it.o
                0x00000000080006d8                MemManage_Handler
 .text.BusFault_Handler
                0x00000000080006de        0x6 ./Src/Bsp/stm32f4xx_it.o
                0x00000000080006de                BusFault_Handler
 .text.UsageFault_Handler
                0x00000000080006e4        0x6 ./Src/Bsp/stm32f4xx_it.o
                0x00000000080006e4                UsageFault_Handler
 .text.SVC_Handler
                0x00000000080006ea        0xe ./Src/Bsp/stm32f4xx_it.o
                0x00000000080006ea                SVC_Handler
 .text.DebugMon_Handler
                0x00000000080006f8        0xe ./Src/Bsp/stm32f4xx_it.o
                0x00000000080006f8                DebugMon_Handler
 .text.PendSV_Handler
                0x0000000008000706        0xe ./Src/Bsp/stm32f4xx_it.o
                0x0000000008000706                PendSV_Handler
 .text.SysTick_Handler
                0x0000000008000714        0xc ./Src/Bsp/stm32f4xx_it.o
                0x0000000008000714                SysTick_Handler
 .text.SystemInit
                0x0000000008000720       0x24 ./Src/Bsp/system_stm32f4xx.o
                0x0000000008000720                SystemInit
 .text.Reset_Handler
                0x0000000008000744       0x50 ./Src/Bsp/startup/startup_stm32f401retx.o
                0x0000000008000744                Reset_Handler
 .text.Default_Handler
                0x0000000008000794        0x2 ./Src/Bsp/startup/startup_stm32f401retx.o
                0x0000000008000794                DMA1_Stream3_IRQHandler
                0x0000000008000794                SPI4_IRQHandler
                0x0000000008000794                TIM1_CC_IRQHandler
                0x0000000008000794                DMA2_Stream5_IRQHandler
                0x0000000008000794                DMA1_Stream5_IRQHandler
                0x0000000008000794                SDIO_IRQHandler
                0x0000000008000794                TAMP_STAMP_IRQHandler
                0x0000000008000794                EXTI3_IRQHandler
                0x0000000008000794                TIM1_UP_TIM10_IRQHandler
                0x0000000008000794                I2C3_ER_IRQHandler
                0x0000000008000794                EXTI18_OTG_FS_WKUP_IRQHandler
                0x0000000008000794                EXTI0_IRQHandler
                0x0000000008000794                I2C2_EV_IRQHandler
                0x0000000008000794                DMA1_Stream2_IRQHandler
                0x0000000008000794                DMA2_Stream2_IRQHandler
                0x0000000008000794                SPI1_IRQHandler
                0x0000000008000794                TIM1_BRK_TIM9_IRQHandler
                0x0000000008000794                DMA2_Stream3_IRQHandler
                0x0000000008000794                USART6_IRQHandler
                0x0000000008000794                DMA2_Stream0_IRQHandler
                0x0000000008000794                TIM4_IRQHandler
                0x0000000008000794                I2C1_EV_IRQHandler
                0x0000000008000794                DMA1_Stream6_IRQHandler
                0x0000000008000794                DMA1_Stream1_IRQHandler
                0x0000000008000794                TIM3_IRQHandler
                0x0000000008000794                RCC_IRQHandler
                0x0000000008000794                Default_Handler
                0x0000000008000794                EXTI15_10_IRQHandler
                0x0000000008000794                ADC_IRQHandler
                0x0000000008000794                DMA1_Stream7_IRQHandler
                0x0000000008000794                TIM5_IRQHandler
                0x0000000008000794                DMA2_Stream7_IRQHandler
                0x0000000008000794                I2C3_EV_IRQHandler
                0x0000000008000794                EXTI9_5_IRQHandler
                0x0000000008000794                SPI2_IRQHandler
                0x0000000008000794                DMA1_Stream0_IRQHandler
                0x0000000008000794                EXTI4_IRQHandler
                0x0000000008000794                EXTI22_RTC_WKUP_IRQHandler
                0x0000000008000794                TIM2_IRQHandler
                0x0000000008000794                EXTI16_PVD_IRQHandler
                0x0000000008000794                TIM1_TRG_COM_TIM11_IRQHandler
                0x0000000008000794                EXTI1_IRQHandler
                0x0000000008000794                EXTI17_RTC_Alarm_IRQHandler
                0x0000000008000794                USART2_IRQHandler
                0x0000000008000794                I2C2_ER_IRQHandler
                0x0000000008000794                DMA2_Stream1_IRQHandler
                0x0000000008000794                FLASH_IRQHandler
                0x0000000008000794                DMA2_Stream4_IRQHandler
                0x0000000008000794                USART1_IRQHandler
                0x0000000008000794                OTG_FS_IRQHandler
                0x0000000008000794                SPI3_IRQHandler
                0x0000000008000794                DMA1_Stream4_IRQHandler
                0x0000000008000794                I2C1_ER_IRQHandler
                0x0000000008000794                DMA2_Stream6_IRQHandler
                0x0000000008000794                EXTI2_IRQHandler
 .text.hwInit   0x0000000008000796        0xc ./Src/Hw/hw.o
                0x0000000008000796                hwInit
 *fill*         0x00000000080007a2        0x2 
 .text.HAL_Init
                0x00000000080007a4       0x44 ./Src/Lib/mx_ret6/Drivers/STM32F4xx_HAL_Driver/Src/stm32f4xx_hal.o
                0x00000000080007a4                HAL_Init
 .text.HAL_InitTick
                0x00000000080007e8       0x60 ./Src/Lib/mx_ret6/Drivers/STM32F4xx_HAL_Driver/Src/stm32f4xx_hal.o
                0x00000000080007e8                HAL_InitTick
 .text.HAL_IncTick
                0x0000000008000848       0x28 ./Src/Lib/mx_ret6/Drivers/STM32F4xx_HAL_Driver/Src/stm32f4xx_hal.o
                0x0000000008000848                HAL_IncTick
 .text.HAL_GetTick
                0x0000000008000870       0x18 ./Src/Lib/mx_ret6/Drivers/STM32F4xx_HAL_Driver/Src/stm32f4xx_hal.o
                0x0000000008000870                HAL_GetTick
 .text.HAL_Delay
                0x0000000008000888       0x48 ./Src/Lib/mx_ret6/Drivers/STM32F4xx_HAL_Driver/Src/stm32f4xx_hal.o
                0x0000000008000888                HAL_Delay
 .text.__NVIC_SetPriorityGrouping
                0x00000000080008d0       0x48 ./Src/Lib/mx_ret6/Drivers/STM32F4xx_HAL_Driver/Src/stm32f4xx_hal_cortex.o
 .text.__NVIC_GetPriorityGrouping
                0x0000000008000918       0x1c ./Src/Lib/mx_ret6/Drivers/STM32F4xx_HAL_Driver/Src/stm32f4xx_hal_cortex.o
 .text.__NVIC_SetPriority
                0x0000000008000934       0x54 ./Src/Lib/mx_ret6/Drivers/STM32F4xx_HAL_Driver/Src/stm32f4xx_hal_cortex.o
 .text.NVIC_EncodePriority
                0x0000000008000988       0x66 ./Src/Lib/mx_ret6/Drivers/STM32F4xx_HAL_Driver/Src/stm32f4xx_hal_cortex.o
 *fill*         0x00000000080009ee        0x2 
 .text.SysTick_Config
                0x00000000080009f0       0x44 ./Src/Lib/mx_ret6/Drivers/STM32F4xx_HAL_Driver/Src/stm32f4xx_hal_cortex.o
 .text.HAL_NVIC_SetPriorityGrouping
                0x0000000008000a34       0x16 ./Src/Lib/mx_ret6/Drivers/STM32F4xx_HAL_Driver/Src/stm32f4xx_hal_cortex.o
                0x0000000008000a34                HAL_NVIC_SetPriorityGrouping
 .text.HAL_NVIC_SetPriority
                0x0000000008000a4a       0x38 ./Src/Lib/mx_ret6/Drivers/STM32F4xx_HAL_Driver/Src/stm32f4xx_hal_cortex.o
                0x0000000008000a4a                HAL_NVIC_SetPriority
 .text.HAL_SYSTICK_Config
                0x0000000008000a82       0x18 ./Src/Lib/mx_ret6/Drivers/STM32F4xx_HAL_Driver/Src/stm32f4xx_hal_cortex.o
                0x0000000008000a82                HAL_SYSTICK_Config
 *fill*         0x0000000008000a9a        0x2 
 .text.HAL_GPIO_Init
                0x0000000008000a9c      0x308 ./Src/Lib/mx_ret6/Drivers/STM32F4xx_HAL_Driver/Src/stm32f4xx_hal_gpio.o
                0x0000000008000a9c                HAL_GPIO_Init
 .text.HAL_GPIO_WritePin
                0x0000000008000da4       0x32 ./Src/Lib/mx_ret6/Drivers/STM32F4xx_HAL_Driver/Src/stm32f4xx_hal_gpio.o
                0x0000000008000da4                HAL_GPIO_WritePin
 .text.HAL_GPIO_TogglePin
                0x0000000008000dd6       0x34 ./Src/Lib/mx_ret6/Drivers/STM32F4xx_HAL_Driver/Src/stm32f4xx_hal_gpio.o
                0x0000000008000dd6                HAL_GPIO_TogglePin
 *fill*         0x0000000008000e0a        0x2 
 .text.HAL_RCC_OscConfig
                0x0000000008000e0c      0x4f0 ./Src/Lib/mx_ret6/Drivers/STM32F4xx_HAL_Driver/Src/stm32f4xx_hal_rcc.o
                0x0000000008000e0c                HAL_RCC_OscConfig
 .text.HAL_RCC_ClockConfig
                0x00000000080012fc      0x1cc ./Src/Lib/mx_ret6/Drivers/STM32F4xx_HAL_Driver/Src/stm32f4xx_hal_rcc.o
                0x00000000080012fc                HAL_RCC_ClockConfig
 .text.HAL_RCC_GetSysClockFreq
                0x00000000080014c8      0x18c ./Src/Lib/mx_ret6/Drivers/STM32F4xx_HAL_Driver/Src/stm32f4xx_hal_rcc.o
                0x00000000080014c8                HAL_RCC_GetSysClockFreq
 .text.main     0x0000000008001654       0x16 ./Src/main.o
                0x0000000008001654                main
 .text.memset   0x000000000800166a       0x10 /Applications/STM32CubeIDE.app/Contents/Eclipse/plugins/com.st.stm32cube.ide.mcu.externaltools.gnu-tools-for-stm32.11.3.rel1.macos64_1.1.100.202310310803/tools/bin/../lib/gcc/arm-none-eabi/11.3.1/../../../../arm-none-eabi/lib/thumb/v7e-m+fp/hard/libc_nano.a(libc_a-memset.o)
                0x000000000800166a                memset
 *fill*         0x000000000800167a        0x2 
 .text.__libc_init_array
                0x000000000800167c       0x48 /Applications/STM32CubeIDE.app/Contents/Eclipse/plugins/com.st.stm32cube.ide.mcu.externaltools.gnu-tools-for-stm32.11.3.rel1.macos64_1.1.100.202310310803/tools/bin/../lib/gcc/arm-none-eabi/11.3.1/../../../../arm-none-eabi/lib/thumb/v7e-m+fp/hard/libc_nano.a(libc_a-init.o)
                0x000000000800167c                __libc_init_array
 *(.glue_7)
 .glue_7        0x00000000080016c4        0x0 linker stubs
 *(.glue_7t)
 .glue_7t       0x00000000080016c4        0x0 linker stubs
 *(.eh_frame)
 .eh_frame      0x00000000080016c4        0x0 /Applications/STM32CubeIDE.app/Contents/Eclipse/plugins/com.st.stm32cube.ide.mcu.externaltools.gnu-tools-for-stm32.11.3.rel1.macos64_1.1.100.202310310803/tools/bin/../lib/gcc/arm-none-eabi/11.3.1/thumb/v7e-m+fp/hard/crtbegin.o
 *(.init)
 .init          0x00000000080016c4        0x4 /Applications/STM32CubeIDE.app/Contents/Eclipse/plugins/com.st.stm32cube.ide.mcu.externaltools.gnu-tools-for-stm32.11.3.rel1.macos64_1.1.100.202310310803/tools/bin/../lib/gcc/arm-none-eabi/11.3.1/thumb/v7e-m+fp/hard/crti.o
                0x00000000080016c4                _init
 .init          0x00000000080016c8        0x8 /Applications/STM32CubeIDE.app/Contents/Eclipse/plugins/com.st.stm32cube.ide.mcu.externaltools.gnu-tools-for-stm32.11.3.rel1.macos64_1.1.100.202310310803/tools/bin/../lib/gcc/arm-none-eabi/11.3.1/thumb/v7e-m+fp/hard/crtn.o
 *(.fini)
 .fini          0x00000000080016d0        0x4 /Applications/STM32CubeIDE.app/Contents/Eclipse/plugins/com.st.stm32cube.ide.mcu.externaltools.gnu-tools-for-stm32.11.3.rel1.macos64_1.1.100.202310310803/tools/bin/../lib/gcc/arm-none-eabi/11.3.1/thumb/v7e-m+fp/hard/crti.o
                0x00000000080016d0                _fini
 .fini          0x00000000080016d4        0x8 /Applications/STM32CubeIDE.app/Contents/Eclipse/plugins/com.st.stm32cube.ide.mcu.externaltools.gnu-tools-for-stm32.11.3.rel1.macos64_1.1.100.202310310803/tools/bin/../lib/gcc/arm-none-eabi/11.3.1/thumb/v7e-m+fp/hard/crtn.o
                0x00000000080016dc                . = ALIGN (0x4)
                0x00000000080016dc                _etext = .

.vfp11_veneer   0x00000000080016dc        0x0
 .vfp11_veneer  0x00000000080016dc        0x0 linker stubs

.v4_bx          0x00000000080016dc        0x0
 .v4_bx         0x00000000080016dc        0x0 linker stubs

.iplt           0x00000000080016dc        0x0
 .iplt          0x00000000080016dc        0x0 /Applications/STM32CubeIDE.app/Contents/Eclipse/plugins/com.st.stm32cube.ide.mcu.externaltools.gnu-tools-for-stm32.11.3.rel1.macos64_1.1.100.202310310803/tools/bin/../lib/gcc/arm-none-eabi/11.3.1/thumb/v7e-m+fp/hard/crtbegin.o

.rodata         0x00000000080016dc       0x10
                0x00000000080016dc                . = ALIGN (0x4)
 *(.rodata)
 *(.rodata*)
 .rodata.AHBPrescTable
                0x00000000080016dc       0x10 ./Src/Bsp/system_stm32f4xx.o
                0x00000000080016dc                AHBPrescTable
                0x00000000080016ec                . = ALIGN (0x4)

.ARM.extab      0x00000000080016ec        0x0
                0x00000000080016ec                . = ALIGN (0x4)
 *(.ARM.extab* .gnu.linkonce.armextab.*)
                0x00000000080016ec                . = ALIGN (0x4)

.ARM            0x00000000080016ec        0x8
                0x00000000080016ec                . = ALIGN (0x4)
                0x00000000080016ec                __exidx_start = .
 *(.ARM.exidx*)
 .ARM.exidx     0x00000000080016ec        0x8 /Applications/STM32CubeIDE.app/Contents/Eclipse/plugins/com.st.stm32cube.ide.mcu.externaltools.gnu-tools-for-stm32.11.3.rel1.macos64_1.1.100.202310310803/tools/bin/../lib/gcc/arm-none-eabi/11.3.1/thumb/v7e-m+fp/hard/libgcc.a(_udivmoddi4.o)
                0x00000000080016f4                __exidx_end = .
                0x00000000080016f4                . = ALIGN (0x4)

.rel.dyn        0x00000000080016f4        0x0
 .rel.iplt      0x00000000080016f4        0x0 /Applications/STM32CubeIDE.app/Contents/Eclipse/plugins/com.st.stm32cube.ide.mcu.externaltools.gnu-tools-for-stm32.11.3.rel1.macos64_1.1.100.202310310803/tools/bin/../lib/gcc/arm-none-eabi/11.3.1/thumb/v7e-m+fp/hard/crtbegin.o

.preinit_array  0x00000000080016f4        0x0
                0x00000000080016f4                . = ALIGN (0x4)
                0x00000000080016f4                PROVIDE (__preinit_array_start = .)
 *(.preinit_array*)
                0x00000000080016f4                PROVIDE (__preinit_array_end = .)
                0x00000000080016f4                . = ALIGN (0x4)

.init_array     0x00000000080016f4        0x4
                0x00000000080016f4                . = ALIGN (0x4)
                0x00000000080016f4                PROVIDE (__init_array_start = .)
 *(SORT_BY_NAME(.init_array.*))
 *(.init_array*)
 .init_array    0x00000000080016f4        0x4 /Applications/STM32CubeIDE.app/Contents/Eclipse/plugins/com.st.stm32cube.ide.mcu.externaltools.gnu-tools-for-stm32.11.3.rel1.macos64_1.1.100.202310310803/tools/bin/../lib/gcc/arm-none-eabi/11.3.1/thumb/v7e-m+fp/hard/crtbegin.o
                0x00000000080016f8                PROVIDE (__init_array_end = .)
                0x00000000080016f8                . = ALIGN (0x4)

.fini_array     0x00000000080016f8        0x4
                0x00000000080016f8                . = ALIGN (0x4)
                [!provide]                        PROVIDE (__fini_array_start = .)
 *(SORT_BY_NAME(.fini_array.*))
 *(.fini_array*)
 .fini_array    0x00000000080016f8        0x4 /Applications/STM32CubeIDE.app/Contents/Eclipse/plugins/com.st.stm32cube.ide.mcu.externaltools.gnu-tools-for-stm32.11.3.rel1.macos64_1.1.100.202310310803/tools/bin/../lib/gcc/arm-none-eabi/11.3.1/thumb/v7e-m+fp/hard/crtbegin.o
                [!provide]                        PROVIDE (__fini_array_end = .)
                0x00000000080016fc                . = ALIGN (0x4)
                0x00000000080016fc                _sidata = LOADADDR (.data)

.data           0x0000000020000000        0xc load address 0x00000000080016fc
                0x0000000020000000                . = ALIGN (0x4)
                0x0000000020000000                _sdata = .
 *(.data)
 *(.data*)
 .data.SystemCoreClock
                0x0000000020000000        0x4 ./Src/Bsp/system_stm32f4xx.o
                0x0000000020000000                SystemCoreClock
 .data.uwTickPrio
                0x0000000020000004        0x4 ./Src/Lib/mx_ret6/Drivers/STM32F4xx_HAL_Driver/Src/stm32f4xx_hal.o
                0x0000000020000004                uwTickPrio
 .data.uwTickFreq
                0x0000000020000008        0x1 ./Src/Lib/mx_ret6/Drivers/STM32F4xx_HAL_Driver/Src/stm32f4xx_hal.o
                0x0000000020000008                uwTickFreq
 *(.RamFunc)
 *(.RamFunc*)
                0x000000002000000c                . = ALIGN (0x4)
 *fill*         0x0000000020000009        0x3 
                0x000000002000000c                _edata = .

.igot.plt       0x000000002000000c        0x0 load address 0x0000000008001708
 .igot.plt      0x000000002000000c        0x0 /Applications/STM32CubeIDE.app/Contents/Eclipse/plugins/com.st.stm32cube.ide.mcu.externaltools.gnu-tools-for-stm32.11.3.rel1.macos64_1.1.100.202310310803/tools/bin/../lib/gcc/arm-none-eabi/11.3.1/thumb/v7e-m+fp/hard/crtbegin.o
                0x000000002000000c                . = ALIGN (0x4)

.bss            0x000000002000000c       0x20 load address 0x0000000008001708
                0x000000002000000c                _sbss = .
                0x000000002000000c                __bss_start__ = _sbss
 *(.bss)
 .bss           0x000000002000000c       0x1c /Applications/STM32CubeIDE.app/Contents/Eclipse/plugins/com.st.stm32cube.ide.mcu.externaltools.gnu-tools-for-stm32.11.3.rel1.macos64_1.1.100.202310310803/tools/bin/../lib/gcc/arm-none-eabi/11.3.1/thumb/v7e-m+fp/hard/crtbegin.o
 *(.bss*)
 .bss.uwTick    0x0000000020000028        0x4 ./Src/Lib/mx_ret6/Drivers/STM32F4xx_HAL_Driver/Src/stm32f4xx_hal.o
                0x0000000020000028                uwTick
 *(COMMON)
                0x000000002000002c                . = ALIGN (0x4)
                0x000000002000002c                _ebss = .
                0x000000002000002c                __bss_end__ = _ebss

._user_heap_stack
                0x000000002000002c      0x604 load address 0x0000000008001708
                0x0000000020000030                . = ALIGN (0x8)
 *fill*         0x000000002000002c        0x4 
                [!provide]                        PROVIDE (end = .)
                0x0000000020000030                PROVIDE (_end = .)
                0x0000000020000230                . = (. + _Min_Heap_Size)
 *fill*         0x0000000020000030      0x200 
                0x0000000020000630                . = (. + _Min_Stack_Size)
 *fill*         0x0000000020000230      0x400 
                0x0000000020000630                . = ALIGN (0x8)

/DISCARD/
 libc.a(*)
 libm.a(*)
 libgcc.a(*)

.ARM.attributes
                0x0000000000000000       0x30
 *(.ARM.attributes)
 .ARM.attributes
                0x0000000000000000       0x1e /Applications/STM32CubeIDE.app/Contents/Eclipse/plugins/com.st.stm32cube.ide.mcu.externaltools.gnu-tools-for-stm32.11.3.rel1.macos64_1.1.100.202310310803/tools/bin/../lib/gcc/arm-none-eabi/11.3.1/thumb/v7e-m+fp/hard/crti.o
 .ARM.attributes
                0x000000000000001e       0x34 /Applications/STM32CubeIDE.app/Contents/Eclipse/plugins/com.st.stm32cube.ide.mcu.externaltools.gnu-tools-for-stm32.11.3.rel1.macos64_1.1.100.202310310803/tools/bin/../lib/gcc/arm-none-eabi/11.3.1/thumb/v7e-m+fp/hard/crtbegin.o
 .ARM.attributes
                0x0000000000000052       0x34 ./Src/App/ap.o
 .ARM.attributes
                0x0000000000000086       0x34 ./Src/Bsp/bsp.o
 .ARM.attributes
                0x00000000000000ba       0x34 ./Src/Bsp/stm32f4xx_hal_msp.o
 .ARM.attributes
                0x00000000000000ee       0x34 ./Src/Bsp/stm32f4xx_it.o
 .ARM.attributes
                0x0000000000000122       0x34 ./Src/Bsp/system_stm32f4xx.o
 .ARM.attributes
                0x0000000000000156       0x21 ./Src/Bsp/startup/startup_stm32f401retx.o
 .ARM.attributes
                0x0000000000000177       0x34 ./Src/Hw/hw.o
 .ARM.attributes
                0x00000000000001ab       0x34 ./Src/Lib/mx_ret6/Drivers/STM32F4xx_HAL_Driver/Src/stm32f4xx_hal.o
 .ARM.attributes
                0x00000000000001df       0x34 ./Src/Lib/mx_ret6/Drivers/STM32F4xx_HAL_Driver/Src/stm32f4xx_hal_cortex.o
 .ARM.attributes
                0x0000000000000213       0x34 ./Src/Lib/mx_ret6/Drivers/STM32F4xx_HAL_Driver/Src/stm32f4xx_hal_gpio.o
 .ARM.attributes
                0x0000000000000247       0x34 ./Src/Lib/mx_ret6/Drivers/STM32F4xx_HAL_Driver/Src/stm32f4xx_hal_rcc.o
 .ARM.attributes
                0x000000000000027b       0x34 ./Src/main.o
 .ARM.attributes
                0x00000000000002af       0x34 /Applications/STM32CubeIDE.app/Contents/Eclipse/plugins/com.st.stm32cube.ide.mcu.externaltools.gnu-tools-for-stm32.11.3.rel1.macos64_1.1.100.202310310803/tools/bin/../lib/gcc/arm-none-eabi/11.3.1/../../../../arm-none-eabi/lib/thumb/v7e-m+fp/hard/libc_nano.a(libc_a-memset.o)
 .ARM.attributes
                0x00000000000002e3       0x34 /Applications/STM32CubeIDE.app/Contents/Eclipse/plugins/com.st.stm32cube.ide.mcu.externaltools.gnu-tools-for-stm32.11.3.rel1.macos64_1.1.100.202310310803/tools/bin/../lib/gcc/arm-none-eabi/11.3.1/../../../../arm-none-eabi/lib/thumb/v7e-m+fp/hard/libc_nano.a(libc_a-init.o)
 .ARM.attributes
                0x0000000000000317       0x1e /Applications/STM32CubeIDE.app/Contents/Eclipse/plugins/com.st.stm32cube.ide.mcu.externaltools.gnu-tools-for-stm32.11.3.rel1.macos64_1.1.100.202310310803/tools/bin/../lib/gcc/arm-none-eabi/11.3.1/thumb/v7e-m+fp/hard/libgcc.a(_aeabi_uldivmod.o)
 .ARM.attributes
                0x0000000000000335       0x34 /Applications/STM32CubeIDE.app/Contents/Eclipse/plugins/com.st.stm32cube.ide.mcu.externaltools.gnu-tools-for-stm32.11.3.rel1.macos64_1.1.100.202310310803/tools/bin/../lib/gcc/arm-none-eabi/11.3.1/thumb/v7e-m+fp/hard/libgcc.a(_udivmoddi4.o)
 .ARM.attributes
                0x0000000000000369       0x1e /Applications/STM32CubeIDE.app/Contents/Eclipse/plugins/com.st.stm32cube.ide.mcu.externaltools.gnu-tools-for-stm32.11.3.rel1.macos64_1.1.100.202310310803/tools/bin/../lib/gcc/arm-none-eabi/11.3.1/thumb/v7e-m+fp/hard/libgcc.a(_dvmd_tls.o)
 .ARM.attributes
                0x0000000000000387       0x1e /Applications/STM32CubeIDE.app/Contents/Eclipse/plugins/com.st.stm32cube.ide.mcu.externaltools.gnu-tools-for-stm32.11.3.rel1.macos64_1.1.100.202310310803/tools/bin/../lib/gcc/arm-none-eabi/11.3.1/thumb/v7e-m+fp/hard/crtn.o
OUTPUT(unit_test.elf elf32-littlearm)
LOAD linker stubs
LOAD /Applications/STM32CubeIDE.app/Contents/Eclipse/plugins/com.st.stm32cube.ide.mcu.externaltools.gnu-tools-for-stm32.11.3.rel1.macos64_1.1.100.202310310803/tools/bin/../lib/gcc/arm-none-eabi/11.3.1/../../../../arm-none-eabi/lib/thumb/v7e-m+fp/hard/libc.a
LOAD /Applications/STM32CubeIDE.app/Contents/Eclipse/plugins/com.st.stm32cube.ide.mcu.externaltools.gnu-tools-for-stm32.11.3.rel1.macos64_1.1.100.202310310803/tools/bin/../lib/gcc/arm-none-eabi/11.3.1/../../../../arm-none-eabi/lib/thumb/v7e-m+fp/hard/libm.a
LOAD /Applications/STM32CubeIDE.app/Contents/Eclipse/plugins/com.st.stm32cube.ide.mcu.externaltools.gnu-tools-for-stm32.11.3.rel1.macos64_1.1.100.202310310803/tools/bin/../lib/gcc/arm-none-eabi/11.3.1/thumb/v7e-m+fp/hard/libgcc.a

.comment        0x0000000000000000       0x43
 .comment       0x0000000000000000       0x43 /Applications/STM32CubeIDE.app/Contents/Eclipse/plugins/com.st.stm32cube.ide.mcu.externaltools.gnu-tools-for-stm32.11.3.rel1.macos64_1.1.100.202310310803/tools/bin/../lib/gcc/arm-none-eabi/11.3.1/thumb/v7e-m+fp/hard/crtbegin.o
                                         0x44 (size before relaxing)
 .comment       0x0000000000000043       0x44 ./Src/App/ap.o
 .comment       0x0000000000000043       0x44 ./Src/Bsp/bsp.o
 .comment       0x0000000000000043       0x44 ./Src/Bsp/stm32f4xx_hal_msp.o
 .comment       0x0000000000000043       0x44 ./Src/Bsp/stm32f4xx_it.o
 .comment       0x0000000000000043       0x44 ./Src/Bsp/system_stm32f4xx.o
 .comment       0x0000000000000043       0x44 ./Src/Hw/hw.o
 .comment       0x0000000000000043       0x44 ./Src/Lib/mx_ret6/Drivers/STM32F4xx_HAL_Driver/Src/stm32f4xx_hal.o
 .comment       0x0000000000000043       0x44 ./Src/Lib/mx_ret6/Drivers/STM32F4xx_HAL_Driver/Src/stm32f4xx_hal_cortex.o
 .comment       0x0000000000000043       0x44 ./Src/Lib/mx_ret6/Drivers/STM32F4xx_HAL_Driver/Src/stm32f4xx_hal_gpio.o
 .comment       0x0000000000000043       0x44 ./Src/Lib/mx_ret6/Drivers/STM32F4xx_HAL_Driver/Src/stm32f4xx_hal_rcc.o
 .comment       0x0000000000000043       0x44 ./Src/main.o

.debug_info     0x0000000000000000     0x37e6
 .debug_info    0x0000000000000000      0x1c3 ./Src/App/ap.o
 .debug_info    0x00000000000001c3      0x66d ./Src/Bsp/bsp.o
 .debug_info    0x0000000000000830      0x298 ./Src/Bsp/stm32f4xx_hal_msp.o
 .debug_info    0x0000000000000ac8      0x119 ./Src/Bsp/stm32f4xx_it.o
 .debug_info    0x0000000000000be1      0x537 ./Src/Bsp/system_stm32f4xx.o
 .debug_info    0x0000000000001118       0x23 ./Src/Bsp/startup/startup_stm32f401retx.o
 .debug_info    0x000000000000113b       0x99 ./Src/Hw/hw.o
 .debug_info    0x00000000000011d4      0x8bb ./Src/Lib/mx_ret6/Drivers/STM32F4xx_HAL_Driver/Src/stm32f4xx_hal.o
 .debug_info    0x0000000000001a8f      0xcc1 ./Src/Lib/mx_ret6/Drivers/STM32F4xx_HAL_Driver/Src/stm32f4xx_hal_cortex.o
 .debug_info    0x0000000000002750      0x6f9 ./Src/Lib/mx_ret6/Drivers/STM32F4xx_HAL_Driver/Src/stm32f4xx_hal_gpio.o
 .debug_info    0x0000000000002e49      0x8f3 ./Src/Lib/mx_ret6/Drivers/STM32F4xx_HAL_Driver/Src/stm32f4xx_hal_rcc.o
 .debug_info    0x000000000000373c       0xaa ./Src/main.o

.debug_abbrev   0x0000000000000000     0x1004
 .debug_abbrev  0x0000000000000000      0x11c ./Src/App/ap.o
 .debug_abbrev  0x000000000000011c      0x1c3 ./Src/Bsp/bsp.o
 .debug_abbrev  0x00000000000002df       0xd8 ./Src/Bsp/stm32f4xx_hal_msp.o
 .debug_abbrev  0x00000000000003b7       0x73 ./Src/Bsp/stm32f4xx_it.o
 .debug_abbrev  0x000000000000042a      0x11a ./Src/Bsp/system_stm32f4xx.o
 .debug_abbrev  0x0000000000000544       0x12 ./Src/Bsp/startup/startup_stm32f401retx.o
 .debug_abbrev  0x0000000000000556       0x58 ./Src/Hw/hw.o
 .debug_abbrev  0x00000000000005ae      0x24b ./Src/Lib/mx_ret6/Drivers/STM32F4xx_HAL_Driver/Src/stm32f4xx_hal.o
 .debug_abbrev  0x00000000000007f9      0x328 ./Src/Lib/mx_ret6/Drivers/STM32F4xx_HAL_Driver/Src/stm32f4xx_hal_cortex.o
 .debug_abbrev  0x0000000000000b21      0x1d3 ./Src/Lib/mx_ret6/Drivers/STM32F4xx_HAL_Driver/Src/stm32f4xx_hal_gpio.o
 .debug_abbrev  0x0000000000000cf4      0x2b5 ./Src/Lib/mx_ret6/Drivers/STM32F4xx_HAL_Driver/Src/stm32f4xx_hal_rcc.o
 .debug_abbrev  0x0000000000000fa9       0x5b ./Src/main.o

.debug_aranges  0x0000000000000000      0x460
 .debug_aranges
                0x0000000000000000       0x30 ./Src/App/ap.o
 .debug_aranges
                0x0000000000000030       0x30 ./Src/Bsp/bsp.o
 .debug_aranges
                0x0000000000000060       0x20 ./Src/Bsp/stm32f4xx_hal_msp.o
 .debug_aranges
                0x0000000000000080       0x60 ./Src/Bsp/stm32f4xx_it.o
 .debug_aranges
                0x00000000000000e0       0x28 ./Src/Bsp/system_stm32f4xx.o
 .debug_aranges
                0x0000000000000108       0x28 ./Src/Bsp/startup/startup_stm32f401retx.o
 .debug_aranges
                0x0000000000000130       0x20 ./Src/Hw/hw.o
 .debug_aranges
                0x0000000000000150       0xf0 ./Src/Lib/mx_ret6/Drivers/STM32F4xx_HAL_Driver/Src/stm32f4xx_hal.o
 .debug_aranges
                0x0000000000000240      0x120 ./Src/Lib/mx_ret6/Drivers/STM32F4xx_HAL_Driver/Src/stm32f4xx_hal_cortex.o
 .debug_aranges
                0x0000000000000360       0x58 ./Src/Lib/mx_ret6/Drivers/STM32F4xx_HAL_Driver/Src/stm32f4xx_hal_gpio.o
 .debug_aranges
                0x00000000000003b8       0x88 ./Src/Lib/mx_ret6/Drivers/STM32F4xx_HAL_Driver/Src/stm32f4xx_hal_rcc.o
 .debug_aranges
                0x0000000000000440       0x20 ./Src/main.o

.debug_rnglists
                0x0000000000000000      0x317
 .debug_rnglists
                0x0000000000000000       0x1f ./Src/App/ap.o
 .debug_rnglists
                0x000000000000001f       0x21 ./Src/Bsp/bsp.o
 .debug_rnglists
                0x0000000000000040       0x13 ./Src/Bsp/stm32f4xx_hal_msp.o
 .debug_rnglists
                0x0000000000000053       0x43 ./Src/Bsp/stm32f4xx_it.o
 .debug_rnglists
                0x0000000000000096       0x1a ./Src/Bsp/system_stm32f4xx.o
 .debug_rnglists
                0x00000000000000b0       0x19 ./Src/Bsp/startup/startup_stm32f401retx.o
 .debug_rnglists
                0x00000000000000c9       0x13 ./Src/Hw/hw.o
 .debug_rnglists
                0x00000000000000dc       0xaf ./Src/Lib/mx_ret6/Drivers/STM32F4xx_HAL_Driver/Src/stm32f4xx_hal.o
 .debug_rnglists
                0x000000000000018b       0xd4 ./Src/Lib/mx_ret6/Drivers/STM32F4xx_HAL_Driver/Src/stm32f4xx_hal_cortex.o
 .debug_rnglists
                0x000000000000025f       0x3f ./Src/Lib/mx_ret6/Drivers/STM32F4xx_HAL_Driver/Src/stm32f4xx_hal_gpio.o
 .debug_rnglists
                0x000000000000029e       0x66 ./Src/Lib/mx_ret6/Drivers/STM32F4xx_HAL_Driver/Src/stm32f4xx_hal_rcc.o
 .debug_rnglists
                0x0000000000000304       0x13 ./Src/main.o

.debug_macro    0x0000000000000000    0x156ae
 .debug_macro   0x0000000000000000      0x2b8 ./Src/App/ap.o
 .debug_macro   0x00000000000002b8      0xa9c ./Src/App/ap.o
 .debug_macro   0x0000000000000d54       0x22 ./Src/App/ap.o
 .debug_macro   0x0000000000000d76       0x5b ./Src/App/ap.o
 .debug_macro   0x0000000000000dd1       0x2a ./Src/App/ap.o
 .debug_macro   0x0000000000000dfb       0x94 ./Src/App/ap.o
 .debug_macro   0x0000000000000e8f       0x43 ./Src/App/ap.o
 .debug_macro   0x0000000000000ed2       0x34 ./Src/App/ap.o
 .debug_macro   0x0000000000000f06       0x16 ./Src/App/ap.o
 .debug_macro   0x0000000000000f1c       0x57 ./Src/App/ap.o
 .debug_macro   0x0000000000000f73       0x97 ./Src/App/ap.o
 .debug_macro   0x000000000000100a      0x369 ./Src/App/ap.o
 .debug_macro   0x0000000000001373       0xfd ./Src/App/ap.o
 .debug_macro   0x0000000000001470       0x10 ./Src/App/ap.o
 .debug_macro   0x0000000000001480       0x16 ./Src/App/ap.o
 .debug_macro   0x0000000000001496       0x43 ./Src/App/ap.o
 .debug_macro   0x00000000000014d9       0x34 ./Src/App/ap.o
 .debug_macro   0x000000000000150d       0x10 ./Src/App/ap.o
 .debug_macro   0x000000000000151d       0x58 ./Src/App/ap.o
 .debug_macro   0x0000000000001575       0x8e ./Src/App/ap.o
 .debug_macro   0x0000000000001603       0x1c ./Src/App/ap.o
 .debug_macro   0x000000000000161f      0x177 ./Src/App/ap.o
 .debug_macro   0x0000000000001796       0x16 ./Src/App/ap.o
 .debug_macro   0x00000000000017ac       0x16 ./Src/App/ap.o
 .debug_macro   0x00000000000017c2      0x147 ./Src/App/ap.o
 .debug_macro   0x0000000000001909      0x103 ./Src/App/ap.o
 .debug_macro   0x0000000000001a0c       0x6a ./Src/App/ap.o
 .debug_macro   0x0000000000001a76      0x1df ./Src/App/ap.o
 .debug_macro   0x0000000000001c55       0x22 ./Src/App/ap.o
 .debug_macro   0x0000000000001c77      0x28f ./Src/App/ap.o
 .debug_macro   0x0000000000001f06       0x2e ./Src/App/ap.o
 .debug_macro   0x0000000000001f34       0x28 ./Src/App/ap.o
 .debug_macro   0x0000000000001f5c       0x1c ./Src/App/ap.o
 .debug_macro   0x0000000000001f78       0x22 ./Src/App/ap.o
 .debug_macro   0x0000000000001f9a       0xfb ./Src/App/ap.o
 .debug_macro   0x0000000000002095     0x1011 ./Src/App/ap.o
 .debug_macro   0x00000000000030a6      0x11f ./Src/App/ap.o
 .debug_macro   0x00000000000031c5     0xb86c ./Src/App/ap.o
 .debug_macro   0x000000000000ea31       0x6d ./Src/App/ap.o
 .debug_macro   0x000000000000ea9e     0x368c ./Src/App/ap.o
 .debug_macro   0x000000000001212a       0x56 ./Src/App/ap.o
 .debug_macro   0x0000000000012180      0x416 ./Src/App/ap.o
 .debug_macro   0x0000000000012596      0x9e9 ./Src/App/ap.o
 .debug_macro   0x0000000000012f7f      0x115 ./Src/App/ap.o
 .debug_macro   0x0000000000013094       0xf8 ./Src/App/ap.o
 .debug_macro   0x000000000001318c       0xa5 ./Src/App/ap.o
 .debug_macro   0x0000000000013231      0x15f ./Src/App/ap.o
 .debug_macro   0x0000000000013390      0x287 ./Src/App/ap.o
 .debug_macro   0x0000000000013617       0x5f ./Src/App/ap.o
 .debug_macro   0x0000000000013676      0x236 ./Src/App/ap.o
 .debug_macro   0x00000000000138ac      0x132 ./Src/App/ap.o
 .debug_macro   0x00000000000139de      0x264 ./Src/App/ap.o
 .debug_macro   0x0000000000013c42       0x2e ./Src/App/ap.o
 .debug_macro   0x0000000000013c70      0x127 ./Src/App/ap.o
 .debug_macro   0x0000000000013d97       0x85 ./Src/App/ap.o
 .debug_macro   0x0000000000013e1c       0x89 ./Src/App/ap.o
 .debug_macro   0x0000000000013ea5      0x126 ./Src/App/ap.o
 .debug_macro   0x0000000000013fcb      0x29a ./Src/Bsp/bsp.o
 .debug_macro   0x0000000000014265      0x2c2 ./Src/Bsp/stm32f4xx_hal_msp.o
 .debug_macro   0x0000000000014527      0x2cc ./Src/Bsp/stm32f4xx_it.o
 .debug_macro   0x00000000000147f3       0xda ./Src/Bsp/system_stm32f4xx.o
 .debug_macro   0x00000000000148cd       0x8e ./Src/Bsp/system_stm32f4xx.o
 .debug_macro   0x000000000001495b       0x51 ./Src/Bsp/system_stm32f4xx.o
 .debug_macro   0x00000000000149ac      0x2ae ./Src/Hw/hw.o
 .debug_macro   0x0000000000014c5a      0x20b ./Src/Lib/mx_ret6/Drivers/STM32F4xx_HAL_Driver/Src/stm32f4xx_hal.o
 .debug_macro   0x0000000000014e65       0x5c ./Src/Lib/mx_ret6/Drivers/STM32F4xx_HAL_Driver/Src/stm32f4xx_hal.o
 .debug_macro   0x0000000000014ec1      0x1ab ./Src/Lib/mx_ret6/Drivers/STM32F4xx_HAL_Driver/Src/stm32f4xx_hal_cortex.o
 .debug_macro   0x000000000001506c      0x1b1 ./Src/Lib/mx_ret6/Drivers/STM32F4xx_HAL_Driver/Src/stm32f4xx_hal_gpio.o
 .debug_macro   0x000000000001521d      0x1cf ./Src/Lib/mx_ret6/Drivers/STM32F4xx_HAL_Driver/Src/stm32f4xx_hal_rcc.o
 .debug_macro   0x00000000000153ec      0x2c2 ./Src/main.o

.debug_line     0x0000000000000000     0x777f
 .debug_line    0x0000000000000000      0xa2b ./Src/App/ap.o
 .debug_line    0x0000000000000a2b      0xa25 ./Src/Bsp/bsp.o
 .debug_line    0x0000000000001450      0xa96 ./Src/Bsp/stm32f4xx_hal_msp.o
 .debug_line    0x0000000000001ee6      0xb58 ./Src/Bsp/stm32f4xx_it.o
 .debug_line    0x0000000000002a3e      0x5a0 ./Src/Bsp/system_stm32f4xx.o
 .debug_line    0x0000000000002fde       0x7b ./Src/Bsp/startup/startup_stm32f401retx.o
 .debug_line    0x0000000000003059      0x9ab ./Src/Hw/hw.o
 .debug_line    0x0000000000003a04      0xaee ./Src/Lib/mx_ret6/Drivers/STM32F4xx_HAL_Driver/Src/stm32f4xx_hal.o
 .debug_line    0x00000000000044f2      0xdba ./Src/Lib/mx_ret6/Drivers/STM32F4xx_HAL_Driver/Src/stm32f4xx_hal_cortex.o
 .debug_line    0x00000000000052ac      0xc26 ./Src/Lib/mx_ret6/Drivers/STM32F4xx_HAL_Driver/Src/stm32f4xx_hal_gpio.o
 .debug_line    0x0000000000005ed2      0xe65 ./Src/Lib/mx_ret6/Drivers/STM32F4xx_HAL_Driver/Src/stm32f4xx_hal_rcc.o
 .debug_line    0x0000000000006d37      0xa48 ./Src/main.o

.debug_str      0x0000000000000000    0x81fdb
 .debug_str     0x0000000000000000    0x80954 ./Src/App/ap.o
                                      0x80bd5 (size before relaxing)
 .debug_str     0x0000000000080954      0x35e ./Src/Bsp/bsp.o
                                      0x80eda (size before relaxing)
 .debug_str     0x0000000000080cb2       0x38 ./Src/Bsp/stm32f4xx_hal_msp.o
                                      0x80c9b (size before relaxing)
 .debug_str     0x0000000000080cea       0xc8 ./Src/Bsp/stm32f4xx_it.o
                                      0x80c0f (size before relaxing)
 .debug_str     0x0000000000080db2      0x118 ./Src/Bsp/system_stm32f4xx.o
                                      0x4f8fb (size before relaxing)
 .debug_str     0x0000000000080eca       0x37 ./Src/Bsp/startup/startup_stm32f401retx.o
                                         0x79 (size before relaxing)
 .debug_str     0x0000000000080f01       0x16 ./Src/Hw/hw.o
                                      0x80b49 (size before relaxing)
 .debug_str     0x0000000000080f17      0x9be ./Src/Lib/mx_ret6/Drivers/STM32F4xx_HAL_Driver/Src/stm32f4xx_hal.o
                                      0x7dfb1 (size before relaxing)
 .debug_str     0x00000000000818d5      0x382 ./Src/Lib/mx_ret6/Drivers/STM32F4xx_HAL_Driver/Src/stm32f4xx_hal_cortex.o
                                      0x7dce9 (size before relaxing)
 .debug_str     0x0000000000081c57      0x12e ./Src/Lib/mx_ret6/Drivers/STM32F4xx_HAL_Driver/Src/stm32f4xx_hal_gpio.o
                                      0x7d70a (size before relaxing)
 .debug_str     0x0000000000081d85      0x243 ./Src/Lib/mx_ret6/Drivers/STM32F4xx_HAL_Driver/Src/stm32f4xx_hal_rcc.o
                                      0x7d9c3 (size before relaxing)
 .debug_str     0x0000000000081fc8       0x13 ./Src/main.o
                                      0x80b6f (size before relaxing)

.debug_frame    0x0000000000000000      0xee4
 .debug_frame   0x0000000000000000       0x70 ./Src/App/ap.o
 .debug_frame   0x0000000000000070       0x70 ./Src/Bsp/bsp.o
 .debug_frame   0x00000000000000e0       0x38 ./Src/Bsp/stm32f4xx_hal_msp.o
 .debug_frame   0x0000000000000118      0x104 ./Src/Bsp/stm32f4xx_it.o
 .debug_frame   0x000000000000021c       0x58 ./Src/Bsp/system_stm32f4xx.o
 .debug_frame   0x0000000000000274       0x2c ./Src/Hw/hw.o
 .debug_frame   0x00000000000002a0      0x374 ./Src/Lib/mx_ret6/Drivers/STM32F4xx_HAL_Driver/Src/stm32f4xx_hal.o
 .debug_frame   0x0000000000000614      0x4b8 ./Src/Lib/mx_ret6/Drivers/STM32F4xx_HAL_Driver/Src/stm32f4xx_hal_cortex.o
 .debug_frame   0x0000000000000acc      0x14c ./Src/Lib/mx_ret6/Drivers/STM32F4xx_HAL_Driver/Src/stm32f4xx_hal_gpio.o
 .debug_frame   0x0000000000000c18      0x1f4 ./Src/Lib/mx_ret6/Drivers/STM32F4xx_HAL_Driver/Src/stm32f4xx_hal_rcc.o
 .debug_frame   0x0000000000000e0c       0x2c ./Src/main.o
 .debug_frame   0x0000000000000e38       0x20 /Applications/STM32CubeIDE.app/Contents/Eclipse/plugins/com.st.stm32cube.ide.mcu.externaltools.gnu-tools-for-stm32.11.3.rel1.macos64_1.1.100.202310310803/tools/bin/../lib/gcc/arm-none-eabi/11.3.1/../../../../arm-none-eabi/lib/thumb/v7e-m+fp/hard/libc_nano.a(libc_a-memset.o)
 .debug_frame   0x0000000000000e58       0x2c /Applications/STM32CubeIDE.app/Contents/Eclipse/plugins/com.st.stm32cube.ide.mcu.externaltools.gnu-tools-for-stm32.11.3.rel1.macos64_1.1.100.202310310803/tools/bin/../lib/gcc/arm-none-eabi/11.3.1/../../../../arm-none-eabi/lib/thumb/v7e-m+fp/hard/libc_nano.a(libc_a-init.o)
 .debug_frame   0x0000000000000e84       0x2c /Applications/STM32CubeIDE.app/Contents/Eclipse/plugins/com.st.stm32cube.ide.mcu.externaltools.gnu-tools-for-stm32.11.3.rel1.macos64_1.1.100.202310310803/tools/bin/../lib/gcc/arm-none-eabi/11.3.1/thumb/v7e-m+fp/hard/libgcc.a(_aeabi_uldivmod.o)
 .debug_frame   0x0000000000000eb0       0x34 /Applications/STM32CubeIDE.app/Contents/Eclipse/plugins/com.st.stm32cube.ide.mcu.externaltools.gnu-tools-for-stm32.11.3.rel1.macos64_1.1.100.202310310803/tools/bin/../lib/gcc/arm-none-eabi/11.3.1/thumb/v7e-m+fp/hard/libgcc.a(_udivmoddi4.o)

.debug_line_str
                0x0000000000000000       0x6d
 .debug_line_str
                0x0000000000000000       0x6d ./Src/Bsp/startup/startup_stm32f401retx.o
                                         0x85 (size before relaxing)
