10:07:50 **** Build of configuration Debug for project unit_test ****
make -j10 all 
arm-none-eabi-gcc "../Src/Lib/mx_ret6/USB_DEVICE/Target/usbd_conf.c" -mcpu=cortex-m4 -std=gnu11 -g3 -DSTM32F401xE -c -I"/Users/chmnku/Developement/STM32_Project/stm32f401ret6_test/Src" -I"/Users/chmnku/Developement/STM32_Project/stm32f401ret6_test/Src/App" -I"/Users/chmnku/Developement/STM32_Project/stm32f401ret6_test/Src/Bsp" -I"/Users/chmnku/Developement/STM32_Project/stm32f401ret6_test/Src/Common" -I"/Users/chmnku/Developement/STM32_Project/stm32f401ret6_test/Src/Hw" -I"/Users/chmnku/Developement/STM32_Project/stm32f401ret6_test/Src/Lib" -I"/Users/chmnku/Developement/STM32_Project/stm32f401ret6_test/Src/Lib/mx_ret6/Drivers/CMSIS/Device/ST/STM32F4xx/Include" -I"/Users/chmnku/Developement/STM32_Project/stm32f401ret6_test/Src/Lib/mx_ret6/Drivers/CMSIS/Include" -I"/Users/chmnku/Developement/STM32_Project/stm32f401ret6_test/Src/Lib/mx_ret6/Drivers/STM32F4xx_HAL_Driver/Inc" -I"/Users/chmnku/Developement/STM32_Project/stm32f401ret6_test/Src/Lib/mx_ret6/Middlewares/ST/STM32_USB_Device_Library/Class/CDC/Inc" -I"/Users/chmnku/Developement/STM32_Project/stm32f401ret6_test/Src/Lib/mx_ret6/Middlewares/ST/STM32_USB_Device_Library/Core/Inc" -I"/Users/chmnku/Developement/STM32_Project/stm32f401ret6_test/Src/Lib/mx_ret6/USB_DEVICE/App" -I"/Users/chmnku/Developement/STM32_Project/stm32f401ret6_test/Src/Lib/mx_ret6/USB_DEVICE/Target" -O0 -ffunction-sections -fdata-sections -Wall -fstack-usage -fcyclomatic-complexity -MMD -MP -MF"Src/Lib/mx_ret6/USB_DEVICE/Target/usbd_conf.d" -MT"Src/Lib/mx_ret6/USB_DEVICE/Target/usbd_conf.o" --specs=nano.specs -mfpu=fpv4-sp-d16 -mfloat-abi=hard -mthumb -o "Src/Lib/mx_ret6/USB_DEVICE/Target/usbd_conf.o"
arm-none-eabi-gcc "../Src/Lib/mx_ret6/USB_DEVICE/App/usb_device.c" -mcpu=cortex-m4 -std=gnu11 -g3 -DSTM32F401xE -c -I"/Users/chmnku/Developement/STM32_Project/stm32f401ret6_test/Src" -I"/Users/chmnku/Developement/STM32_Project/stm32f401ret6_test/Src/App" -I"/Users/chmnku/Developement/STM32_Project/stm32f401ret6_test/Src/Bsp" -I"/Users/chmnku/Developement/STM32_Project/stm32f401ret6_test/Src/Common" -I"/Users/chmnku/Developement/STM32_Project/stm32f401ret6_test/Src/Hw" -I"/Users/chmnku/Developement/STM32_Project/stm32f401ret6_test/Src/Lib" -I"/Users/chmnku/Developement/STM32_Project/stm32f401ret6_test/Src/Lib/mx_ret6/Drivers/CMSIS/Device/ST/STM32F4xx/Include" -I"/Users/chmnku/Developement/STM32_Project/stm32f401ret6_test/Src/Lib/mx_ret6/Drivers/CMSIS/Include" -I"/Users/chmnku/Developement/STM32_Project/stm32f401ret6_test/Src/Lib/mx_ret6/Drivers/STM32F4xx_HAL_Driver/Inc" -I"/Users/chmnku/Developement/STM32_Project/stm32f401ret6_test/Src/Lib/mx_ret6/Middlewares/ST/STM32_USB_Device_Library/Class/CDC/Inc" -I"/Users/chmnku/Developement/STM32_Project/stm32f401ret6_test/Src/Lib/mx_ret6/Middlewares/ST/STM32_USB_Device_Library/Core/Inc" -I"/Users/chmnku/Developement/STM32_Project/stm32f401ret6_test/Src/Lib/mx_ret6/USB_DEVICE/App" -I"/Users/chmnku/Developement/STM32_Project/stm32f401ret6_test/Src/Lib/mx_ret6/USB_DEVICE/Target" -O0 -ffunction-sections -fdata-sections -Wall -fstack-usage -fcyclomatic-complexity -MMD -MP -MF"Src/Lib/mx_ret6/USB_DEVICE/App/usb_device.d" -MT"Src/Lib/mx_ret6/USB_DEVICE/App/usb_device.o" --specs=nano.specs -mfpu=fpv4-sp-d16 -mfloat-abi=hard -mthumb -o "Src/Lib/mx_ret6/USB_DEVICE/App/usb_device.o"
arm-none-eabi-gcc "../Src/Lib/mx_ret6/USB_DEVICE/App/usbd_cdc_if.c" -mcpu=cortex-m4 -std=gnu11 -g3 -DSTM32F401xE -c -I"/Users/chmnku/Developement/STM32_Project/stm32f401ret6_test/Src" -I"/Users/chmnku/Developement/STM32_Project/stm32f401ret6_test/Src/App" -I"/Users/chmnku/Developement/STM32_Project/stm32f401ret6_test/Src/Bsp" -I"/Users/chmnku/Developement/STM32_Project/stm32f401ret6_test/Src/Common" -I"/Users/chmnku/Developement/STM32_Project/stm32f401ret6_test/Src/Hw" -I"/Users/chmnku/Developement/STM32_Project/stm32f401ret6_test/Src/Lib" -I"/Users/chmnku/Developement/STM32_Project/stm32f401ret6_test/Src/Lib/mx_ret6/Drivers/CMSIS/Device/ST/STM32F4xx/Include" -I"/Users/chmnku/Developement/STM32_Project/stm32f401ret6_test/Src/Lib/mx_ret6/Drivers/CMSIS/Include" -I"/Users/chmnku/Developement/STM32_Project/stm32f401ret6_test/Src/Lib/mx_ret6/Drivers/STM32F4xx_HAL_Driver/Inc" -I"/Users/chmnku/Developement/STM32_Project/stm32f401ret6_test/Src/Lib/mx_ret6/Middlewares/ST/STM32_USB_Device_Library/Class/CDC/Inc" -I"/Users/chmnku/Developement/STM32_Project/stm32f401ret6_test/Src/Lib/mx_ret6/Middlewares/ST/STM32_USB_Device_Library/Core/Inc" -I"/Users/chmnku/Developement/STM32_Project/stm32f401ret6_test/Src/Lib/mx_ret6/USB_DEVICE/App" -I"/Users/chmnku/Developement/STM32_Project/stm32f401ret6_test/Src/Lib/mx_ret6/USB_DEVICE/Target" -O0 -ffunction-sections -fdata-sections -Wall -fstack-usage -fcyclomatic-complexity -MMD -MP -MF"Src/Lib/mx_ret6/USB_DEVICE/App/usbd_cdc_if.d" -MT"Src/Lib/mx_ret6/USB_DEVICE/App/usbd_cdc_if.o" --specs=nano.specs -mfpu=fpv4-sp-d16 -mfloat-abi=hard -mthumb -o "Src/Lib/mx_ret6/USB_DEVICE/App/usbd_cdc_if.o"
arm-none-eabi-gcc "../Src/Lib/mx_ret6/USB_DEVICE/App/usbd_desc.c" -mcpu=cortex-m4 -std=gnu11 -g3 -DSTM32F401xE -c -I"/Users/chmnku/Developement/STM32_Project/stm32f401ret6_test/Src" -I"/Users/chmnku/Developement/STM32_Project/stm32f401ret6_test/Src/App" -I"/Users/chmnku/Developement/STM32_Project/stm32f401ret6_test/Src/Bsp" -I"/Users/chmnku/Developement/STM32_Project/stm32f401ret6_test/Src/Common" -I"/Users/chmnku/Developement/STM32_Project/stm32f401ret6_test/Src/Hw" -I"/Users/chmnku/Developement/STM32_Project/stm32f401ret6_test/Src/Lib" -I"/Users/chmnku/Developement/STM32_Project/stm32f401ret6_test/Src/Lib/mx_ret6/Drivers/CMSIS/Device/ST/STM32F4xx/Include" -I"/Users/chmnku/Developement/STM32_Project/stm32f401ret6_test/Src/Lib/mx_ret6/Drivers/CMSIS/Include" -I"/Users/chmnku/Developement/STM32_Project/stm32f401ret6_test/Src/Lib/mx_ret6/Drivers/STM32F4xx_HAL_Driver/Inc" -I"/Users/chmnku/Developement/STM32_Project/stm32f401ret6_test/Src/Lib/mx_ret6/Middlewares/ST/STM32_USB_Device_Library/Class/CDC/Inc" -I"/Users/chmnku/Developement/STM32_Project/stm32f401ret6_test/Src/Lib/mx_ret6/Middlewares/ST/STM32_USB_Device_Library/Core/Inc" -I"/Users/chmnku/Developement/STM32_Project/stm32f401ret6_test/Src/Lib/mx_ret6/USB_DEVICE/App" -I"/Users/chmnku/Developement/STM32_Project/stm32f401ret6_test/Src/Lib/mx_ret6/USB_DEVICE/Target" -O0 -ffunction-sections -fdata-sections -Wall -fstack-usage -fcyclomatic-complexity -MMD -MP -MF"Src/Lib/mx_ret6/USB_DEVICE/App/usbd_desc.d" -MT"Src/Lib/mx_ret6/USB_DEVICE/App/usbd_desc.o" --specs=nano.specs -mfpu=fpv4-sp-d16 -mfloat-abi=hard -mthumb -o "Src/Lib/mx_ret6/USB_DEVICE/App/usbd_desc.o"
arm-none-eabi-gcc "../Src/Lib/mx_ret6/Middlewares/ST/STM32_USB_Device_Library/Core/Src/usbd_core.c" -mcpu=cortex-m4 -std=gnu11 -g3 -DSTM32F401xE -c -I"/Users/chmnku/Developement/STM32_Project/stm32f401ret6_test/Src" -I"/Users/chmnku/Developement/STM32_Project/stm32f401ret6_test/Src/App" -I"/Users/chmnku/Developement/STM32_Project/stm32f401ret6_test/Src/Bsp" -I"/Users/chmnku/Developement/STM32_Project/stm32f401ret6_test/Src/Common" -I"/Users/chmnku/Developement/STM32_Project/stm32f401ret6_test/Src/Hw" -I"/Users/chmnku/Developement/STM32_Project/stm32f401ret6_test/Src/Lib" -I"/Users/chmnku/Developement/STM32_Project/stm32f401ret6_test/Src/Lib/mx_ret6/Drivers/CMSIS/Device/ST/STM32F4xx/Include" -I"/Users/chmnku/Developement/STM32_Project/stm32f401ret6_test/Src/Lib/mx_ret6/Drivers/CMSIS/Include" -I"/Users/chmnku/Developement/STM32_Project/stm32f401ret6_test/Src/Lib/mx_ret6/Drivers/STM32F4xx_HAL_Driver/Inc" -I"/Users/chmnku/Developement/STM32_Project/stm32f401ret6_test/Src/Lib/mx_ret6/Middlewares/ST/STM32_USB_Device_Library/Class/CDC/Inc" -I"/Users/chmnku/Developement/STM32_Project/stm32f401ret6_test/Src/Lib/mx_ret6/Middlewares/ST/STM32_USB_Device_Library/Core/Inc" -I"/Users/chmnku/Developement/STM32_Project/stm32f401ret6_test/Src/Lib/mx_ret6/USB_DEVICE/App" -I"/Users/chmnku/Developement/STM32_Project/stm32f401ret6_test/Src/Lib/mx_ret6/USB_DEVICE/Target" -O0 -ffunction-sections -fdata-sections -Wall -fstack-usage -fcyclomatic-complexity -MMD -MP -MF"Src/Lib/mx_ret6/Middlewares/ST/STM32_USB_Device_Library/Core/Src/usbd_core.d" -MT"Src/Lib/mx_ret6/Middlewares/ST/STM32_USB_Device_Library/Core/Src/usbd_core.o" --specs=nano.specs -mfpu=fpv4-sp-d16 -mfloat-abi=hard -mthumb -o "Src/Lib/mx_ret6/Middlewares/ST/STM32_USB_Device_Library/Core/Src/usbd_core.o"
arm-none-eabi-gcc "../Src/Lib/mx_ret6/Middlewares/ST/STM32_USB_Device_Library/Core/Src/usbd_ctlreq.c" -mcpu=cortex-m4 -std=gnu11 -g3 -DSTM32F401xE -c -I"/Users/chmnku/Developement/STM32_Project/stm32f401ret6_test/Src" -I"/Users/chmnku/Developement/STM32_Project/stm32f401ret6_test/Src/App" -I"/Users/chmnku/Developement/STM32_Project/stm32f401ret6_test/Src/Bsp" -I"/Users/chmnku/Developement/STM32_Project/stm32f401ret6_test/Src/Common" -I"/Users/chmnku/Developement/STM32_Project/stm32f401ret6_test/Src/Hw" -I"/Users/chmnku/Developement/STM32_Project/stm32f401ret6_test/Src/Lib" -I"/Users/chmnku/Developement/STM32_Project/stm32f401ret6_test/Src/Lib/mx_ret6/Drivers/CMSIS/Device/ST/STM32F4xx/Include" -I"/Users/chmnku/Developement/STM32_Project/stm32f401ret6_test/Src/Lib/mx_ret6/Drivers/CMSIS/Include" -I"/Users/chmnku/Developement/STM32_Project/stm32f401ret6_test/Src/Lib/mx_ret6/Drivers/STM32F4xx_HAL_Driver/Inc" -I"/Users/chmnku/Developement/STM32_Project/stm32f401ret6_test/Src/Lib/mx_ret6/Middlewares/ST/STM32_USB_Device_Library/Class/CDC/Inc" -I"/Users/chmnku/Developement/STM32_Project/stm32f401ret6_test/Src/Lib/mx_ret6/Middlewares/ST/STM32_USB_Device_Library/Core/Inc" -I"/Users/chmnku/Developement/STM32_Project/stm32f401ret6_test/Src/Lib/mx_ret6/USB_DEVICE/App" -I"/Users/chmnku/Developement/STM32_Project/stm32f401ret6_test/Src/Lib/mx_ret6/USB_DEVICE/Target" -O0 -ffunction-sections -fdata-sections -Wall -fstack-usage -fcyclomatic-complexity -MMD -MP -MF"Src/Lib/mx_ret6/Middlewares/ST/STM32_USB_Device_Library/Core/Src/usbd_ctlreq.d" -MT"Src/Lib/mx_ret6/Middlewares/ST/STM32_USB_Device_Library/Core/Src/usbd_ctlreq.o" --specs=nano.specs -mfpu=fpv4-sp-d16 -mfloat-abi=hard -mthumb -o "Src/Lib/mx_ret6/Middlewares/ST/STM32_USB_Device_Library/Core/Src/usbd_ctlreq.o"
arm-none-eabi-gcc "../Src/Lib/mx_ret6/Middlewares/ST/STM32_USB_Device_Library/Core/Src/usbd_ioreq.c" -mcpu=cortex-m4 -std=gnu11 -g3 -DSTM32F401xE -c -I"/Users/chmnku/Developement/STM32_Project/stm32f401ret6_test/Src" -I"/Users/chmnku/Developement/STM32_Project/stm32f401ret6_test/Src/App" -I"/Users/chmnku/Developement/STM32_Project/stm32f401ret6_test/Src/Bsp" -I"/Users/chmnku/Developement/STM32_Project/stm32f401ret6_test/Src/Common" -I"/Users/chmnku/Developement/STM32_Project/stm32f401ret6_test/Src/Hw" -I"/Users/chmnku/Developement/STM32_Project/stm32f401ret6_test/Src/Lib" -I"/Users/chmnku/Developement/STM32_Project/stm32f401ret6_test/Src/Lib/mx_ret6/Drivers/CMSIS/Device/ST/STM32F4xx/Include" -I"/Users/chmnku/Developement/STM32_Project/stm32f401ret6_test/Src/Lib/mx_ret6/Drivers/CMSIS/Include" -I"/Users/chmnku/Developement/STM32_Project/stm32f401ret6_test/Src/Lib/mx_ret6/Drivers/STM32F4xx_HAL_Driver/Inc" -I"/Users/chmnku/Developement/STM32_Project/stm32f401ret6_test/Src/Lib/mx_ret6/Middlewares/ST/STM32_USB_Device_Library/Class/CDC/Inc" -I"/Users/chmnku/Developement/STM32_Project/stm32f401ret6_test/Src/Lib/mx_ret6/Middlewares/ST/STM32_USB_Device_Library/Core/Inc" -I"/Users/chmnku/Developement/STM32_Project/stm32f401ret6_test/Src/Lib/mx_ret6/USB_DEVICE/App" -I"/Users/chmnku/Developement/STM32_Project/stm32f401ret6_test/Src/Lib/mx_ret6/USB_DEVICE/Target" -O0 -ffunction-sections -fdata-sections -Wall -fstack-usage -fcyclomatic-complexity -MMD -MP -MF"Src/Lib/mx_ret6/Middlewares/ST/STM32_USB_Device_Library/Core/Src/usbd_ioreq.d" -MT"Src/Lib/mx_ret6/Middlewares/ST/STM32_USB_Device_Library/Core/Src/usbd_ioreq.o" --specs=nano.specs -mfpu=fpv4-sp-d16 -mfloat-abi=hard -mthumb -o "Src/Lib/mx_ret6/Middlewares/ST/STM32_USB_Device_Library/Core/Src/usbd_ioreq.o"
arm-none-eabi-gcc "../Src/Lib/mx_ret6/Middlewares/ST/STM32_USB_Device_Library/Class/CDC/Src/usbd_cdc.c" -mcpu=cortex-m4 -std=gnu11 -g3 -DSTM32F401xE -c -I"/Users/chmnku/Developement/STM32_Project/stm32f401ret6_test/Src" -I"/Users/chmnku/Developement/STM32_Project/stm32f401ret6_test/Src/App" -I"/Users/chmnku/Developement/STM32_Project/stm32f401ret6_test/Src/Bsp" -I"/Users/chmnku/Developement/STM32_Project/stm32f401ret6_test/Src/Common" -I"/Users/chmnku/Developement/STM32_Project/stm32f401ret6_test/Src/Hw" -I"/Users/chmnku/Developement/STM32_Project/stm32f401ret6_test/Src/Lib" -I"/Users/chmnku/Developement/STM32_Project/stm32f401ret6_test/Src/Lib/mx_ret6/Drivers/CMSIS/Device/ST/STM32F4xx/Include" -I"/Users/chmnku/Developement/STM32_Project/stm32f401ret6_test/Src/Lib/mx_ret6/Drivers/CMSIS/Include" -I"/Users/chmnku/Developement/STM32_Project/stm32f401ret6_test/Src/Lib/mx_ret6/Drivers/STM32F4xx_HAL_Driver/Inc" -I"/Users/chmnku/Developement/STM32_Project/stm32f401ret6_test/Src/Lib/mx_ret6/Middlewares/ST/STM32_USB_Device_Library/Class/CDC/Inc" -I"/Users/chmnku/Developement/STM32_Project/stm32f401ret6_test/Src/Lib/mx_ret6/Middlewares/ST/STM32_USB_Device_Library/Core/Inc" -I"/Users/chmnku/Developement/STM32_Project/stm32f401ret6_test/Src/Lib/mx_ret6/USB_DEVICE/App" -I"/Users/chmnku/Developement/STM32_Project/stm32f401ret6_test/Src/Lib/mx_ret6/USB_DEVICE/Target" -O0 -ffunction-sections -fdata-sections -Wall -fstack-usage -fcyclomatic-complexity -MMD -MP -MF"Src/Lib/mx_ret6/Middlewares/ST/STM32_USB_Device_Library/Class/CDC/Src/usbd_cdc.d" -MT"Src/Lib/mx_ret6/Middlewares/ST/STM32_USB_Device_Library/Class/CDC/Src/usbd_cdc.o" --specs=nano.specs -mfpu=fpv4-sp-d16 -mfloat-abi=hard -mthumb -o "Src/Lib/mx_ret6/Middlewares/ST/STM32_USB_Device_Library/Class/CDC/Src/usbd_cdc.o"
arm-none-eabi-gcc "../Src/Lib/mx_ret6/Drivers/STM32F4xx_HAL_Driver/Src/stm32f4xx_hal.c" -mcpu=cortex-m4 -std=gnu11 -g3 -DSTM32F401xE -c -I"/Users/chmnku/Developement/STM32_Project/stm32f401ret6_test/Src" -I"/Users/chmnku/Developement/STM32_Project/stm32f401ret6_test/Src/App" -I"/Users/chmnku/Developement/STM32_Project/stm32f401ret6_test/Src/Bsp" -I"/Users/chmnku/Developement/STM32_Project/stm32f401ret6_test/Src/Common" -I"/Users/chmnku/Developement/STM32_Project/stm32f401ret6_test/Src/Hw" -I"/Users/chmnku/Developement/STM32_Project/stm32f401ret6_test/Src/Lib" -I"/Users/chmnku/Developement/STM32_Project/stm32f401ret6_test/Src/Lib/mx_ret6/Drivers/CMSIS/Device/ST/STM32F4xx/Include" -I"/Users/chmnku/Developement/STM32_Project/stm32f401ret6_test/Src/Lib/mx_ret6/Drivers/CMSIS/Include" -I"/Users/chmnku/Developement/STM32_Project/stm32f401ret6_test/Src/Lib/mx_ret6/Drivers/STM32F4xx_HAL_Driver/Inc" -I"/Users/chmnku/Developement/STM32_Project/stm32f401ret6_test/Src/Lib/mx_ret6/Middlewares/ST/STM32_USB_Device_Library/Class/CDC/Inc" -I"/Users/chmnku/Developement/STM32_Project/stm32f401ret6_test/Src/Lib/mx_ret6/Middlewares/ST/STM32_USB_Device_Library/Core/Inc" -I"/Users/chmnku/Developement/STM32_Project/stm32f401ret6_test/Src/Lib/mx_ret6/USB_DEVICE/App" -I"/Users/chmnku/Developement/STM32_Project/stm32f401ret6_test/Src/Lib/mx_ret6/USB_DEVICE/Target" -O0 -ffunction-sections -fdata-sections -Wall -fstack-usage -fcyclomatic-complexity -MMD -MP -MF"Src/Lib/mx_ret6/Drivers/STM32F4xx_HAL_Driver/Src/stm32f4xx_hal.d" -MT"Src/Lib/mx_ret6/Drivers/STM32F4xx_HAL_Driver/Src/stm32f4xx_hal.o" --specs=nano.specs -mfpu=fpv4-sp-d16 -mfloat-abi=hard -mthumb -o "Src/Lib/mx_ret6/Drivers/STM32F4xx_HAL_Driver/Src/stm32f4xx_hal.o"
arm-none-eabi-gcc "../Src/Lib/mx_ret6/Drivers/STM32F4xx_HAL_Driver/Src/stm32f4xx_hal_cortex.c" -mcpu=cortex-m4 -std=gnu11 -g3 -DSTM32F401xE -c -I"/Users/chmnku/Developement/STM32_Project/stm32f401ret6_test/Src" -I"/Users/chmnku/Developement/STM32_Project/stm32f401ret6_test/Src/App" -I"/Users/chmnku/Developement/STM32_Project/stm32f401ret6_test/Src/Bsp" -I"/Users/chmnku/Developement/STM32_Project/stm32f401ret6_test/Src/Common" -I"/Users/chmnku/Developement/STM32_Project/stm32f401ret6_test/Src/Hw" -I"/Users/chmnku/Developement/STM32_Project/stm32f401ret6_test/Src/Lib" -I"/Users/chmnku/Developement/STM32_Project/stm32f401ret6_test/Src/Lib/mx_ret6/Drivers/CMSIS/Device/ST/STM32F4xx/Include" -I"/Users/chmnku/Developement/STM32_Project/stm32f401ret6_test/Src/Lib/mx_ret6/Drivers/CMSIS/Include" -I"/Users/chmnku/Developement/STM32_Project/stm32f401ret6_test/Src/Lib/mx_ret6/Drivers/STM32F4xx_HAL_Driver/Inc" -I"/Users/chmnku/Developement/STM32_Project/stm32f401ret6_test/Src/Lib/mx_ret6/Middlewares/ST/STM32_USB_Device_Library/Class/CDC/Inc" -I"/Users/chmnku/Developement/STM32_Project/stm32f401ret6_test/Src/Lib/mx_ret6/Middlewares/ST/STM32_USB_Device_Library/Core/Inc" -I"/Users/chmnku/Developement/STM32_Project/stm32f401ret6_test/Src/Lib/mx_ret6/USB_DEVICE/App" -I"/Users/chmnku/Developement/STM32_Project/stm32f401ret6_test/Src/Lib/mx_ret6/USB_DEVICE/Target" -O0 -ffunction-sections -fdata-sections -Wall -fstack-usage -fcyclomatic-complexity -MMD -MP -MF"Src/Lib/mx_ret6/Drivers/STM32F4xx_HAL_Driver/Src/stm32f4xx_hal_cortex.d" -MT"Src/Lib/mx_ret6/Drivers/STM32F4xx_HAL_Driver/Src/stm32f4xx_hal_cortex.o" --specs=nano.specs -mfpu=fpv4-sp-d16 -mfloat-abi=hard -mthumb -o "Src/Lib/mx_ret6/Drivers/STM32F4xx_HAL_Driver/Src/stm32f4xx_hal_cortex.o"
arm-none-eabi-gcc "../Src/Lib/mx_ret6/Drivers/STM32F4xx_HAL_Driver/Src/stm32f4xx_hal_dma.c" -mcpu=cortex-m4 -std=gnu11 -g3 -DSTM32F401xE -c -I"/Users/chmnku/Developement/STM32_Project/stm32f401ret6_test/Src" -I"/Users/chmnku/Developement/STM32_Project/stm32f401ret6_test/Src/App" -I"/Users/chmnku/Developement/STM32_Project/stm32f401ret6_test/Src/Bsp" -I"/Users/chmnku/Developement/STM32_Project/stm32f401ret6_test/Src/Common" -I"/Users/chmnku/Developement/STM32_Project/stm32f401ret6_test/Src/Hw" -I"/Users/chmnku/Developement/STM32_Project/stm32f401ret6_test/Src/Lib" -I"/Users/chmnku/Developement/STM32_Project/stm32f401ret6_test/Src/Lib/mx_ret6/Drivers/CMSIS/Device/ST/STM32F4xx/Include" -I"/Users/chmnku/Developement/STM32_Project/stm32f401ret6_test/Src/Lib/mx_ret6/Drivers/CMSIS/Include" -I"/Users/chmnku/Developement/STM32_Project/stm32f401ret6_test/Src/Lib/mx_ret6/Drivers/STM32F4xx_HAL_Driver/Inc" -I"/Users/chmnku/Developement/STM32_Project/stm32f401ret6_test/Src/Lib/mx_ret6/Middlewares/ST/STM32_USB_Device_Library/Class/CDC/Inc" -I"/Users/chmnku/Developement/STM32_Project/stm32f401ret6_test/Src/Lib/mx_ret6/Middlewares/ST/STM32_USB_Device_Library/Core/Inc" -I"/Users/chmnku/Developement/STM32_Project/stm32f401ret6_test/Src/Lib/mx_ret6/USB_DEVICE/App" -I"/Users/chmnku/Developement/STM32_Project/stm32f401ret6_test/Src/Lib/mx_ret6/USB_DEVICE/Target" -O0 -ffunction-sections -fdata-sections -Wall -fstack-usage -fcyclomatic-complexity -MMD -MP -MF"Src/Lib/mx_ret6/Drivers/STM32F4xx_HAL_Driver/Src/stm32f4xx_hal_dma.d" -MT"Src/Lib/mx_ret6/Drivers/STM32F4xx_HAL_Driver/Src/stm32f4xx_hal_dma.o" --specs=nano.specs -mfpu=fpv4-sp-d16 -mfloat-abi=hard -mthumb -o "Src/Lib/mx_ret6/Drivers/STM32F4xx_HAL_Driver/Src/stm32f4xx_hal_dma.o"
arm-none-eabi-gcc "../Src/Lib/mx_ret6/Drivers/STM32F4xx_HAL_Driver/Src/stm32f4xx_hal_dma_ex.c" -mcpu=cortex-m4 -std=gnu11 -g3 -DSTM32F401xE -c -I"/Users/chmnku/Developement/STM32_Project/stm32f401ret6_test/Src" -I"/Users/chmnku/Developement/STM32_Project/stm32f401ret6_test/Src/App" -I"/Users/chmnku/Developement/STM32_Project/stm32f401ret6_test/Src/Bsp" -I"/Users/chmnku/Developement/STM32_Project/stm32f401ret6_test/Src/Common" -I"/Users/chmnku/Developement/STM32_Project/stm32f401ret6_test/Src/Hw" -I"/Users/chmnku/Developement/STM32_Project/stm32f401ret6_test/Src/Lib" -I"/Users/chmnku/Developement/STM32_Project/stm32f401ret6_test/Src/Lib/mx_ret6/Drivers/CMSIS/Device/ST/STM32F4xx/Include" -I"/Users/chmnku/Developement/STM32_Project/stm32f401ret6_test/Src/Lib/mx_ret6/Drivers/CMSIS/Include" -I"/Users/chmnku/Developement/STM32_Project/stm32f401ret6_test/Src/Lib/mx_ret6/Drivers/STM32F4xx_HAL_Driver/Inc" -I"/Users/chmnku/Developement/STM32_Project/stm32f401ret6_test/Src/Lib/mx_ret6/Middlewares/ST/STM32_USB_Device_Library/Class/CDC/Inc" -I"/Users/chmnku/Developement/STM32_Project/stm32f401ret6_test/Src/Lib/mx_ret6/Middlewares/ST/STM32_USB_Device_Library/Core/Inc" -I"/Users/chmnku/Developement/STM32_Project/stm32f401ret6_test/Src/Lib/mx_ret6/USB_DEVICE/App" -I"/Users/chmnku/Developement/STM32_Project/stm32f401ret6_test/Src/Lib/mx_ret6/USB_DEVICE/Target" -O0 -ffunction-sections -fdata-sections -Wall -fstack-usage -fcyclomatic-complexity -MMD -MP -MF"Src/Lib/mx_ret6/Drivers/STM32F4xx_HAL_Driver/Src/stm32f4xx_hal_dma_ex.d" -MT"Src/Lib/mx_ret6/Drivers/STM32F4xx_HAL_Driver/Src/stm32f4xx_hal_dma_ex.o" --specs=nano.specs -mfpu=fpv4-sp-d16 -mfloat-abi=hard -mthumb -o "Src/Lib/mx_ret6/Drivers/STM32F4xx_HAL_Driver/Src/stm32f4xx_hal_dma_ex.o"
arm-none-eabi-gcc "../Src/Lib/mx_ret6/Drivers/STM32F4xx_HAL_Driver/Src/stm32f4xx_hal_exti.c" -mcpu=cortex-m4 -std=gnu11 -g3 -DSTM32F401xE -c -I"/Users/chmnku/Developement/STM32_Project/stm32f401ret6_test/Src" -I"/Users/chmnku/Developement/STM32_Project/stm32f401ret6_test/Src/App" -I"/Users/chmnku/Developement/STM32_Project/stm32f401ret6_test/Src/Bsp" -I"/Users/chmnku/Developement/STM32_Project/stm32f401ret6_test/Src/Common" -I"/Users/chmnku/Developement/STM32_Project/stm32f401ret6_test/Src/Hw" -I"/Users/chmnku/Developement/STM32_Project/stm32f401ret6_test/Src/Lib" -I"/Users/chmnku/Developement/STM32_Project/stm32f401ret6_test/Src/Lib/mx_ret6/Drivers/CMSIS/Device/ST/STM32F4xx/Include" -I"/Users/chmnku/Developement/STM32_Project/stm32f401ret6_test/Src/Lib/mx_ret6/Drivers/CMSIS/Include" -I"/Users/chmnku/Developement/STM32_Project/stm32f401ret6_test/Src/Lib/mx_ret6/Drivers/STM32F4xx_HAL_Driver/Inc" -I"/Users/chmnku/Developement/STM32_Project/stm32f401ret6_test/Src/Lib/mx_ret6/Middlewares/ST/STM32_USB_Device_Library/Class/CDC/Inc" -I"/Users/chmnku/Developement/STM32_Project/stm32f401ret6_test/Src/Lib/mx_ret6/Middlewares/ST/STM32_USB_Device_Library/Core/Inc" -I"/Users/chmnku/Developement/STM32_Project/stm32f401ret6_test/Src/Lib/mx_ret6/USB_DEVICE/App" -I"/Users/chmnku/Developement/STM32_Project/stm32f401ret6_test/Src/Lib/mx_ret6/USB_DEVICE/Target" -O0 -ffunction-sections -fdata-sections -Wall -fstack-usage -fcyclomatic-complexity -MMD -MP -MF"Src/Lib/mx_ret6/Drivers/STM32F4xx_HAL_Driver/Src/stm32f4xx_hal_exti.d" -MT"Src/Lib/mx_ret6/Drivers/STM32F4xx_HAL_Driver/Src/stm32f4xx_hal_exti.o" --specs=nano.specs -mfpu=fpv4-sp-d16 -mfloat-abi=hard -mthumb -o "Src/Lib/mx_ret6/Drivers/STM32F4xx_HAL_Driver/Src/stm32f4xx_hal_exti.o"
arm-none-eabi-gcc "../Src/Lib/mx_ret6/Drivers/STM32F4xx_HAL_Driver/Src/stm32f4xx_hal_flash.c" -mcpu=cortex-m4 -std=gnu11 -g3 -DSTM32F401xE -c -I"/Users/chmnku/Developement/STM32_Project/stm32f401ret6_test/Src" -I"/Users/chmnku/Developement/STM32_Project/stm32f401ret6_test/Src/App" -I"/Users/chmnku/Developement/STM32_Project/stm32f401ret6_test/Src/Bsp" -I"/Users/chmnku/Developement/STM32_Project/stm32f401ret6_test/Src/Common" -I"/Users/chmnku/Developement/STM32_Project/stm32f401ret6_test/Src/Hw" -I"/Users/chmnku/Developement/STM32_Project/stm32f401ret6_test/Src/Lib" -I"/Users/chmnku/Developement/STM32_Project/stm32f401ret6_test/Src/Lib/mx_ret6/Drivers/CMSIS/Device/ST/STM32F4xx/Include" -I"/Users/chmnku/Developement/STM32_Project/stm32f401ret6_test/Src/Lib/mx_ret6/Drivers/CMSIS/Include" -I"/Users/chmnku/Developement/STM32_Project/stm32f401ret6_test/Src/Lib/mx_ret6/Drivers/STM32F4xx_HAL_Driver/Inc" -I"/Users/chmnku/Developement/STM32_Project/stm32f401ret6_test/Src/Lib/mx_ret6/Middlewares/ST/STM32_USB_Device_Library/Class/CDC/Inc" -I"/Users/chmnku/Developement/STM32_Project/stm32f401ret6_test/Src/Lib/mx_ret6/Middlewares/ST/STM32_USB_Device_Library/Core/Inc" -I"/Users/chmnku/Developement/STM32_Project/stm32f401ret6_test/Src/Lib/mx_ret6/USB_DEVICE/App" -I"/Users/chmnku/Developement/STM32_Project/stm32f401ret6_test/Src/Lib/mx_ret6/USB_DEVICE/Target" -O0 -ffunction-sections -fdata-sections -Wall -fstack-usage -fcyclomatic-complexity -MMD -MP -MF"Src/Lib/mx_ret6/Drivers/STM32F4xx_HAL_Driver/Src/stm32f4xx_hal_flash.d" -MT"Src/Lib/mx_ret6/Drivers/STM32F4xx_HAL_Driver/Src/stm32f4xx_hal_flash.o" --specs=nano.specs -mfpu=fpv4-sp-d16 -mfloat-abi=hard -mthumb -o "Src/Lib/mx_ret6/Drivers/STM32F4xx_HAL_Driver/Src/stm32f4xx_hal_flash.o"
arm-none-eabi-gcc "../Src/Lib/mx_ret6/Drivers/STM32F4xx_HAL_Driver/Src/stm32f4xx_hal_flash_ex.c" -mcpu=cortex-m4 -std=gnu11 -g3 -DSTM32F401xE -c -I"/Users/chmnku/Developement/STM32_Project/stm32f401ret6_test/Src" -I"/Users/chmnku/Developement/STM32_Project/stm32f401ret6_test/Src/App" -I"/Users/chmnku/Developement/STM32_Project/stm32f401ret6_test/Src/Bsp" -I"/Users/chmnku/Developement/STM32_Project/stm32f401ret6_test/Src/Common" -I"/Users/chmnku/Developement/STM32_Project/stm32f401ret6_test/Src/Hw" -I"/Users/chmnku/Developement/STM32_Project/stm32f401ret6_test/Src/Lib" -I"/Users/chmnku/Developement/STM32_Project/stm32f401ret6_test/Src/Lib/mx_ret6/Drivers/CMSIS/Device/ST/STM32F4xx/Include" -I"/Users/chmnku/Developement/STM32_Project/stm32f401ret6_test/Src/Lib/mx_ret6/Drivers/CMSIS/Include" -I"/Users/chmnku/Developement/STM32_Project/stm32f401ret6_test/Src/Lib/mx_ret6/Drivers/STM32F4xx_HAL_Driver/Inc" -I"/Users/chmnku/Developement/STM32_Project/stm32f401ret6_test/Src/Lib/mx_ret6/Middlewares/ST/STM32_USB_Device_Library/Class/CDC/Inc" -I"/Users/chmnku/Developement/STM32_Project/stm32f401ret6_test/Src/Lib/mx_ret6/Middlewares/ST/STM32_USB_Device_Library/Core/Inc" -I"/Users/chmnku/Developement/STM32_Project/stm32f401ret6_test/Src/Lib/mx_ret6/USB_DEVICE/App" -I"/Users/chmnku/Developement/STM32_Project/stm32f401ret6_test/Src/Lib/mx_ret6/USB_DEVICE/Target" -O0 -ffunction-sections -fdata-sections -Wall -fstack-usage -fcyclomatic-complexity -MMD -MP -MF"Src/Lib/mx_ret6/Drivers/STM32F4xx_HAL_Driver/Src/stm32f4xx_hal_flash_ex.d" -MT"Src/Lib/mx_ret6/Drivers/STM32F4xx_HAL_Driver/Src/stm32f4xx_hal_flash_ex.o" --specs=nano.specs -mfpu=fpv4-sp-d16 -mfloat-abi=hard -mthumb -o "Src/Lib/mx_ret6/Drivers/STM32F4xx_HAL_Driver/Src/stm32f4xx_hal_flash_ex.o"
arm-none-eabi-gcc "../Src/Lib/mx_ret6/Drivers/STM32F4xx_HAL_Driver/Src/stm32f4xx_hal_flash_ramfunc.c" -mcpu=cortex-m4 -std=gnu11 -g3 -DSTM32F401xE -c -I"/Users/chmnku/Developement/STM32_Project/stm32f401ret6_test/Src" -I"/Users/chmnku/Developement/STM32_Project/stm32f401ret6_test/Src/App" -I"/Users/chmnku/Developement/STM32_Project/stm32f401ret6_test/Src/Bsp" -I"/Users/chmnku/Developement/STM32_Project/stm32f401ret6_test/Src/Common" -I"/Users/chmnku/Developement/STM32_Project/stm32f401ret6_test/Src/Hw" -I"/Users/chmnku/Developement/STM32_Project/stm32f401ret6_test/Src/Lib" -I"/Users/chmnku/Developement/STM32_Project/stm32f401ret6_test/Src/Lib/mx_ret6/Drivers/CMSIS/Device/ST/STM32F4xx/Include" -I"/Users/chmnku/Developement/STM32_Project/stm32f401ret6_test/Src/Lib/mx_ret6/Drivers/CMSIS/Include" -I"/Users/chmnku/Developement/STM32_Project/stm32f401ret6_test/Src/Lib/mx_ret6/Drivers/STM32F4xx_HAL_Driver/Inc" -I"/Users/chmnku/Developement/STM32_Project/stm32f401ret6_test/Src/Lib/mx_ret6/Middlewares/ST/STM32_USB_Device_Library/Class/CDC/Inc" -I"/Users/chmnku/Developement/STM32_Project/stm32f401ret6_test/Src/Lib/mx_ret6/Middlewares/ST/STM32_USB_Device_Library/Core/Inc" -I"/Users/chmnku/Developement/STM32_Project/stm32f401ret6_test/Src/Lib/mx_ret6/USB_DEVICE/App" -I"/Users/chmnku/Developement/STM32_Project/stm32f401ret6_test/Src/Lib/mx_ret6/USB_DEVICE/Target" -O0 -ffunction-sections -fdata-sections -Wall -fstack-usage -fcyclomatic-complexity -MMD -MP -MF"Src/Lib/mx_ret6/Drivers/STM32F4xx_HAL_Driver/Src/stm32f4xx_hal_flash_ramfunc.d" -MT"Src/Lib/mx_ret6/Drivers/STM32F4xx_HAL_Driver/Src/stm32f4xx_hal_flash_ramfunc.o" --specs=nano.specs -mfpu=fpv4-sp-d16 -mfloat-abi=hard -mthumb -o "Src/Lib/mx_ret6/Drivers/STM32F4xx_HAL_Driver/Src/stm32f4xx_hal_flash_ramfunc.o"
arm-none-eabi-gcc "../Src/Lib/mx_ret6/Drivers/STM32F4xx_HAL_Driver/Src/stm32f4xx_hal_gpio.c" -mcpu=cortex-m4 -std=gnu11 -g3 -DSTM32F401xE -c -I"/Users/chmnku/Developement/STM32_Project/stm32f401ret6_test/Src" -I"/Users/chmnku/Developement/STM32_Project/stm32f401ret6_test/Src/App" -I"/Users/chmnku/Developement/STM32_Project/stm32f401ret6_test/Src/Bsp" -I"/Users/chmnku/Developement/STM32_Project/stm32f401ret6_test/Src/Common" -I"/Users/chmnku/Developement/STM32_Project/stm32f401ret6_test/Src/Hw" -I"/Users/chmnku/Developement/STM32_Project/stm32f401ret6_test/Src/Lib" -I"/Users/chmnku/Developement/STM32_Project/stm32f401ret6_test/Src/Lib/mx_ret6/Drivers/CMSIS/Device/ST/STM32F4xx/Include" -I"/Users/chmnku/Developement/STM32_Project/stm32f401ret6_test/Src/Lib/mx_ret6/Drivers/CMSIS/Include" -I"/Users/chmnku/Developement/STM32_Project/stm32f401ret6_test/Src/Lib/mx_ret6/Drivers/STM32F4xx_HAL_Driver/Inc" -I"/Users/chmnku/Developement/STM32_Project/stm32f401ret6_test/Src/Lib/mx_ret6/Middlewares/ST/STM32_USB_Device_Library/Class/CDC/Inc" -I"/Users/chmnku/Developement/STM32_Project/stm32f401ret6_test/Src/Lib/mx_ret6/Middlewares/ST/STM32_USB_Device_Library/Core/Inc" -I"/Users/chmnku/Developement/STM32_Project/stm32f401ret6_test/Src/Lib/mx_ret6/USB_DEVICE/App" -I"/Users/chmnku/Developement/STM32_Project/stm32f401ret6_test/Src/Lib/mx_ret6/USB_DEVICE/Target" -O0 -ffunction-sections -fdata-sections -Wall -fstack-usage -fcyclomatic-complexity -MMD -MP -MF"Src/Lib/mx_ret6/Drivers/STM32F4xx_HAL_Driver/Src/stm32f4xx_hal_gpio.d" -MT"Src/Lib/mx_ret6/Drivers/STM32F4xx_HAL_Driver/Src/stm32f4xx_hal_gpio.o" --specs=nano.specs -mfpu=fpv4-sp-d16 -mfloat-abi=hard -mthumb -o "Src/Lib/mx_ret6/Drivers/STM32F4xx_HAL_Driver/Src/stm32f4xx_hal_gpio.o"
arm-none-eabi-gcc "../Src/Lib/mx_ret6/Drivers/STM32F4xx_HAL_Driver/Src/stm32f4xx_hal_pcd.c" -mcpu=cortex-m4 -std=gnu11 -g3 -DSTM32F401xE -c -I"/Users/chmnku/Developement/STM32_Project/stm32f401ret6_test/Src" -I"/Users/chmnku/Developement/STM32_Project/stm32f401ret6_test/Src/App" -I"/Users/chmnku/Developement/STM32_Project/stm32f401ret6_test/Src/Bsp" -I"/Users/chmnku/Developement/STM32_Project/stm32f401ret6_test/Src/Common" -I"/Users/chmnku/Developement/STM32_Project/stm32f401ret6_test/Src/Hw" -I"/Users/chmnku/Developement/STM32_Project/stm32f401ret6_test/Src/Lib" -I"/Users/chmnku/Developement/STM32_Project/stm32f401ret6_test/Src/Lib/mx_ret6/Drivers/CMSIS/Device/ST/STM32F4xx/Include" -I"/Users/chmnku/Developement/STM32_Project/stm32f401ret6_test/Src/Lib/mx_ret6/Drivers/CMSIS/Include" -I"/Users/chmnku/Developement/STM32_Project/stm32f401ret6_test/Src/Lib/mx_ret6/Drivers/STM32F4xx_HAL_Driver/Inc" -I"/Users/chmnku/Developement/STM32_Project/stm32f401ret6_test/Src/Lib/mx_ret6/Middlewares/ST/STM32_USB_Device_Library/Class/CDC/Inc" -I"/Users/chmnku/Developement/STM32_Project/stm32f401ret6_test/Src/Lib/mx_ret6/Middlewares/ST/STM32_USB_Device_Library/Core/Inc" -I"/Users/chmnku/Developement/STM32_Project/stm32f401ret6_test/Src/Lib/mx_ret6/USB_DEVICE/App" -I"/Users/chmnku/Developement/STM32_Project/stm32f401ret6_test/Src/Lib/mx_ret6/USB_DEVICE/Target" -O0 -ffunction-sections -fdata-sections -Wall -fstack-usage -fcyclomatic-complexity -MMD -MP -MF"Src/Lib/mx_ret6/Drivers/STM32F4xx_HAL_Driver/Src/stm32f4xx_hal_pcd.d" -MT"Src/Lib/mx_ret6/Drivers/STM32F4xx_HAL_Driver/Src/stm32f4xx_hal_pcd.o" --specs=nano.specs -mfpu=fpv4-sp-d16 -mfloat-abi=hard -mthumb -o "Src/Lib/mx_ret6/Drivers/STM32F4xx_HAL_Driver/Src/stm32f4xx_hal_pcd.o"
arm-none-eabi-gcc "../Src/Lib/mx_ret6/Drivers/STM32F4xx_HAL_Driver/Src/stm32f4xx_hal_pcd_ex.c" -mcpu=cortex-m4 -std=gnu11 -g3 -DSTM32F401xE -c -I"/Users/chmnku/Developement/STM32_Project/stm32f401ret6_test/Src" -I"/Users/chmnku/Developement/STM32_Project/stm32f401ret6_test/Src/App" -I"/Users/chmnku/Developement/STM32_Project/stm32f401ret6_test/Src/Bsp" -I"/Users/chmnku/Developement/STM32_Project/stm32f401ret6_test/Src/Common" -I"/Users/chmnku/Developement/STM32_Project/stm32f401ret6_test/Src/Hw" -I"/Users/chmnku/Developement/STM32_Project/stm32f401ret6_test/Src/Lib" -I"/Users/chmnku/Developement/STM32_Project/stm32f401ret6_test/Src/Lib/mx_ret6/Drivers/CMSIS/Device/ST/STM32F4xx/Include" -I"/Users/chmnku/Developement/STM32_Project/stm32f401ret6_test/Src/Lib/mx_ret6/Drivers/CMSIS/Include" -I"/Users/chmnku/Developement/STM32_Project/stm32f401ret6_test/Src/Lib/mx_ret6/Drivers/STM32F4xx_HAL_Driver/Inc" -I"/Users/chmnku/Developement/STM32_Project/stm32f401ret6_test/Src/Lib/mx_ret6/Middlewares/ST/STM32_USB_Device_Library/Class/CDC/Inc" -I"/Users/chmnku/Developement/STM32_Project/stm32f401ret6_test/Src/Lib/mx_ret6/Middlewares/ST/STM32_USB_Device_Library/Core/Inc" -I"/Users/chmnku/Developement/STM32_Project/stm32f401ret6_test/Src/Lib/mx_ret6/USB_DEVICE/App" -I"/Users/chmnku/Developement/STM32_Project/stm32f401ret6_test/Src/Lib/mx_ret6/USB_DEVICE/Target" -O0 -ffunction-sections -fdata-sections -Wall -fstack-usage -fcyclomatic-complexity -MMD -MP -MF"Src/Lib/mx_ret6/Drivers/STM32F4xx_HAL_Driver/Src/stm32f4xx_hal_pcd_ex.d" -MT"Src/Lib/mx_ret6/Drivers/STM32F4xx_HAL_Driver/Src/stm32f4xx_hal_pcd_ex.o" --specs=nano.specs -mfpu=fpv4-sp-d16 -mfloat-abi=hard -mthumb -o "Src/Lib/mx_ret6/Drivers/STM32F4xx_HAL_Driver/Src/stm32f4xx_hal_pcd_ex.o"
arm-none-eabi-gcc "../Src/Lib/mx_ret6/Drivers/STM32F4xx_HAL_Driver/Src/stm32f4xx_hal_pwr.c" -mcpu=cortex-m4 -std=gnu11 -g3 -DSTM32F401xE -c -I"/Users/chmnku/Developement/STM32_Project/stm32f401ret6_test/Src" -I"/Users/chmnku/Developement/STM32_Project/stm32f401ret6_test/Src/App" -I"/Users/chmnku/Developement/STM32_Project/stm32f401ret6_test/Src/Bsp" -I"/Users/chmnku/Developement/STM32_Project/stm32f401ret6_test/Src/Common" -I"/Users/chmnku/Developement/STM32_Project/stm32f401ret6_test/Src/Hw" -I"/Users/chmnku/Developement/STM32_Project/stm32f401ret6_test/Src/Lib" -I"/Users/chmnku/Developement/STM32_Project/stm32f401ret6_test/Src/Lib/mx_ret6/Drivers/CMSIS/Device/ST/STM32F4xx/Include" -I"/Users/chmnku/Developement/STM32_Project/stm32f401ret6_test/Src/Lib/mx_ret6/Drivers/CMSIS/Include" -I"/Users/chmnku/Developement/STM32_Project/stm32f401ret6_test/Src/Lib/mx_ret6/Drivers/STM32F4xx_HAL_Driver/Inc" -I"/Users/chmnku/Developement/STM32_Project/stm32f401ret6_test/Src/Lib/mx_ret6/Middlewares/ST/STM32_USB_Device_Library/Class/CDC/Inc" -I"/Users/chmnku/Developement/STM32_Project/stm32f401ret6_test/Src/Lib/mx_ret6/Middlewares/ST/STM32_USB_Device_Library/Core/Inc" -I"/Users/chmnku/Developement/STM32_Project/stm32f401ret6_test/Src/Lib/mx_ret6/USB_DEVICE/App" -I"/Users/chmnku/Developement/STM32_Project/stm32f401ret6_test/Src/Lib/mx_ret6/USB_DEVICE/Target" -O0 -ffunction-sections -fdata-sections -Wall -fstack-usage -fcyclomatic-complexity -MMD -MP -MF"Src/Lib/mx_ret6/Drivers/STM32F4xx_HAL_Driver/Src/stm32f4xx_hal_pwr.d" -MT"Src/Lib/mx_ret6/Drivers/STM32F4xx_HAL_Driver/Src/stm32f4xx_hal_pwr.o" --specs=nano.specs -mfpu=fpv4-sp-d16 -mfloat-abi=hard -mthumb -o "Src/Lib/mx_ret6/Drivers/STM32F4xx_HAL_Driver/Src/stm32f4xx_hal_pwr.o"
arm-none-eabi-gcc "../Src/Lib/mx_ret6/Drivers/STM32F4xx_HAL_Driver/Src/stm32f4xx_hal_pwr_ex.c" -mcpu=cortex-m4 -std=gnu11 -g3 -DSTM32F401xE -c -I"/Users/chmnku/Developement/STM32_Project/stm32f401ret6_test/Src" -I"/Users/chmnku/Developement/STM32_Project/stm32f401ret6_test/Src/App" -I"/Users/chmnku/Developement/STM32_Project/stm32f401ret6_test/Src/Bsp" -I"/Users/chmnku/Developement/STM32_Project/stm32f401ret6_test/Src/Common" -I"/Users/chmnku/Developement/STM32_Project/stm32f401ret6_test/Src/Hw" -I"/Users/chmnku/Developement/STM32_Project/stm32f401ret6_test/Src/Lib" -I"/Users/chmnku/Developement/STM32_Project/stm32f401ret6_test/Src/Lib/mx_ret6/Drivers/CMSIS/Device/ST/STM32F4xx/Include" -I"/Users/chmnku/Developement/STM32_Project/stm32f401ret6_test/Src/Lib/mx_ret6/Drivers/CMSIS/Include" -I"/Users/chmnku/Developement/STM32_Project/stm32f401ret6_test/Src/Lib/mx_ret6/Drivers/STM32F4xx_HAL_Driver/Inc" -I"/Users/chmnku/Developement/STM32_Project/stm32f401ret6_test/Src/Lib/mx_ret6/Middlewares/ST/STM32_USB_Device_Library/Class/CDC/Inc" -I"/Users/chmnku/Developement/STM32_Project/stm32f401ret6_test/Src/Lib/mx_ret6/Middlewares/ST/STM32_USB_Device_Library/Core/Inc" -I"/Users/chmnku/Developement/STM32_Project/stm32f401ret6_test/Src/Lib/mx_ret6/USB_DEVICE/App" -I"/Users/chmnku/Developement/STM32_Project/stm32f401ret6_test/Src/Lib/mx_ret6/USB_DEVICE/Target" -O0 -ffunction-sections -fdata-sections -Wall -fstack-usage -fcyclomatic-complexity -MMD -MP -MF"Src/Lib/mx_ret6/Drivers/STM32F4xx_HAL_Driver/Src/stm32f4xx_hal_pwr_ex.d" -MT"Src/Lib/mx_ret6/Drivers/STM32F4xx_HAL_Driver/Src/stm32f4xx_hal_pwr_ex.o" --specs=nano.specs -mfpu=fpv4-sp-d16 -mfloat-abi=hard -mthumb -o "Src/Lib/mx_ret6/Drivers/STM32F4xx_HAL_Driver/Src/stm32f4xx_hal_pwr_ex.o"
arm-none-eabi-gcc "../Src/Lib/mx_ret6/Drivers/STM32F4xx_HAL_Driver/Src/stm32f4xx_hal_rcc.c" -mcpu=cortex-m4 -std=gnu11 -g3 -DSTM32F401xE -c -I"/Users/chmnku/Developement/STM32_Project/stm32f401ret6_test/Src" -I"/Users/chmnku/Developement/STM32_Project/stm32f401ret6_test/Src/App" -I"/Users/chmnku/Developement/STM32_Project/stm32f401ret6_test/Src/Bsp" -I"/Users/chmnku/Developement/STM32_Project/stm32f401ret6_test/Src/Common" -I"/Users/chmnku/Developement/STM32_Project/stm32f401ret6_test/Src/Hw" -I"/Users/chmnku/Developement/STM32_Project/stm32f401ret6_test/Src/Lib" -I"/Users/chmnku/Developement/STM32_Project/stm32f401ret6_test/Src/Lib/mx_ret6/Drivers/CMSIS/Device/ST/STM32F4xx/Include" -I"/Users/chmnku/Developement/STM32_Project/stm32f401ret6_test/Src/Lib/mx_ret6/Drivers/CMSIS/Include" -I"/Users/chmnku/Developement/STM32_Project/stm32f401ret6_test/Src/Lib/mx_ret6/Drivers/STM32F4xx_HAL_Driver/Inc" -I"/Users/chmnku/Developement/STM32_Project/stm32f401ret6_test/Src/Lib/mx_ret6/Middlewares/ST/STM32_USB_Device_Library/Class/CDC/Inc" -I"/Users/chmnku/Developement/STM32_Project/stm32f401ret6_test/Src/Lib/mx_ret6/Middlewares/ST/STM32_USB_Device_Library/Core/Inc" -I"/Users/chmnku/Developement/STM32_Project/stm32f401ret6_test/Src/Lib/mx_ret6/USB_DEVICE/App" -I"/Users/chmnku/Developement/STM32_Project/stm32f401ret6_test/Src/Lib/mx_ret6/USB_DEVICE/Target" -O0 -ffunction-sections -fdata-sections -Wall -fstack-usage -fcyclomatic-complexity -MMD -MP -MF"Src/Lib/mx_ret6/Drivers/STM32F4xx_HAL_Driver/Src/stm32f4xx_hal_rcc.d" -MT"Src/Lib/mx_ret6/Drivers/STM32F4xx_HAL_Driver/Src/stm32f4xx_hal_rcc.o" --specs=nano.specs -mfpu=fpv4-sp-d16 -mfloat-abi=hard -mthumb -o "Src/Lib/mx_ret6/Drivers/STM32F4xx_HAL_Driver/Src/stm32f4xx_hal_rcc.o"
arm-none-eabi-gcc "../Src/Lib/mx_ret6/Drivers/STM32F4xx_HAL_Driver/Src/stm32f4xx_hal_rcc_ex.c" -mcpu=cortex-m4 -std=gnu11 -g3 -DSTM32F401xE -c -I"/Users/chmnku/Developement/STM32_Project/stm32f401ret6_test/Src" -I"/Users/chmnku/Developement/STM32_Project/stm32f401ret6_test/Src/App" -I"/Users/chmnku/Developement/STM32_Project/stm32f401ret6_test/Src/Bsp" -I"/Users/chmnku/Developement/STM32_Project/stm32f401ret6_test/Src/Common" -I"/Users/chmnku/Developement/STM32_Project/stm32f401ret6_test/Src/Hw" -I"/Users/chmnku/Developement/STM32_Project/stm32f401ret6_test/Src/Lib" -I"/Users/chmnku/Developement/STM32_Project/stm32f401ret6_test/Src/Lib/mx_ret6/Drivers/CMSIS/Device/ST/STM32F4xx/Include" -I"/Users/chmnku/Developement/STM32_Project/stm32f401ret6_test/Src/Lib/mx_ret6/Drivers/CMSIS/Include" -I"/Users/chmnku/Developement/STM32_Project/stm32f401ret6_test/Src/Lib/mx_ret6/Drivers/STM32F4xx_HAL_Driver/Inc" -I"/Users/chmnku/Developement/STM32_Project/stm32f401ret6_test/Src/Lib/mx_ret6/Middlewares/ST/STM32_USB_Device_Library/Class/CDC/Inc" -I"/Users/chmnku/Developement/STM32_Project/stm32f401ret6_test/Src/Lib/mx_ret6/Middlewares/ST/STM32_USB_Device_Library/Core/Inc" -I"/Users/chmnku/Developement/STM32_Project/stm32f401ret6_test/Src/Lib/mx_ret6/USB_DEVICE/App" -I"/Users/chmnku/Developement/STM32_Project/stm32f401ret6_test/Src/Lib/mx_ret6/USB_DEVICE/Target" -O0 -ffunction-sections -fdata-sections -Wall -fstack-usage -fcyclomatic-complexity -MMD -MP -MF"Src/Lib/mx_ret6/Drivers/STM32F4xx_HAL_Driver/Src/stm32f4xx_hal_rcc_ex.d" -MT"Src/Lib/mx_ret6/Drivers/STM32F4xx_HAL_Driver/Src/stm32f4xx_hal_rcc_ex.o" --specs=nano.specs -mfpu=fpv4-sp-d16 -mfloat-abi=hard -mthumb -o "Src/Lib/mx_ret6/Drivers/STM32F4xx_HAL_Driver/Src/stm32f4xx_hal_rcc_ex.o"
arm-none-eabi-gcc "../Src/Lib/mx_ret6/Drivers/STM32F4xx_HAL_Driver/Src/stm32f4xx_hal_tim.c" -mcpu=cortex-m4 -std=gnu11 -g3 -DSTM32F401xE -c -I"/Users/chmnku/Developement/STM32_Project/stm32f401ret6_test/Src" -I"/Users/chmnku/Developement/STM32_Project/stm32f401ret6_test/Src/App" -I"/Users/chmnku/Developement/STM32_Project/stm32f401ret6_test/Src/Bsp" -I"/Users/chmnku/Developement/STM32_Project/stm32f401ret6_test/Src/Common" -I"/Users/chmnku/Developement/STM32_Project/stm32f401ret6_test/Src/Hw" -I"/Users/chmnku/Developement/STM32_Project/stm32f401ret6_test/Src/Lib" -I"/Users/chmnku/Developement/STM32_Project/stm32f401ret6_test/Src/Lib/mx_ret6/Drivers/CMSIS/Device/ST/STM32F4xx/Include" -I"/Users/chmnku/Developement/STM32_Project/stm32f401ret6_test/Src/Lib/mx_ret6/Drivers/CMSIS/Include" -I"/Users/chmnku/Developement/STM32_Project/stm32f401ret6_test/Src/Lib/mx_ret6/Drivers/STM32F4xx_HAL_Driver/Inc" -I"/Users/chmnku/Developement/STM32_Project/stm32f401ret6_test/Src/Lib/mx_ret6/Middlewares/ST/STM32_USB_Device_Library/Class/CDC/Inc" -I"/Users/chmnku/Developement/STM32_Project/stm32f401ret6_test/Src/Lib/mx_ret6/Middlewares/ST/STM32_USB_Device_Library/Core/Inc" -I"/Users/chmnku/Developement/STM32_Project/stm32f401ret6_test/Src/Lib/mx_ret6/USB_DEVICE/App" -I"/Users/chmnku/Developement/STM32_Project/stm32f401ret6_test/Src/Lib/mx_ret6/USB_DEVICE/Target" -O0 -ffunction-sections -fdata-sections -Wall -fstack-usage -fcyclomatic-complexity -MMD -MP -MF"Src/Lib/mx_ret6/Drivers/STM32F4xx_HAL_Driver/Src/stm32f4xx_hal_tim.d" -MT"Src/Lib/mx_ret6/Drivers/STM32F4xx_HAL_Driver/Src/stm32f4xx_hal_tim.o" --specs=nano.specs -mfpu=fpv4-sp-d16 -mfloat-abi=hard -mthumb -o "Src/Lib/mx_ret6/Drivers/STM32F4xx_HAL_Driver/Src/stm32f4xx_hal_tim.o"
arm-none-eabi-gcc "../Src/Lib/mx_ret6/Drivers/STM32F4xx_HAL_Driver/Src/stm32f4xx_hal_tim_ex.c" -mcpu=cortex-m4 -std=gnu11 -g3 -DSTM32F401xE -c -I"/Users/chmnku/Developement/STM32_Project/stm32f401ret6_test/Src" -I"/Users/chmnku/Developement/STM32_Project/stm32f401ret6_test/Src/App" -I"/Users/chmnku/Developement/STM32_Project/stm32f401ret6_test/Src/Bsp" -I"/Users/chmnku/Developement/STM32_Project/stm32f401ret6_test/Src/Common" -I"/Users/chmnku/Developement/STM32_Project/stm32f401ret6_test/Src/Hw" -I"/Users/chmnku/Developement/STM32_Project/stm32f401ret6_test/Src/Lib" -I"/Users/chmnku/Developement/STM32_Project/stm32f401ret6_test/Src/Lib/mx_ret6/Drivers/CMSIS/Device/ST/STM32F4xx/Include" -I"/Users/chmnku/Developement/STM32_Project/stm32f401ret6_test/Src/Lib/mx_ret6/Drivers/CMSIS/Include" -I"/Users/chmnku/Developement/STM32_Project/stm32f401ret6_test/Src/Lib/mx_ret6/Drivers/STM32F4xx_HAL_Driver/Inc" -I"/Users/chmnku/Developement/STM32_Project/stm32f401ret6_test/Src/Lib/mx_ret6/Middlewares/ST/STM32_USB_Device_Library/Class/CDC/Inc" -I"/Users/chmnku/Developement/STM32_Project/stm32f401ret6_test/Src/Lib/mx_ret6/Middlewares/ST/STM32_USB_Device_Library/Core/Inc" -I"/Users/chmnku/Developement/STM32_Project/stm32f401ret6_test/Src/Lib/mx_ret6/USB_DEVICE/App" -I"/Users/chmnku/Developement/STM32_Project/stm32f401ret6_test/Src/Lib/mx_ret6/USB_DEVICE/Target" -O0 -ffunction-sections -fdata-sections -Wall -fstack-usage -fcyclomatic-complexity -MMD -MP -MF"Src/Lib/mx_ret6/Drivers/STM32F4xx_HAL_Driver/Src/stm32f4xx_hal_tim_ex.d" -MT"Src/Lib/mx_ret6/Drivers/STM32F4xx_HAL_Driver/Src/stm32f4xx_hal_tim_ex.o" --specs=nano.specs -mfpu=fpv4-sp-d16 -mfloat-abi=hard -mthumb -o "Src/Lib/mx_ret6/Drivers/STM32F4xx_HAL_Driver/Src/stm32f4xx_hal_tim_ex.o"
arm-none-eabi-gcc "../Src/Lib/mx_ret6/Drivers/STM32F4xx_HAL_Driver/Src/stm32f4xx_ll_usb.c" -mcpu=cortex-m4 -std=gnu11 -g3 -DSTM32F401xE -c -I"/Users/chmnku/Developement/STM32_Project/stm32f401ret6_test/Src" -I"/Users/chmnku/Developement/STM32_Project/stm32f401ret6_test/Src/App" -I"/Users/chmnku/Developement/STM32_Project/stm32f401ret6_test/Src/Bsp" -I"/Users/chmnku/Developement/STM32_Project/stm32f401ret6_test/Src/Common" -I"/Users/chmnku/Developement/STM32_Project/stm32f401ret6_test/Src/Hw" -I"/Users/chmnku/Developement/STM32_Project/stm32f401ret6_test/Src/Lib" -I"/Users/chmnku/Developement/STM32_Project/stm32f401ret6_test/Src/Lib/mx_ret6/Drivers/CMSIS/Device/ST/STM32F4xx/Include" -I"/Users/chmnku/Developement/STM32_Project/stm32f401ret6_test/Src/Lib/mx_ret6/Drivers/CMSIS/Include" -I"/Users/chmnku/Developement/STM32_Project/stm32f401ret6_test/Src/Lib/mx_ret6/Drivers/STM32F4xx_HAL_Driver/Inc" -I"/Users/chmnku/Developement/STM32_Project/stm32f401ret6_test/Src/Lib/mx_ret6/Middlewares/ST/STM32_USB_Device_Library/Class/CDC/Inc" -I"/Users/chmnku/Developement/STM32_Project/stm32f401ret6_test/Src/Lib/mx_ret6/Middlewares/ST/STM32_USB_Device_Library/Core/Inc" -I"/Users/chmnku/Developement/STM32_Project/stm32f401ret6_test/Src/Lib/mx_ret6/USB_DEVICE/App" -I"/Users/chmnku/Developement/STM32_Project/stm32f401ret6_test/Src/Lib/mx_ret6/USB_DEVICE/Target" -O0 -ffunction-sections -fdata-sections -Wall -fstack-usage -fcyclomatic-complexity -MMD -MP -MF"Src/Lib/mx_ret6/Drivers/STM32F4xx_HAL_Driver/Src/stm32f4xx_ll_usb.d" -MT"Src/Lib/mx_ret6/Drivers/STM32F4xx_HAL_Driver/Src/stm32f4xx_ll_usb.o" --specs=nano.specs -mfpu=fpv4-sp-d16 -mfloat-abi=hard -mthumb -o "Src/Lib/mx_ret6/Drivers/STM32F4xx_HAL_Driver/Src/stm32f4xx_ll_usb.o"
arm-none-eabi-gcc "../Src/Hw/hw.c" -mcpu=cortex-m4 -std=gnu11 -g3 -DSTM32F401xE -c -I"/Users/chmnku/Developement/STM32_Project/stm32f401ret6_test/Src" -I"/Users/chmnku/Developement/STM32_Project/stm32f401ret6_test/Src/App" -I"/Users/chmnku/Developement/STM32_Project/stm32f401ret6_test/Src/Bsp" -I"/Users/chmnku/Developement/STM32_Project/stm32f401ret6_test/Src/Common" -I"/Users/chmnku/Developement/STM32_Project/stm32f401ret6_test/Src/Hw" -I"/Users/chmnku/Developement/STM32_Project/stm32f401ret6_test/Src/Lib" -I"/Users/chmnku/Developement/STM32_Project/stm32f401ret6_test/Src/Lib/mx_ret6/Drivers/CMSIS/Device/ST/STM32F4xx/Include" -I"/Users/chmnku/Developement/STM32_Project/stm32f401ret6_test/Src/Lib/mx_ret6/Drivers/CMSIS/Include" -I"/Users/chmnku/Developement/STM32_Project/stm32f401ret6_test/Src/Lib/mx_ret6/Drivers/STM32F4xx_HAL_Driver/Inc" -I"/Users/chmnku/Developement/STM32_Project/stm32f401ret6_test/Src/Lib/mx_ret6/Middlewares/ST/STM32_USB_Device_Library/Class/CDC/Inc" -I"/Users/chmnku/Developement/STM32_Project/stm32f401ret6_test/Src/Lib/mx_ret6/Middlewares/ST/STM32_USB_Device_Library/Core/Inc" -I"/Users/chmnku/Developement/STM32_Project/stm32f401ret6_test/Src/Lib/mx_ret6/USB_DEVICE/App" -I"/Users/chmnku/Developement/STM32_Project/stm32f401ret6_test/Src/Lib/mx_ret6/USB_DEVICE/Target" -O0 -ffunction-sections -fdata-sections -Wall -fstack-usage -fcyclomatic-complexity -MMD -MP -MF"Src/Hw/hw.d" -MT"Src/Hw/hw.o" --specs=nano.specs -mfpu=fpv4-sp-d16 -mfloat-abi=hard -mthumb -o "Src/Hw/hw.o"
arm-none-eabi-gcc -mcpu=cortex-m4 -g3 -DDEBUG -c -x assembler-with-cpp -MMD -MP -MF"Src/Bsp/startup/startup_stm32f401retx.d" -MT"Src/Bsp/startup/startup_stm32f401retx.o" --specs=nano.specs -mfpu=fpv4-sp-d16 -mfloat-abi=hard -mthumb -o "Src/Bsp/startup/startup_stm32f401retx.o" "../Src/Bsp/startup/startup_stm32f401retx.s"
arm-none-eabi-gcc "../Src/Bsp/bsp.c" -mcpu=cortex-m4 -std=gnu11 -g3 -DSTM32F401xE -c -I"/Users/chmnku/Developement/STM32_Project/stm32f401ret6_test/Src" -I"/Users/chmnku/Developement/STM32_Project/stm32f401ret6_test/Src/App" -I"/Users/chmnku/Developement/STM32_Project/stm32f401ret6_test/Src/Bsp" -I"/Users/chmnku/Developement/STM32_Project/stm32f401ret6_test/Src/Common" -I"/Users/chmnku/Developement/STM32_Project/stm32f401ret6_test/Src/Hw" -I"/Users/chmnku/Developement/STM32_Project/stm32f401ret6_test/Src/Lib" -I"/Users/chmnku/Developement/STM32_Project/stm32f401ret6_test/Src/Lib/mx_ret6/Drivers/CMSIS/Device/ST/STM32F4xx/Include" -I"/Users/chmnku/Developement/STM32_Project/stm32f401ret6_test/Src/Lib/mx_ret6/Drivers/CMSIS/Include" -I"/Users/chmnku/Developement/STM32_Project/stm32f401ret6_test/Src/Lib/mx_ret6/Drivers/STM32F4xx_HAL_Driver/Inc" -I"/Users/chmnku/Developement/STM32_Project/stm32f401ret6_test/Src/Lib/mx_ret6/Middlewares/ST/STM32_USB_Device_Library/Class/CDC/Inc" -I"/Users/chmnku/Developement/STM32_Project/stm32f401ret6_test/Src/Lib/mx_ret6/Middlewares/ST/STM32_USB_Device_Library/Core/Inc" -I"/Users/chmnku/Developement/STM32_Project/stm32f401ret6_test/Src/Lib/mx_ret6/USB_DEVICE/App" -I"/Users/chmnku/Developement/STM32_Project/stm32f401ret6_test/Src/Lib/mx_ret6/USB_DEVICE/Target" -O0 -ffunction-sections -fdata-sections -Wall -fstack-usage -fcyclomatic-complexity -MMD -MP -MF"Src/Bsp/bsp.d" -MT"Src/Bsp/bsp.o" --specs=nano.specs -mfpu=fpv4-sp-d16 -mfloat-abi=hard -mthumb -o "Src/Bsp/bsp.o"
arm-none-eabi-gcc "../Src/Bsp/stm32f4xx_hal_msp.c" -mcpu=cortex-m4 -std=gnu11 -g3 -DSTM32F401xE -c -I"/Users/chmnku/Developement/STM32_Project/stm32f401ret6_test/Src" -I"/Users/chmnku/Developement/STM32_Project/stm32f401ret6_test/Src/App" -I"/Users/chmnku/Developement/STM32_Project/stm32f401ret6_test/Src/Bsp" -I"/Users/chmnku/Developement/STM32_Project/stm32f401ret6_test/Src/Common" -I"/Users/chmnku/Developement/STM32_Project/stm32f401ret6_test/Src/Hw" -I"/Users/chmnku/Developement/STM32_Project/stm32f401ret6_test/Src/Lib" -I"/Users/chmnku/Developement/STM32_Project/stm32f401ret6_test/Src/Lib/mx_ret6/Drivers/CMSIS/Device/ST/STM32F4xx/Include" -I"/Users/chmnku/Developement/STM32_Project/stm32f401ret6_test/Src/Lib/mx_ret6/Drivers/CMSIS/Include" -I"/Users/chmnku/Developement/STM32_Project/stm32f401ret6_test/Src/Lib/mx_ret6/Drivers/STM32F4xx_HAL_Driver/Inc" -I"/Users/chmnku/Developement/STM32_Project/stm32f401ret6_test/Src/Lib/mx_ret6/Middlewares/ST/STM32_USB_Device_Library/Class/CDC/Inc" -I"/Users/chmnku/Developement/STM32_Project/stm32f401ret6_test/Src/Lib/mx_ret6/Middlewares/ST/STM32_USB_Device_Library/Core/Inc" -I"/Users/chmnku/Developement/STM32_Project/stm32f401ret6_test/Src/Lib/mx_ret6/USB_DEVICE/App" -I"/Users/chmnku/Developement/STM32_Project/stm32f401ret6_test/Src/Lib/mx_ret6/USB_DEVICE/Target" -O0 -ffunction-sections -fdata-sections -Wall -fstack-usage -fcyclomatic-complexity -MMD -MP -MF"Src/Bsp/stm32f4xx_hal_msp.d" -MT"Src/Bsp/stm32f4xx_hal_msp.o" --specs=nano.specs -mfpu=fpv4-sp-d16 -mfloat-abi=hard -mthumb -o "Src/Bsp/stm32f4xx_hal_msp.o"
arm-none-eabi-gcc "../Src/Bsp/stm32f4xx_it.c" -mcpu=cortex-m4 -std=gnu11 -g3 -DSTM32F401xE -c -I"/Users/chmnku/Developement/STM32_Project/stm32f401ret6_test/Src" -I"/Users/chmnku/Developement/STM32_Project/stm32f401ret6_test/Src/App" -I"/Users/chmnku/Developement/STM32_Project/stm32f401ret6_test/Src/Bsp" -I"/Users/chmnku/Developement/STM32_Project/stm32f401ret6_test/Src/Common" -I"/Users/chmnku/Developement/STM32_Project/stm32f401ret6_test/Src/Hw" -I"/Users/chmnku/Developement/STM32_Project/stm32f401ret6_test/Src/Lib" -I"/Users/chmnku/Developement/STM32_Project/stm32f401ret6_test/Src/Lib/mx_ret6/Drivers/CMSIS/Device/ST/STM32F4xx/Include" -I"/Users/chmnku/Developement/STM32_Project/stm32f401ret6_test/Src/Lib/mx_ret6/Drivers/CMSIS/Include" -I"/Users/chmnku/Developement/STM32_Project/stm32f401ret6_test/Src/Lib/mx_ret6/Drivers/STM32F4xx_HAL_Driver/Inc" -I"/Users/chmnku/Developement/STM32_Project/stm32f401ret6_test/Src/Lib/mx_ret6/Middlewares/ST/STM32_USB_Device_Library/Class/CDC/Inc" -I"/Users/chmnku/Developement/STM32_Project/stm32f401ret6_test/Src/Lib/mx_ret6/Middlewares/ST/STM32_USB_Device_Library/Core/Inc" -I"/Users/chmnku/Developement/STM32_Project/stm32f401ret6_test/Src/Lib/mx_ret6/USB_DEVICE/App" -I"/Users/chmnku/Developement/STM32_Project/stm32f401ret6_test/Src/Lib/mx_ret6/USB_DEVICE/Target" -O0 -ffunction-sections -fdata-sections -Wall -fstack-usage -fcyclomatic-complexity -MMD -MP -MF"Src/Bsp/stm32f4xx_it.d" -MT"Src/Bsp/stm32f4xx_it.o" --specs=nano.specs -mfpu=fpv4-sp-d16 -mfloat-abi=hard -mthumb -o "Src/Bsp/stm32f4xx_it.o"
arm-none-eabi-gcc "../Src/Bsp/syscalls.c" -mcpu=cortex-m4 -std=gnu11 -g3 -DSTM32F401xE -c -I"/Users/chmnku/Developement/STM32_Project/stm32f401ret6_test/Src" -I"/Users/chmnku/Developement/STM32_Project/stm32f401ret6_test/Src/App" -I"/Users/chmnku/Developement/STM32_Project/stm32f401ret6_test/Src/Bsp" -I"/Users/chmnku/Developement/STM32_Project/stm32f401ret6_test/Src/Common" -I"/Users/chmnku/Developement/STM32_Project/stm32f401ret6_test/Src/Hw" -I"/Users/chmnku/Developement/STM32_Project/stm32f401ret6_test/Src/Lib" -I"/Users/chmnku/Developement/STM32_Project/stm32f401ret6_test/Src/Lib/mx_ret6/Drivers/CMSIS/Device/ST/STM32F4xx/Include" -I"/Users/chmnku/Developement/STM32_Project/stm32f401ret6_test/Src/Lib/mx_ret6/Drivers/CMSIS/Include" -I"/Users/chmnku/Developement/STM32_Project/stm32f401ret6_test/Src/Lib/mx_ret6/Drivers/STM32F4xx_HAL_Driver/Inc" -I"/Users/chmnku/Developement/STM32_Project/stm32f401ret6_test/Src/Lib/mx_ret6/Middlewares/ST/STM32_USB_Device_Library/Class/CDC/Inc" -I"/Users/chmnku/Developement/STM32_Project/stm32f401ret6_test/Src/Lib/mx_ret6/Middlewares/ST/STM32_USB_Device_Library/Core/Inc" -I"/Users/chmnku/Developement/STM32_Project/stm32f401ret6_test/Src/Lib/mx_ret6/USB_DEVICE/App" -I"/Users/chmnku/Developement/STM32_Project/stm32f401ret6_test/Src/Lib/mx_ret6/USB_DEVICE/Target" -O0 -ffunction-sections -fdata-sections -Wall -fstack-usage -fcyclomatic-complexity -MMD -MP -MF"Src/Bsp/syscalls.d" -MT"Src/Bsp/syscalls.o" --specs=nano.specs -mfpu=fpv4-sp-d16 -mfloat-abi=hard -mthumb -o "Src/Bsp/syscalls.o"
arm-none-eabi-gcc "../Src/Bsp/sysmem.c" -mcpu=cortex-m4 -std=gnu11 -g3 -DSTM32F401xE -c -I"/Users/chmnku/Developement/STM32_Project/stm32f401ret6_test/Src" -I"/Users/chmnku/Developement/STM32_Project/stm32f401ret6_test/Src/App" -I"/Users/chmnku/Developement/STM32_Project/stm32f401ret6_test/Src/Bsp" -I"/Users/chmnku/Developement/STM32_Project/stm32f401ret6_test/Src/Common" -I"/Users/chmnku/Developement/STM32_Project/stm32f401ret6_test/Src/Hw" -I"/Users/chmnku/Developement/STM32_Project/stm32f401ret6_test/Src/Lib" -I"/Users/chmnku/Developement/STM32_Project/stm32f401ret6_test/Src/Lib/mx_ret6/Drivers/CMSIS/Device/ST/STM32F4xx/Include" -I"/Users/chmnku/Developement/STM32_Project/stm32f401ret6_test/Src/Lib/mx_ret6/Drivers/CMSIS/Include" -I"/Users/chmnku/Developement/STM32_Project/stm32f401ret6_test/Src/Lib/mx_ret6/Drivers/STM32F4xx_HAL_Driver/Inc" -I"/Users/chmnku/Developement/STM32_Project/stm32f401ret6_test/Src/Lib/mx_ret6/Middlewares/ST/STM32_USB_Device_Library/Class/CDC/Inc" -I"/Users/chmnku/Developement/STM32_Project/stm32f401ret6_test/Src/Lib/mx_ret6/Middlewares/ST/STM32_USB_Device_Library/Core/Inc" -I"/Users/chmnku/Developement/STM32_Project/stm32f401ret6_test/Src/Lib/mx_ret6/USB_DEVICE/App" -I"/Users/chmnku/Developement/STM32_Project/stm32f401ret6_test/Src/Lib/mx_ret6/USB_DEVICE/Target" -O0 -ffunction-sections -fdata-sections -Wall -fstack-usage -fcyclomatic-complexity -MMD -MP -MF"Src/Bsp/sysmem.d" -MT"Src/Bsp/sysmem.o" --specs=nano.specs -mfpu=fpv4-sp-d16 -mfloat-abi=hard -mthumb -o "Src/Bsp/sysmem.o"
arm-none-eabi-gcc "../Src/Bsp/system_stm32f4xx.c" -mcpu=cortex-m4 -std=gnu11 -g3 -DSTM32F401xE -c -I"/Users/chmnku/Developement/STM32_Project/stm32f401ret6_test/Src" -I"/Users/chmnku/Developement/STM32_Project/stm32f401ret6_test/Src/App" -I"/Users/chmnku/Developement/STM32_Project/stm32f401ret6_test/Src/Bsp" -I"/Users/chmnku/Developement/STM32_Project/stm32f401ret6_test/Src/Common" -I"/Users/chmnku/Developement/STM32_Project/stm32f401ret6_test/Src/Hw" -I"/Users/chmnku/Developement/STM32_Project/stm32f401ret6_test/Src/Lib" -I"/Users/chmnku/Developement/STM32_Project/stm32f401ret6_test/Src/Lib/mx_ret6/Drivers/CMSIS/Device/ST/STM32F4xx/Include" -I"/Users/chmnku/Developement/STM32_Project/stm32f401ret6_test/Src/Lib/mx_ret6/Drivers/CMSIS/Include" -I"/Users/chmnku/Developement/STM32_Project/stm32f401ret6_test/Src/Lib/mx_ret6/Drivers/STM32F4xx_HAL_Driver/Inc" -I"/Users/chmnku/Developement/STM32_Project/stm32f401ret6_test/Src/Lib/mx_ret6/Middlewares/ST/STM32_USB_Device_Library/Class/CDC/Inc" -I"/Users/chmnku/Developement/STM32_Project/stm32f401ret6_test/Src/Lib/mx_ret6/Middlewares/ST/STM32_USB_Device_Library/Core/Inc" -I"/Users/chmnku/Developement/STM32_Project/stm32f401ret6_test/Src/Lib/mx_ret6/USB_DEVICE/App" -I"/Users/chmnku/Developement/STM32_Project/stm32f401ret6_test/Src/Lib/mx_ret6/USB_DEVICE/Target" -O0 -ffunction-sections -fdata-sections -Wall -fstack-usage -fcyclomatic-complexity -MMD -MP -MF"Src/Bsp/system_stm32f4xx.d" -MT"Src/Bsp/system_stm32f4xx.o" --specs=nano.specs -mfpu=fpv4-sp-d16 -mfloat-abi=hard -mthumb -o "Src/Bsp/system_stm32f4xx.o"
arm-none-eabi-gcc "../Src/App/ap.c" -mcpu=cortex-m4 -std=gnu11 -g3 -DSTM32F401xE -c -I"/Users/chmnku/Developement/STM32_Project/stm32f401ret6_test/Src" -I"/Users/chmnku/Developement/STM32_Project/stm32f401ret6_test/Src/App" -I"/Users/chmnku/Developement/STM32_Project/stm32f401ret6_test/Src/Bsp" -I"/Users/chmnku/Developement/STM32_Project/stm32f401ret6_test/Src/Common" -I"/Users/chmnku/Developement/STM32_Project/stm32f401ret6_test/Src/Hw" -I"/Users/chmnku/Developement/STM32_Project/stm32f401ret6_test/Src/Lib" -I"/Users/chmnku/Developement/STM32_Project/stm32f401ret6_test/Src/Lib/mx_ret6/Drivers/CMSIS/Device/ST/STM32F4xx/Include" -I"/Users/chmnku/Developement/STM32_Project/stm32f401ret6_test/Src/Lib/mx_ret6/Drivers/CMSIS/Include" -I"/Users/chmnku/Developement/STM32_Project/stm32f401ret6_test/Src/Lib/mx_ret6/Drivers/STM32F4xx_HAL_Driver/Inc" -I"/Users/chmnku/Developement/STM32_Project/stm32f401ret6_test/Src/Lib/mx_ret6/Middlewares/ST/STM32_USB_Device_Library/Class/CDC/Inc" -I"/Users/chmnku/Developement/STM32_Project/stm32f401ret6_test/Src/Lib/mx_ret6/Middlewares/ST/STM32_USB_Device_Library/Core/Inc" -I"/Users/chmnku/Developement/STM32_Project/stm32f401ret6_test/Src/Lib/mx_ret6/USB_DEVICE/App" -I"/Users/chmnku/Developement/STM32_Project/stm32f401ret6_test/Src/Lib/mx_ret6/USB_DEVICE/Target" -O0 -ffunction-sections -fdata-sections -Wall -fstack-usage -fcyclomatic-complexity -MMD -MP -MF"Src/App/ap.d" -MT"Src/App/ap.o" --specs=nano.specs -mfpu=fpv4-sp-d16 -mfloat-abi=hard -mthumb -o "Src/App/ap.o"
arm-none-eabi-gcc "../Src/main.c" -mcpu=cortex-m4 -std=gnu11 -g3 -DSTM32F401xE -c -I"/Users/chmnku/Developement/STM32_Project/stm32f401ret6_test/Src" -I"/Users/chmnku/Developement/STM32_Project/stm32f401ret6_test/Src/App" -I"/Users/chmnku/Developement/STM32_Project/stm32f401ret6_test/Src/Bsp" -I"/Users/chmnku/Developement/STM32_Project/stm32f401ret6_test/Src/Common" -I"/Users/chmnku/Developement/STM32_Project/stm32f401ret6_test/Src/Hw" -I"/Users/chmnku/Developement/STM32_Project/stm32f401ret6_test/Src/Lib" -I"/Users/chmnku/Developement/STM32_Project/stm32f401ret6_test/Src/Lib/mx_ret6/Drivers/CMSIS/Device/ST/STM32F4xx/Include" -I"/Users/chmnku/Developement/STM32_Project/stm32f401ret6_test/Src/Lib/mx_ret6/Drivers/CMSIS/Include" -I"/Users/chmnku/Developement/STM32_Project/stm32f401ret6_test/Src/Lib/mx_ret6/Drivers/STM32F4xx_HAL_Driver/Inc" -I"/Users/chmnku/Developement/STM32_Project/stm32f401ret6_test/Src/Lib/mx_ret6/Middlewares/ST/STM32_USB_Device_Library/Class/CDC/Inc" -I"/Users/chmnku/Developement/STM32_Project/stm32f401ret6_test/Src/Lib/mx_ret6/Middlewares/ST/STM32_USB_Device_Library/Core/Inc" -I"/Users/chmnku/Developement/STM32_Project/stm32f401ret6_test/Src/Lib/mx_ret6/USB_DEVICE/App" -I"/Users/chmnku/Developement/STM32_Project/stm32f401ret6_test/Src/Lib/mx_ret6/USB_DEVICE/Target" -O0 -ffunction-sections -fdata-sections -Wall -fstack-usage -fcyclomatic-complexity -MMD -MP -MF"Src/main.d" -MT"Src/main.o" --specs=nano.specs -mfpu=fpv4-sp-d16 -mfloat-abi=hard -mthumb -o "Src/main.o"
arm-none-eabi-gcc -o "unit_test.elf" @"objects.list"   -mcpu=cortex-m4 -T"/Users/chmnku/Developement/STM32_Project/stm32f401ret6_test/Src/Bsp/ldscript/STM32F401RETX_FLASH.ld" --specs=nosys.specs -Wl,-Map="unit_test.map" -Wl,--gc-sections -static --specs=nano.specs -mfpu=fpv4-sp-d16 -mfloat-abi=hard -mthumb -Wl,--start-group -lc -lm -Wl,--end-group
Finished building target: unit_test.elf
 
arm-none-eabi-size  unit_test.elf 
arm-none-eabi-objdump -h -S unit_test.elf  > "unit_test.list"
   text	   data	    bss	    dec	    hex	filename
  27844	    260	   5636	  33740	   83cc	unit_test.elf
Finished building: default.size.stdout
 
Finished building: unit_test.list
 
10:08:01 **** Incremental Build of configuration Debug for project unit_test ****
make -j10 all 
arm-none-eabi-size  unit_test.elf 
   text	   data	    bss	    dec	    hex	filename
  27844	    260	   5636	  33740	   83cc	unit_test.elf
Finished building: default.size.stdout
 
10:12:27 **** Incremental Build of configuration Debug for project unit_test ****
make -j10 all 
arm-none-eabi-size  unit_test.elf 
   text	   data	    bss	    dec	    hex	filename
  27844	    260	   5636	  33740	   83cc	unit_test.elf
Finished building: default.size.stdout
 
