../Src/Lib/mx_ccu6/USB_DEVICE/App/usbd_cdc_if.c:31:10:cdcAvailable	16	static
../Src/Lib/mx_ccu6/USB_DEVICE/App/usbd_cdc_if.c:40:9:cdcRead	16	static
../Src/Lib/mx_ccu6/USB_DEVICE/App/usbd_cdc_if.c:54:6:cdcDataIn	24	static
../Src/Lib/mx_ccu6/USB_DEVICE/App/usbd_cdc_if.c:68:10:cdcWrite	24	static
../Src/Lib/mx_ccu6/USB_DEVICE/App/usbd_cdc_if.c:223:15:CDC_Init_FS	8	static
../Src/Lib/mx_ccu6/USB_DEVICE/App/usbd_cdc_if.c:237:15:CDC_DeInit_FS	4	static
../Src/Lib/mx_ccu6/USB_DEVICE/App/usbd_cdc_if.c:251:15:CDC_Control_FS	16	static
../Src/Lib/mx_ccu6/USB_DEVICE/App/usbd_cdc_if.c:332:15:CDC_Receive_FS	24	static
../Src/Lib/mx_ccu6/USB_DEVICE/App/usbd_cdc_if.c:358:9:CDC_Transmit_FS	24	static
../Src/Lib/mx_ccu6/USB_DEVICE/App/usbd_cdc_if.c:384:15:CDC_TransmitCplt_FS	32	static
